Component: ARM Compiler 5.05 update 2 (build 169) Tool: armlink [4d0f33]

==============================================================================

Section Cross References

    main.o(i.blink) refers to main.o(i.color) for color
    main.o(i.blink) refers to nrf_delay.o(i.nrf_delay_ms) for nrf_delay_ms
    main.o(i.clock_setup) refers to main.o(i.color) for color
    main.o(i.clock_setup) refers to main.o(i.blink) for blink
    main.o(i.color) refers to app_pwm.o(i.app_pwm_channel_duty_set) for app_pwm_channel_duty_set
    main.o(i.color) refers to main.o(.constdata) for .constdata
    main.o(i.led_init) refers to memcpya.o(.text) for __aeabi_memcpy4
    main.o(i.led_init) refers to app_pwm.o(i.app_pwm_init) for app_pwm_init
    main.o(i.led_init) refers to app_pwm.o(i.app_pwm_enable) for app_pwm_enable
    main.o(i.led_init) refers to main.o(.constdata) for .constdata
    main.o(i.led_init) refers to main.o(i.pwm_ready_callback) for pwm_ready_callback
    main.o(i.main) refers to main.o(i.led_init) for led_init
    main.o(i.main) refers to main.o(i.color) for color
    main.o(i.main) refers to nrf_delay.o(i.nrf_delay_ms) for nrf_delay_ms
    main.o(i.main) refers to main.o(i.clock_setup) for clock_setup
    main.o(i.main) refers to main.o(i.radio_setup) for radio_setup
    main.o(i.main) refers to main.o(i.sync) for sync
    main.o(i.main) refers to app_pwm.o(i.app_pwm_channel_duty_get) for app_pwm_channel_duty_get
    main.o(i.main) refers to main.o(i.radio_transmit) for radio_transmit
    main.o(i.main) refers to main.o(i.radio_receive) for radio_receive
    main.o(i.main) refers to main.o(i.mesh) for mesh
    main.o(i.main) refers to main.o(.bss) for .bss
    main.o(i.main) refers to main.o(.constdata) for .constdata
    main.o(i.main) refers to main.o(.data) for .data
    main.o(i.mesh) refers to app_pwm.o(i.app_pwm_channel_duty_get) for app_pwm_channel_duty_get
    main.o(i.mesh) refers to idiv.o(.text) for __aeabi_idivmod
    main.o(i.mesh) refers to main.o(i.color) for color
    main.o(i.mesh) refers to main.o(.constdata) for .constdata
    main.o(i.pwm_ready_callback) refers to main.o(.data) for .data
    main.o(i.radio_receive) refers to main.o(.data) for .data
    main.o(i.radio_setup) refers to main.o(i.blink) for blink
    main.o(i.radio_transmit) refers to app_pwm.o(i.app_pwm_channel_duty_get) for app_pwm_channel_duty_get
    main.o(i.radio_transmit) refers to main.o(i.blink) for blink
    main.o(i.radio_transmit) refers to main.o(i.color) for color
    main.o(i.radio_transmit) refers to main.o(.constdata) for .constdata
    main.o(i.radio_transmit) refers to main.o(.data) for .data
    main.o(i.sync) refers to dfltui.o(.text) for __aeabi_ui2d
    main.o(i.sync) refers to ddiv.o(.text) for __aeabi_ddiv
    main.o(i.sync) refers to main.o(i.color) for color
    main.o(i.sync) refers to cdrcmple.o(.text) for __aeabi_cdrcmple
    main.o(i.sync) refers to main.o(i.blink) for blink
    main.o(i.sync) refers to main.o(.data) for .data
    main.o(.constdata) refers to main.o(.bss) for m_pwm_PWM_B_cb
    main.o(.constdata) refers to main.o(.constdata) for m_pwm_PWM_B_timer
    main.o(.constdata) refers to main.o(.bss) for m_pwm_PWM_R_cb
    main.o(.constdata) refers to main.o(.constdata) for m_pwm_PWM_R_timer
    main.o(.constdata) refers to main.o(.bss) for m_pwm_PWM_G_cb
    main.o(.constdata) refers to main.o(.constdata) for m_pwm_PWM_G_timer
    arm_startup_nrf51.o(RESET) refers to arm_startup_nrf51.o(STACK) for __initial_sp
    arm_startup_nrf51.o(RESET) refers to arm_startup_nrf51.o(.text) for Reset_Handler
    arm_startup_nrf51.o(RESET) refers to app_uart.o(i.UART0_IRQHandler) for UART0_IRQHandler
    arm_startup_nrf51.o(RESET) refers to nrf_drv_gpiote.o(i.GPIOTE_IRQHandler) for GPIOTE_IRQHandler
    arm_startup_nrf51.o(RESET) refers to nrf_drv_timer.o(i.TIMER0_IRQHandler) for TIMER0_IRQHandler
    arm_startup_nrf51.o(RESET) refers to nrf_drv_timer.o(i.TIMER1_IRQHandler) for TIMER1_IRQHandler
    arm_startup_nrf51.o(RESET) refers to nrf_drv_timer.o(i.TIMER2_IRQHandler) for TIMER2_IRQHandler
    arm_startup_nrf51.o(RESET) refers to app_timer.o(i.RTC1_IRQHandler) for RTC1_IRQHandler
    arm_startup_nrf51.o(RESET) refers to app_timer.o(i.SWI0_IRQHandler) for SWI0_IRQHandler
    arm_startup_nrf51.o(.text) refers to system_nrf51.o(i.SystemInit) for SystemInit
    arm_startup_nrf51.o(.text) refers to entry.o(.ARM.Collect$$$$00000000) for __main
    system_nrf51.o(i.SystemCoreClockUpdate) refers to system_nrf51.o(.data) for .data
    system_nrf51.o(i.SystemInit) refers to system_nrf51.o(i.is_manual_peripheral_setup_needed) for is_manual_peripheral_setup_needed
    nrf_drv_gpiote.o(i.GPIOTE_IRQHandler) refers to nrf_drv_gpiote.o(i.nrf_gpiote_event_is_set) for nrf_gpiote_event_is_set
    nrf_drv_gpiote.o(i.GPIOTE_IRQHandler) refers to nrf_drv_gpiote.o(i.channel_port_get) for channel_port_get
[...]
    nrf_drv_ppi.o(i.nrf_drv_ppi_channel_free) refers to nrf_drv_ppi.o(.data) for .data
    nrf_drv_ppi.o(i.nrf_drv_ppi_channels_include_in_group) refers to nrf_drv_ppi.o(i.is_app_group) for is_app_group
    nrf_drv_ppi.o(i.nrf_drv_ppi_channels_include_in_group) refers to nrf_drv_ppi.o(i.is_allocated_group) for is_allocated_group
    nrf_drv_ppi.o(i.nrf_drv_ppi_channels_include_in_group) refers to nrf_drv_ppi.o(i.are_app_channels) for are_app_channels
    nrf_drv_ppi.o(i.nrf_drv_ppi_channels_include_in_group) refers to app_util_platform.o(i.critical_region_enter) for critical_region_enter
    nrf_drv_ppi.o(i.nrf_drv_ppi_channels_include_in_group) refers to app_util_platform.o(i.critical_region_exit) for critical_region_exit
    nrf_drv_ppi.o(i.nrf_drv_ppi_channels_remove_from_group) refers to nrf_drv_ppi.o(i.is_app_group) for is_app_group
    nrf_drv_ppi.o(i.nrf_drv_ppi_channels_remove_from_group) refers to nrf_drv_ppi.o(i.is_allocated_group) for is_allocated_group
    nrf_drv_ppi.o(i.nrf_drv_ppi_channels_remove_from_group) refers to nrf_drv_ppi.o(i.are_app_channels) for are_app_channels
    nrf_drv_ppi.o(i.nrf_drv_ppi_channels_remove_from_group) refers to app_util_platform.o(i.critical_region_enter) for critical_region_enter
    nrf_drv_ppi.o(i.nrf_drv_ppi_channels_remove_from_group) refers to app_util_platform.o(i.critical_region_exit) for critical_region_exit
    nrf_drv_ppi.o(i.nrf_drv_ppi_group_alloc) refers to app_util_platform.o(i.critical_region_enter) for critical_region_enter
    nrf_drv_ppi.o(i.nrf_drv_ppi_group_alloc) refers to nrf_drv_ppi.o(i.is_allocated_group) for is_allocated_group
    nrf_drv_ppi.o(i.nrf_drv_ppi_group_alloc) refers to app_util_platform.o(i.critical_region_exit) for critical_region_exit
    nrf_drv_ppi.o(i.nrf_drv_ppi_group_alloc) refers to nrf_drv_ppi.o(.data) for .data
    nrf_drv_ppi.o(i.nrf_drv_ppi_group_disable) refers to nrf_drv_ppi.o(i.is_app_group) for is_app_group
    nrf_drv_ppi.o(i.nrf_drv_ppi_group_enable) refers to nrf_drv_ppi.o(i.is_app_group) for is_app_group
    nrf_drv_ppi.o(i.nrf_drv_ppi_group_enable) refers to nrf_drv_ppi.o(i.is_allocated_group) for is_allocated_group
    nrf_drv_ppi.o(i.nrf_drv_ppi_group_free) refers to nrf_drv_ppi.o(i.is_app_group) for is_app_group
    nrf_drv_ppi.o(i.nrf_drv_ppi_group_free) refers to nrf_drv_ppi.o(i.is_allocated_group) for is_allocated_group
    nrf_drv_ppi.o(i.nrf_drv_ppi_group_free) refers to app_util_platform.o(i.critical_region_enter) for critical_region_enter
    nrf_drv_ppi.o(i.nrf_drv_ppi_group_free) refers to app_util_platform.o(i.critical_region_exit) for critical_region_exit
    nrf_drv_ppi.o(i.nrf_drv_ppi_group_free) refers to nrf_drv_ppi.o(.data) for .data
    nrf_drv_ppi.o(i.nrf_drv_ppi_init) refers to nrf_drv_ppi.o(.data) for .data
    nrf_drv_ppi.o(i.nrf_drv_ppi_uninit) refers to nrf_drv_ppi.o(.data) for .data
    nrf_drv_timer.o(i.TIMER0_IRQHandler) refers to nrf_drv_timer.o(i.nrf_drv_timer_interrupt_handle) for nrf_drv_timer_interrupt_handle
    nrf_drv_timer.o(i.TIMER1_IRQHandler) refers to nrf_drv_timer.o(i.nrf_drv_timer_interrupt_handle) for nrf_drv_timer_interrupt_handle
    nrf_drv_timer.o(i.TIMER2_IRQHandler) refers to nrf_drv_timer.o(i.nrf_drv_timer_interrupt_handle) for nrf_drv_timer_interrupt_handle
    nrf_drv_timer.o(i.nrf_drv_timer_disable) refers to nrf_drv_timer.o(.data) for .data
    nrf_drv_timer.o(i.nrf_drv_timer_enable) refers to nrf_drv_timer.o(.data) for .data
    nrf_drv_timer.o(i.nrf_drv_timer_extended_compare) refers to nrf_drv_timer.o(i.nrf_drv_timer_compare) for nrf_drv_timer_compare
    nrf_drv_timer.o(i.nrf_drv_timer_init) refers to nrf_drv_common.o(i.nrf_drv_common_irq_enable) for nrf_drv_common_irq_enable
    nrf_drv_timer.o(i.nrf_drv_timer_init) refers to nrf_drv_timer.o(.data) for .data
    nrf_drv_timer.o(i.nrf_drv_timer_init) refers to nrf_drv_timer.o(.constdata) for .constdata
    nrf_drv_timer.o(i.nrf_drv_timer_init) refers to nrf_drv_timer.o(.bss) for .bss
    nrf_drv_timer.o(i.nrf_drv_timer_interrupt_handle) refers to nrf_drv_timer.o(.bss) for .bss
    nrf_drv_timer.o(i.nrf_drv_timer_uninit) refers to nrf_drv_timer.o(i.nrf_drv_timer_disable) for nrf_drv_timer_disable
    nrf_drv_timer.o(i.nrf_drv_timer_uninit) refers to nrf_drv_timer.o(.bss) for .bss
    nrf_drv_timer.o(i.nrf_drv_timer_uninit) refers to nrf_drv_timer.o(.data) for .data
    nrf_soc.o(i.sd_nvic_critical_region_enter) refers to nrf_soc.o(.data) for .data
    nrf_soc.o(i.sd_nvic_critical_region_exit) refers to nrf_soc.o(.data) for .data
    app_uart.o(i.UART0_IRQHandler) refers to app_uart.o(i.on_uart_event) for on_uart_event
    app_uart.o(i.UART0_IRQHandler) refers to app_uart.o(.data) for .data
    app_uart.o(i.action_tx_stop) refers to app_uart.o(.data) for .data
    app_uart.o(i.action_uart_deactivate) refers to app_uart.o(.data) for .data
    app_uart.o(i.app_uart_close) refers to app_uart.o(i.on_uart_event) for on_uart_event
    app_uart.o(i.app_uart_close) refers to nrf_drv_gpiote.o(i.nrf_drv_gpiote_in_uninit) for nrf_drv_gpiote_in_uninit
    app_uart.o(i.app_uart_get) refers to app_uart.o(.data) for .data
    app_uart.o(i.app_uart_get_connection_state) refers to app_uart.o(.data) for .data
    app_uart.o(i.app_uart_init) refers to nrf_drv_gpiote.o(i.nrf_drv_gpiote_is_init) for nrf_drv_gpiote_is_init
    app_uart.o(i.app_uart_init) refers to nrf_drv_gpiote.o(i.nrf_drv_gpiote_init) for nrf_drv_gpiote_init
    app_uart.o(i.app_uart_init) refers to nrf_drv_gpiote.o(i.nrf_drv_gpiote_out_init) for nrf_drv_gpiote_out_init
    app_uart.o(i.app_uart_init) refers to nrf_drv_gpiote.o(i.nrf_drv_gpiote_in_init) for nrf_drv_gpiote_in_init
    app_uart.o(i.app_uart_init) refers to nrf_drv_gpiote.o(i.nrf_drv_gpiote_in_event_enable) for nrf_drv_gpiote_in_event_enable
    app_uart.o(i.app_uart_init) refers to nrf_drv_gpiote.o(i.nrf_drv_gpiote_in_is_set) for nrf_drv_gpiote_in_is_set
    app_uart.o(i.app_uart_init) refers to app_uart.o(i.on_uart_event) for on_uart_event
    app_uart.o(i.app_uart_init) refers to app_uart.o(.data) for .data
    app_uart.o(i.app_uart_init) refers to app_uart.o(.constdata) for .constdata
    app_uart.o(i.app_uart_init) refers to app_uart.o(i.gpiote_uart_event_handler) for gpiote_uart_event_handler
    app_uart.o(i.app_uart_put) refers to app_uart.o(i.on_uart_event) for on_uart_event
    app_uart.o(i.app_uart_put) refers to app_uart.o(.data) for .data
    app_uart.o(i.gpiote_uart_event_handler) refers to nrf_drv_gpiote.o(i.nrf_drv_gpiote_in_is_set) for nrf_drv_gpiote_in_is_set
    app_uart.o(i.gpiote_uart_event_handler) refers to app_uart.o(i.on_uart_event) for on_uart_event
    app_uart.o(i.on_uart_event) refers to app_uart.o(i.__ARM_common_switch8) for __ARM_common_switch8
    app_uart.o(i.on_uart_event) refers to app_uart.o(i.action_uart_deactivate) for action_uart_deactivate
    app_uart.o(i.on_uart_event) refers to app_uart.o(i.action_tx_stop) for action_tx_stop
    app_uart.o(i.on_uart_event) refers to app_uart.o(.data) for .data
    app_pwm.o(i.app_pwm_channel_duty_get) refers to app_pwm.o(i.app_pwm_cycle_ticks_get) for app_pwm_cycle_ticks_get
    app_pwm.o(i.app_pwm_channel_duty_get) refers to app_pwm.o(i.app_pwm_channel_duty_ticks_get) for app_pwm_channel_duty_ticks_get
    app_pwm.o(i.app_pwm_channel_duty_get) refers to uidiv.o(.text) for __aeabi_uidivmod
    app_pwm.o(i.app_pwm_channel_duty_set) refers to app_pwm.o(i.app_pwm_cycle_ticks_get) for app_pwm_cycle_ticks_get
    app_pwm.o(i.app_pwm_channel_duty_set) refers to uidiv.o(.text) for __aeabi_uidivmod
    app_pwm.o(i.app_pwm_channel_duty_set) refers to app_pwm.o(i.app_pwm_channel_duty_ticks_set) for app_pwm_channel_duty_ticks_set
    app_pwm.o(i.app_pwm_channel_duty_ticks_get) refers to nrf_drv_timer.o(i.nrf_drv_timer_capture_get) for nrf_drv_timer_capture_get
    app_pwm.o(i.app_pwm_channel_duty_ticks_set) refers to app_pwm.o(i.pwm_transition_0or100_to_0or100) for pwm_transition_0or100_to_0or100
    app_pwm.o(i.app_pwm_channel_duty_ticks_set) refers to app_pwm.o(i.pwm_transition_0or100_to_n) for pwm_transition_0or100_to_n
    app_pwm.o(i.app_pwm_channel_duty_ticks_set) refers to app_pwm.o(i.pwm_transition_n_to_0or100) for pwm_transition_n_to_0or100
    app_pwm.o(i.app_pwm_channel_duty_ticks_set) refers to app_pwm.o(i.pwm_transition_n_to_m) for pwm_transition_n_to_m
    app_pwm.o(i.app_pwm_channel_duty_ticks_set) refers to nrf_drv_timer.o(i.nrf_drv_timer_compare_int_enable) for nrf_drv_timer_compare_int_enable
    app_pwm.o(i.app_pwm_channel_duty_ticks_set) refers to app_pwm.o(.data) for .data
    app_pwm.o(i.app_pwm_channel_init) refers to nrf_drv_gpiote.o(i.nrf_drv_gpiote_out_init) for nrf_drv_gpiote_out_init
    app_pwm.o(i.app_pwm_channel_init) refers to nrf_drv_gpiote.o(i.nrf_drv_gpiote_out_task_enable) for nrf_drv_gpiote_out_task_enable
    app_pwm.o(i.app_pwm_channel_init) refers to nrf_drv_ppi.o(i.nrf_drv_ppi_channel_alloc) for nrf_drv_ppi_channel_alloc
    app_pwm.o(i.app_pwm_channel_init) refers to nrf_drv_ppi.o(i.nrf_drv_ppi_channel_disable) for nrf_drv_ppi_channel_disable
    app_pwm.o(i.app_pwm_channel_init) refers to nrf_drv_gpiote.o(i.nrf_drv_gpiote_out_task_addr_get) for nrf_drv_gpiote_out_task_addr_get
    app_pwm.o(i.app_pwm_channel_init) refers to nrf_drv_timer.o(i.nrf_drv_timer_compare_event_address_get) for nrf_drv_timer_compare_event_address_get
    app_pwm.o(i.app_pwm_channel_init) refers to nrf_drv_ppi.o(i.nrf_drv_ppi_channel_assign) for nrf_drv_ppi_channel_assign
    app_pwm.o(i.app_pwm_channel_init) refers to nrf_drv_gpiote.o(i.nrf_drv_gpiote_out_task_trigger) for nrf_drv_gpiote_out_task_trigger
    app_pwm.o(i.app_pwm_channel_init) refers to app_pwm.o(.constdata) for .constdata
    app_pwm.o(i.app_pwm_cycle_ticks_get) refers to nrf_drv_timer.o(i.nrf_drv_timer_capture_get) for nrf_drv_timer_capture_get
    app_pwm.o(i.app_pwm_disable) refers to nrf_drv_timer.o(i.nrf_drv_timer_disable) for nrf_drv_timer_disable
    app_pwm.o(i.app_pwm_disable) refers to nrf_drv_timer.o(i.nrf_drv_timer_compare_int_disable) for nrf_drv_timer_compare_int_disable
    app_pwm.o(i.app_pwm_enable) refers to nrf_drv_timer.o(i.nrf_drv_timer_enable) for nrf_drv_timer_enable
    app_pwm.o(i.app_pwm_init) refers to nrf_drv_ppi.o(i.nrf_drv_ppi_init) for nrf_drv_ppi_init
    app_pwm.o(i.app_pwm_init) refers to nrf_drv_gpiote.o(i.nrf_drv_gpiote_is_init) for nrf_drv_gpiote_is_init
    app_pwm.o(i.app_pwm_init) refers to nrf_drv_gpiote.o(i.nrf_drv_gpiote_init) for nrf_drv_gpiote_init
    app_pwm.o(i.app_pwm_init) refers to nrf_drv_ppi.o(i.nrf_drv_ppi_channel_alloc) for nrf_drv_ppi_channel_alloc
    app_pwm.o(i.app_pwm_init) refers to nrf_drv_ppi.o(i.nrf_drv_ppi_group_alloc) for nrf_drv_ppi_group_alloc
    app_pwm.o(i.app_pwm_init) refers to app_pwm.o(i.pwm_dealloc) for pwm_dealloc
    app_pwm.o(i.app_pwm_init) refers to app_pwm.o(i.app_pwm_channel_init) for app_pwm_channel_init
    app_pwm.o(i.app_pwm_init) refers to app_pwm.o(i.app_pwm_channel_duty_ticks_set) for app_pwm_channel_duty_ticks_set
    app_pwm.o(i.app_pwm_init) refers to nrf_drv_timer.o(i.nrf_drv_timer_init) for nrf_drv_timer_init
    app_pwm.o(i.app_pwm_init) refers to nrf_drv_timer.o(i.nrf_drv_timer_us_to_ticks) for nrf_drv_timer_us_to_ticks
    app_pwm.o(i.app_pwm_init) refers to nrf_drv_timer.o(i.nrf_drv_timer_clear) for nrf_drv_timer_clear
    app_pwm.o(i.app_pwm_init) refers to nrf_drv_timer.o(i.nrf_drv_timer_extended_compare) for nrf_drv_timer_extended_compare
    app_pwm.o(i.app_pwm_init) refers to nrf_drv_timer.o(i.nrf_drv_timer_compare_int_disable) for nrf_drv_timer_compare_int_disable
    app_pwm.o(i.app_pwm_init) refers to app_pwm.o(i.pan73_workaround) for pan73_workaround
    app_pwm.o(i.app_pwm_init) refers to app_pwm.o(.constdata) for .constdata
    app_pwm.o(i.app_pwm_init) refers to app_pwm.o(i.pwm_ready_tick) for pwm_ready_tick
    app_pwm.o(i.app_pwm_init) refers to app_pwm.o(.data) for .data
    app_pwm.o(i.app_pwm_init) refers to app_pwm.o(.bss) for .bss
    app_pwm.o(i.app_pwm_uninit) refers to app_pwm.o(i.app_pwm_disable) for app_pwm_disable
    app_pwm.o(i.app_pwm_uninit) refers to app_pwm.o(i.pan73_workaround) for pan73_workaround
    app_pwm.o(i.app_pwm_uninit) refers to app_pwm.o(i.pwm_dealloc) for pwm_dealloc
    app_pwm.o(i.nrf_drv_ppi_channel_include_in_group) refers to nrf_drv_ppi.o(i.nrf_drv_ppi_channels_include_in_group) for nrf_drv_ppi_channels_include_in_group
    app_pwm.o(i.pwm_channel_ppi_disable) refers to nrf_drv_ppi.o(i.nrf_drv_ppi_channel_disable) for nrf_drv_ppi_channel_disable
    app_pwm.o(i.pwm_dealloc) refers to nrf_drv_ppi.o(i.nrf_drv_ppi_channel_free) for nrf_drv_ppi_channel_free
    app_pwm.o(i.pwm_dealloc) refers to nrf_drv_ppi.o(i.nrf_drv_ppi_group_free) for nrf_drv_ppi_group_free
    app_pwm.o(i.pwm_dealloc) refers to nrf_drv_gpiote.o(i.nrf_drv_gpiote_out_uninit) for nrf_drv_gpiote_out_uninit
    app_pwm.o(i.pwm_dealloc) refers to nrf_drv_timer.o(i.nrf_drv_timer_uninit) for nrf_drv_timer_uninit
    app_pwm.o(i.pwm_ppi_disable) refers to nrf_drv_ppi.o(i.nrf_drv_ppi_channel_disable) for nrf_drv_ppi_channel_disable
    app_pwm.o(i.pwm_ready_tick) refers to nrf_drv_timer.o(i.nrf_drv_timer_compare_int_disable) for nrf_drv_timer_compare_int_disable
    app_pwm.o(i.pwm_ready_tick) refers to app_pwm.o(.data) for .data
    app_pwm.o(i.pwm_ready_tick) refers to app_pwm.o(.bss) for .bss
    app_pwm.o(i.pwm_transition_0or100_to_0or100) refers to app_pwm.o(i.pwm_ppi_disable) for pwm_ppi_disable
    app_pwm.o(i.pwm_transition_0or100_to_0or100) refers to app_pwm.o(i.pwm_channel_ppi_disable) for pwm_channel_ppi_disable
    app_pwm.o(i.pwm_transition_0or100_to_0or100) refers to nrf_drv_gpiote.o(i.nrf_drv_gpiote_out_task_force) for nrf_drv_gpiote_out_task_force
    app_pwm.o(i.pwm_transition_0or100_to_0or100) refers to nrf_drv_timer.o(i.nrf_drv_timer_compare) for nrf_drv_timer_compare
    app_pwm.o(i.pwm_transition_0or100_to_n) refers to app_pwm.o(i.pwm_ppi_disable) for pwm_ppi_disable
    app_pwm.o(i.pwm_transition_0or100_to_n) refers to app_pwm.o(i.pwm_channel_ppi_disable) for pwm_channel_ppi_disable
    app_pwm.o(i.pwm_transition_0or100_to_n) refers to nrf_drv_timer.o(i.nrf_drv_timer_compare) for nrf_drv_timer_compare
    app_pwm.o(i.pwm_transition_0or100_to_n) refers to nrf_drv_ppi.o(i.nrf_drv_ppi_channels_remove_from_group) for nrf_drv_ppi_channels_remove_from_group
    app_pwm.o(i.pwm_transition_0or100_to_n) refers to app_pwm.o(i.nrf_drv_ppi_channel_include_in_group) for nrf_drv_ppi_channel_include_in_group
    app_pwm.o(i.pwm_transition_0or100_to_n) refers to nrf_drv_timer.o(i.nrf_drv_timer_compare_event_address_get) for nrf_drv_timer_compare_event_address_get
    app_pwm.o(i.pwm_transition_0or100_to_n) refers to nrf_drv_ppi.o(i.nrf_drv_ppi_channel_assign) for nrf_drv_ppi_channel_assign
    app_pwm.o(i.pwm_transition_0or100_to_n) refers to nrf_drv_ppi.o(i.nrf_drv_ppi_channel_enable) for nrf_drv_ppi_channel_enable
    app_pwm.o(i.pwm_transition_n_to_0or100) refers to app_pwm.o(i.pwm_ppi_disable) for pwm_ppi_disable
    app_pwm.o(i.pwm_transition_n_to_0or100) refers to nrf_drv_ppi.o(i.nrf_drv_ppi_channels_remove_from_group) for nrf_drv_ppi_channels_remove_from_group
    app_pwm.o(i.pwm_transition_n_to_0or100) refers to app_pwm.o(i.nrf_drv_ppi_channel_include_in_group) for nrf_drv_ppi_channel_include_in_group
    app_pwm.o(i.pwm_transition_n_to_0or100) refers to nrf_drv_timer.o(i.nrf_drv_timer_compare_event_address_get) for nrf_drv_timer_compare_event_address_get
    app_pwm.o(i.pwm_transition_n_to_0or100) refers to nrf_drv_ppi.o(i.nrf_drv_ppi_channel_assign) for nrf_drv_ppi_channel_assign
    app_pwm.o(i.pwm_transition_n_to_0or100) refers to nrf_drv_ppi.o(i.nrf_drv_ppi_channel_enable) for nrf_drv_ppi_channel_enable
    app_pwm.o(i.pwm_transition_n_to_m) refers to nrf_drv_ppi.o(i.nrf_drv_ppi_channels_remove_from_group) for nrf_drv_ppi_channels_remove_from_group
    app_pwm.o(i.pwm_transition_n_to_m) refers to app_pwm.o(i.nrf_drv_ppi_channel_include_in_group) for nrf_drv_ppi_channel_include_in_group
    app_pwm.o(i.pwm_transition_n_to_m) refers to nrf_drv_ppi.o(i.nrf_drv_ppi_group_disable) for nrf_drv_ppi_group_disable
    app_pwm.o(i.pwm_transition_n_to_m) refers to nrf_drv_timer.o(i.nrf_drv_timer_compare_event_address_get) for nrf_drv_timer_compare_event_address_get
    app_pwm.o(i.pwm_transition_n_to_m) refers to nrf_drv_ppi.o(i.nrf_drv_ppi_channel_assign) for nrf_drv_ppi_channel_assign
    app_pwm.o(i.pwm_transition_n_to_m) refers to nrf_drv_gpiote.o(i.nrf_drv_gpiote_out_task_addr_get) for nrf_drv_gpiote_out_task_addr_get
    app_pwm.o(i.pwm_transition_n_to_m) refers to nrf_drv_timer.o(i.nrf_drv_timer_compare) for nrf_drv_timer_compare
    app_pwm.o(i.pwm_transition_n_to_m) refers to nrf_drv_ppi.o(i.nrf_drv_ppi_group_enable) for nrf_drv_ppi_group_enable
    app_timer.o(i.RTC1_IRQHandler) refers to app_timer.o(i.timer_timeouts_check) for timer_timeouts_check
    app_timer.o(i.SWI0_IRQHandler) refers to app_timer.o(i.elapsed_ticks_acquire) for elapsed_ticks_acquire
    app_timer.o(i.SWI0_IRQHandler) refers to app_timer.o(i.list_deletions_handler) for list_deletions_handler
    app_timer.o(i.SWI0_IRQHandler) refers to app_timer.o(i.expired_timers_handler) for expired_timers_handler
    app_timer.o(i.SWI0_IRQHandler) refers to app_timer.o(i.list_insertions_handler) for list_insertions_handler
    app_timer.o(i.SWI0_IRQHandler) refers to app_timer.o(i.compare_reg_update) for compare_reg_update
    app_timer.o(i.SWI0_IRQHandler) refers to app_timer.o(.data) for .data
    app_timer.o(i.app_timer_create) refers to app_timer.o(.data) for .data
    app_timer.o(i.app_timer_init) refers to app_timer.o(i.rtc1_stop) for rtc1_stop
    app_timer.o(i.app_timer_init) refers to app_timer.o(i.NVIC_SetPriority) for NVIC_SetPriority
    app_timer.o(i.app_timer_init) refers to app_timer.o(.data) for .data
    app_timer.o(i.app_timer_start) refers to app_timer.o(i.user_id_get) for user_id_get
    app_timer.o(i.app_timer_start) refers to app_timer.o(i.user_op_alloc) for user_op_alloc
    app_timer.o(i.app_timer_start) refers to app_timer.o(i.timer_list_handler_sched) for timer_list_handler_sched
    app_timer.o(i.app_timer_start) refers to app_timer.o(.data) for .data
    app_timer.o(i.app_timer_stop) refers to app_timer.o(i.user_id_get) for user_id_get
    app_timer.o(i.app_timer_stop) refers to app_timer.o(i.user_op_alloc) for user_op_alloc
    app_timer.o(i.app_timer_stop) refers to app_timer.o(i.timer_list_handler_sched) for timer_list_handler_sched
    app_timer.o(i.app_timer_stop) refers to app_timer.o(.data) for .data
    app_timer.o(i.app_timer_stop_all) refers to app_timer.o(i.user_id_get) for user_id_get
    app_timer.o(i.app_timer_stop_all) refers to app_timer.o(i.user_op_alloc) for user_op_alloc
    app_timer.o(i.app_timer_stop_all) refers to app_timer.o(i.timer_list_handler_sched) for timer_list_handler_sched
    app_timer.o(i.app_timer_stop_all) refers to app_timer.o(.data) for .data
    app_timer.o(i.compare_reg_update) refers to app_timer.o(.emb_text) for __asm___11_app_timer_c_cd27f9c3__nrf_delay_us
    app_timer.o(i.compare_reg_update) refers to app_timer.o(i.rtc1_stop) for rtc1_stop
    app_timer.o(i.compare_reg_update) refers to app_timer.o(.data) for .data
    app_timer.o(i.elapsed_ticks_acquire) refers to app_timer.o(.data) for .data
    app_timer.o(i.expired_timers_handler) refers to app_timer.o(.data) for .data
    app_timer.o(i.list_deletions_handler) refers to app_timer.o(i.timer_list_remove) for timer_list_remove
    app_timer.o(i.list_deletions_handler) refers to app_timer.o(.data) for .data
    app_timer.o(i.list_insertions_handler) refers to app_timer.o(i.timer_list_insert) for timer_list_insert
    app_timer.o(i.list_insertions_handler) refers to app_timer.o(.data) for .data
    app_timer.o(i.rtc1_stop) refers to app_timer.o(.emb_text) for __asm___11_app_timer_c_cd27f9c3__nrf_delay_us
    app_timer.o(i.rtc1_stop) refers to app_timer.o(.data) for .data
    app_timer.o(i.timer_list_insert) refers to app_timer.o(.data) for .data
    app_timer.o(i.timer_list_remove) refers to app_timer.o(.data) for .data
    app_timer.o(i.timer_timeouts_check) refers to app_error.o(i.app_error_handler) for app_error_handler
    app_timer.o(i.timer_timeouts_check) refers to app_timer.o(i.timer_list_handler_sched) for timer_list_handler_sched
    app_timer.o(i.timer_timeouts_check) refers to app_timer.o(.data) for .data
    app_util_platform.o(i.critical_region_enter) refers to app_util_platform.o(.data) for .data
    app_util_platform.o(i.critical_region_exit) refers to app_util_platform.o(.data) for .data
    entry.o(.ARM.Collect$$$$00000000) refers (Special) to entry10a.o(.ARM.Collect$$$$0000000D) for __rt_final_cpp
    entry.o(.ARM.Collect$$$$00000000) refers (Special) to entry11a.o(.ARM.Collect$$$$0000000F) for __rt_final_exit
    entry.o(.ARM.Collect$$$$00000000) refers (Special) to entry7b.o(.ARM.Collect$$$$00000008) for _main_clock
    entry.o(.ARM.Collect$$$$00000000) refers (Special) to entry8b.o(.ARM.Collect$$$$0000000A) for _main_cpp_init
    entry.o(.ARM.Collect$$$$00000000) refers (Special) to entry9a.o(.ARM.Collect$$$$0000000B) for _main_init
    entry.o(.ARM.Collect$$$$00000000) refers (Special) to entry5.o(.ARM.Collect$$$$00000004) for _main_scatterload
    entry.o(.ARM.Collect$$$$00000000) refers (Special) to entry2.o(.ARM.Collect$$$$00000001) for _main_stk
    idiv.o(.text) refers to uidiv.o(.text) for __aeabi_uidivmod
    ddiv.o(.text) refers (Special) to iusefp.o(.text) for __I$use$fp
    ddiv.o(.text) refers to depilogue.o(.text) for _double_round
    dfltui.o(.text) refers (Special) to iusefp.o(.text) for __I$use$fp
    dfltui.o(.text) refers to depilogue.o(.text) for _double_epilogue
    cdrcmple.o(.text) refers (Special) to iusefp.o(.text) for __I$use$fp
    entry2.o(.ARM.Collect$$$$00000001) refers to entry2.o(.ARM.Collect$$$$00002712) for __lit__00000000
    entry2.o(.ARM.Collect$$$$00002712) refers to arm_startup_nrf51.o(STACK) for __initial_sp
    entry2.o(__vectab_stack_and_reset_area) refers to arm_startup_nrf51.o(STACK) for __initial_sp
    entry2.o(__vectab_stack_and_reset_area) refers to entry.o(.ARM.Collect$$$$00000000) for __main
    entry5.o(.ARM.Collect$$$$00000004) refers to init.o(.text) for __scatterload
    entry9a.o(.ARM.Collect$$$$0000000B) refers to main.o(i.main) for main
    entry9b.o(.ARM.Collect$$$$0000000C) refers to main.o(i.main) for main
    depilogue.o(.text) refers to depilogue.o(i.__ARM_clz) for __ARM_clz
    depilogue.o(.text) refers to llshl.o(.text) for __aeabi_llsl
    depilogue.o(.text) refers to llushr.o(.text) for __aeabi_llsr
    init.o(.text) refers to entry5.o(.ARM.Collect$$$$00000004) for __main_after_scatterload


==============================================================================

Removing Unused input sections from the image.

    Removing main.o(.rev16_text), (4 bytes).
    Removing main.o(.revsh_text), (4 bytes).
    Removing main.o(.emb_text), (30 bytes).
    Removing arm_startup_nrf51.o(HEAP), (2048 bytes).
    Removing system_nrf51.o(.rev16_text), (4 bytes).
    Removing system_nrf51.o(.revsh_text), (4 bytes).
    Removing system_nrf51.o(i.SystemCoreClockUpdate), (16 bytes).
    Removing nrf_drv_common.o(.rev16_text), (4 bytes).
    Removing nrf_drv_common.o(.revsh_text), (4 bytes).
    Removing nrf_drv_gpiote.o(.rev16_text), (4 bytes).
    Removing nrf_drv_gpiote.o(.revsh_text), (4 bytes).
    Removing nrf_drv_gpiote.o(i.nrf_drv_gpiote_in_event_addr_get), (24 bytes).
    Removing nrf_drv_gpiote.o(i.nrf_drv_gpiote_in_event_disable), (84 bytes).
    Removing nrf_drv_gpiote.o(i.nrf_drv_gpiote_in_event_enable), (160 bytes).
    Removing nrf_drv_gpiote.o(i.nrf_drv_gpiote_in_init), (148 bytes).
    Removing nrf_drv_gpiote.o(i.nrf_drv_gpiote_in_is_set), (20 bytes).
    Removing nrf_drv_gpiote.o(i.nrf_drv_gpiote_in_uninit), (80 bytes).
    Removing nrf_drv_gpiote.o(i.nrf_drv_gpiote_out_clear), (16 bytes).
    Removing nrf_drv_gpiote.o(i.nrf_drv_gpiote_out_set), (16 bytes).
    Removing nrf_drv_gpiote.o(i.nrf_drv_gpiote_out_task_disable), (32 bytes).
    Removing nrf_drv_gpiote.o(i.nrf_drv_gpiote_out_toggle), (28 bytes).
    Removing nrf_drv_gpiote.o(i.nrf_drv_gpiote_uninit), (56 bytes).
    Removing nrf_drv_gpiote.o(i.pin_in_use_by_port), (24 bytes).
    Removing nrf_delay.o(.rev16_text), (4 bytes).
    Removing nrf_delay.o(.revsh_text), (4 bytes).
    Removing nrf_drv_ppi.o(.rev16_text), (4 bytes).
    Removing nrf_drv_ppi.o(.revsh_text), (4 bytes).
    Removing nrf_drv_ppi.o(i.nrf_drv_ppi_uninit), (88 bytes).
    Removing nrf_drv_timer.o(.rev16_text), (4 bytes).
    Removing nrf_drv_timer.o(.revsh_text), (4 bytes).
    Removing nrf_drv_timer.o(i.nrf_drv_timer_capture), (28 bytes).
    Removing nrf_drv_timer.o(i.nrf_drv_timer_capture_task_address_get), (12 bytes).
    Removing nrf_drv_timer.o(i.nrf_drv_timer_event_address_get), (6 bytes).
    Removing nrf_drv_timer.o(i.nrf_drv_timer_increment), (8 bytes).
    Removing nrf_drv_timer.o(i.nrf_drv_timer_ms_to_ticks), (22 bytes).
    Removing nrf_drv_timer.o(i.nrf_drv_timer_pause), (8 bytes).
    Removing nrf_drv_timer.o(i.nrf_drv_timer_resume), (8 bytes).
    Removing nrf_drv_timer.o(i.nrf_drv_timer_task_address_get), (6 bytes).
    Removing nrf_soc.o(.rev16_text), (4 bytes).
    Removing nrf_soc.o(.revsh_text), (4 bytes).
    Removing nrf_soc.o(i.sd_app_evt_wait), (6 bytes).
    Removing nrf_soc.o(i.sd_nvic_ClearPendingIRQ), (20 bytes).
    Removing nrf_soc.o(i.sd_nvic_DisableIRQ), (20 bytes).
    Removing nrf_soc.o(i.sd_nvic_EnableIRQ), (20 bytes).
    Removing nrf_soc.o(i.sd_nvic_GetPendingIRQ), (40 bytes).
    Removing nrf_soc.o(i.sd_nvic_GetPriority), (64 bytes).
    Removing nrf_soc.o(i.sd_nvic_SetPendingIRQ), (20 bytes).
    Removing nrf_soc.o(i.sd_nvic_SetPriority), (72 bytes).
    Removing nrf_soc.o(i.sd_nvic_SystemReset), (28 bytes).
    Removing nrf_soc.o(i.sd_nvic_critical_region_enter), (32 bytes).
    Removing nrf_soc.o(i.sd_nvic_critical_region_exit), (24 bytes).
    Removing nrf_soc.o(.data), (1 bytes).
    Removing app_uart.o(.rev16_text), (4 bytes).
    Removing app_uart.o(.revsh_text), (4 bytes).
    Removing app_uart.o(i.app_uart_close), (36 bytes).
    Removing app_uart.o(i.app_uart_flush), (4 bytes).
    Removing app_uart.o(i.app_uart_get), (36 bytes).
    Removing app_uart.o(i.app_uart_get_connection_state), (20 bytes).
    Removing app_uart.o(i.app_uart_init), (372 bytes).
    Removing app_uart.o(i.app_uart_put), (36 bytes).
    Removing app_uart.o(i.gpiote_uart_event_handler), (22 bytes).
    Removing app_uart.o(.constdata), (8 bytes).
    Removing app_error.o(.rev16_text), (4 bytes).
    Removing app_error.o(.revsh_text), (4 bytes).
    Removing app_pwm.o(.rev16_text), (4 bytes).
    Removing app_pwm.o(.revsh_text), (4 bytes).
    Removing app_pwm.o(i.app_pwm_disable), (28 bytes).
    Removing app_pwm.o(i.app_pwm_uninit), (52 bytes).
    Removing app_timer.o(.rev16_text), (4 bytes).
    Removing app_timer.o(.revsh_text), (4 bytes).
    Removing app_timer.o(i.NVIC_SetPriority), (68 bytes).
    Removing app_timer.o(i.app_timer_cnt_diff_compute), (12 bytes).
    Removing app_timer.o(i.app_timer_cnt_get), (16 bytes).
    Removing app_timer.o(i.app_timer_create), (76 bytes).
    Removing app_timer.o(i.app_timer_init), (180 bytes).
    Removing app_timer.o(i.app_timer_start), (132 bytes).
    Removing app_timer.o(i.app_timer_stop), (88 bytes).
    Removing app_timer.o(i.app_timer_stop_all), (68 bytes).
    Removing app_timer.o(i.user_id_get), (84 bytes).
    Removing app_timer.o(i.user_op_alloc), (36 bytes).
    Removing app_util_platform.o(.rev16_text), (4 bytes).
    Removing app_util_platform.o(.revsh_text), (4 bytes).

82 unused section(s) (total 4793 bytes) removed from the image.

==============================================================================

Image Symbol Table

    Local Symbols

    Symbol Name                              Value     Ov Type        Size  Object(Section)

    RESET                                    0x00000000   Section      192  arm_startup_nrf51.o(RESET)
    ../clib/microlib/division.c              0x00000000   Number         0  idiv.o ABSOLUTE
    ../clib/microlib/division.c              0x00000000   Number         0  uidiv.o ABSOLUTE
    ../clib/microlib/init/entry.s            0x00000000   Number         0  entry11a.o ABSOLUTE
    ../clib/microlib/init/entry.s            0x00000000   Number         0  entry11b.o ABSOLUTE
    ../clib/microlib/init/entry.s            0x00000000   Number         0  entry2.o ABSOLUTE
    ../clib/microlib/init/entry.s            0x00000000   Number         0  entry9b.o ABSOLUTE
    ../clib/microlib/init/entry.s            0x00000000   Number         0  entry7a.o ABSOLUTE
    ../clib/microlib/init/entry.s            0x00000000   Number         0  entry10a.o ABSOLUTE
    ../clib/microlib/init/entry.s            0x00000000   Number         0  entry5.o ABSOLUTE
    ../clib/microlib/init/entry.s            0x00000000   Number         0  entry10b.o ABSOLUTE
    ../clib/microlib/init/entry.s            0x00000000   Number         0  entry.o ABSOLUTE
    ../clib/microlib/init/entry.s            0x00000000   Number         0  entry9a.o ABSOLUTE
    ../clib/microlib/init/entry.s            0x00000000   Number         0  entry8b.o ABSOLUTE
    ../clib/microlib/init/entry.s            0x00000000   Number         0  entry8a.o ABSOLUTE
    ../clib/microlib/init/entry.s            0x00000000   Number         0  entry7b.o ABSOLUTE
    ../clib/microlib/longlong.c              0x00000000   Number         0  llshl.o ABSOLUTE
    ../clib/microlib/longlong.c              0x00000000   Number         0  llushr.o ABSOLUTE
    ../clib/microlib/string/memcpy.c         0x00000000   Number         0  memcpyb.o ABSOLUTE
    ../clib/microlib/string/memcpy.c         0x00000000   Number         0  memcpya.o ABSOLUTE
    ../clib/microlib/stubs.s                 0x00000000   Number         0  iusefp.o ABSOLUTE
    ../clib/microlib/time/clock.c            0x00000000   Number         0  clock.o ABSOLUTE
    ../fplib/microlib/fpdiv.c                0x00000000   Number         0  ddiv.o ABSOLUTE
    ../fplib/microlib/fpepilogue.c           0x00000000   Number         0  depilogue.o ABSOLUTE
    ../fplib/microlib/fpflt.c                0x00000000   Number         0  dfltui.o ABSOLUTE
    ..\..\..\main.c                          0x00000000   Number         0  main.o ABSOLUTE
    ..\\..\\..\\main.c                       0x00000000   Number         0  main.o ABSOLUTE
    C:\Keil_v5\ARM\PACK\NordicSemiconductor\nRF_Drivers\3.0.1\common\nrf_drv_common.c 0x00000000   Number         0  nrf_drv_common.o ABSOLUTE
    C:\Keil_v5\ARM\PACK\NordicSemiconductor\nRF_Drivers\3.0.1\gpiote\nrf_drv_gpiote.c 0x00000000   Number         0  nrf_drv_gpiote.o ABSOLUTE
    C:\Keil_v5\ARM\PACK\NordicSemiconductor\nRF_Drivers\3.0.1\hal\nrf_delay.c 0x00000000   Number         0  nrf_delay.o ABSOLUTE
    C:\Keil_v5\ARM\PACK\NordicSemiconductor\nRF_Drivers\3.0.1\ppi\nrf_drv_ppi.c 0x00000000   Number         0  nrf_drv_ppi.o ABSOLUTE
    C:\Keil_v5\ARM\PACK\NordicSemiconductor\nRF_Drivers\3.0.1\timer\nrf_drv_timer.c 0x00000000   Number         0  nrf_drv_timer.o ABSOLUTE
    C:\\Keil_v5\\ARM\\PACK\\NordicSemiconductor\\nRF_Drivers\\3.0.1\\common\\nrf_drv_common.c 0x00000000   Number         0  nrf_drv_common.o ABSOLUTE
    C:\\Keil_v5\\ARM\\PACK\\NordicSemiconductor\\nRF_Drivers\\3.0.1\\gpiote\\nrf_drv_gpiote.c 0x00000000   Number         0  nrf_drv_gpiote.o ABSOLUTE
    C:\\Keil_v5\\ARM\\PACK\\NordicSemiconductor\\nRF_Drivers\\3.0.1\\hal\\nrf_delay.c 0x00000000   Number         0  nrf_delay.o ABSOLUTE
    C:\\Keil_v5\\ARM\\PACK\\NordicSemiconductor\\nRF_Drivers\\3.0.1\\ppi\\nrf_drv_ppi.c 0x00000000   Number         0  nrf_drv_ppi.o ABSOLUTE
    C:\\Keil_v5\\ARM\\PACK\\NordicSemiconductor\\nRF_Drivers\\3.0.1\\timer\\nrf_drv_timer.c 0x00000000   Number         0  nrf_drv_timer.o ABSOLUTE
    RTE\Device\nRF51422_xxAC\arm_startup_nrf51.s 0x00000000   Number         0  arm_startup_nrf51.o ABSOLUTE
    RTE\Device\nRF51422_xxAC\system_nrf51.c  0x00000000   Number         0  system_nrf51.o ABSOLUTE
    RTE\\Device\\nRF51422_xxAC\\system_nrf51.c 0x00000000   Number         0  system_nrf51.o ABSOLUTE
    RTE\\nRF_Drivers\\nRF51422_xxAC\\app_uart.c 0x00000000   Number         0  app_uart.o ABSOLUTE
    RTE\\nRF_Drivers\\nRF51422_xxAC\\nrf_soc.c 0x00000000   Number         0  nrf_soc.o ABSOLUTE
    RTE\\nRF_Libraries\\nRF51422_xxAC\\app_error.c 0x00000000   Number         0  app_error.o ABSOLUTE
    RTE\\nRF_Libraries\\nRF51422_xxAC\\app_pwm.c 0x00000000   Number         0  app_pwm.o ABSOLUTE
    RTE\\nRF_Libraries\\nRF51422_xxAC\\app_timer.c 0x00000000   Number         0  app_timer.o ABSOLUTE
    RTE\\nRF_Libraries\\nRF51422_xxAC\\app_util_platform.c 0x00000000   Number         0  app_util_platform.o ABSOLUTE
    RTE\nRF_Drivers\nRF51422_xxAC\app_uart.c 0x00000000   Number         0  app_uart.o ABSOLUTE
    RTE\nRF_Drivers\nRF51422_xxAC\nrf_soc.c  0x00000000   Number         0  nrf_soc.o ABSOLUTE
    RTE\nRF_Libraries\nRF51422_xxAC\app_error.c 0x00000000   Number         0  app_error.o ABSOLUTE
    RTE\nRF_Libraries\nRF51422_xxAC\app_pwm.c 0x00000000   Number         0  app_pwm.o ABSOLUTE
    RTE\nRF_Libraries\nRF51422_xxAC\app_timer.c 0x00000000   Number         0  app_timer.o ABSOLUTE
    RTE\nRF_Libraries\nRF51422_xxAC\app_util_platform.c 0x00000000   Number         0  app_util_platform.o ABSOLUTE
    RTE\nRF_Libraries\nRF51422_xxAC\nrf_assert.c 0x00000000   Number         0  nrf_assert.o ABSOLUTE
    cdrcmple.s                               0x00000000   Number         0  cdrcmple.o ABSOLUTE
    dc.s                                     0x00000000   Number         0  dc.o ABSOLUTE
    handlers.s                               0x00000000   Number         0  handlers.o ABSOLUTE
    init.s                                   0x00000000   Number         0  init.o ABSOLUTE
    .ARM.Collect$$$$00000000                 0x000000c0   Section        0  entry.o(.ARM.Collect$$$$00000000)
    .ARM.Collect$$$$00000001                 0x000000c0   Section        4  entry2.o(.ARM.Collect$$$$00000001)
    .ARM.Collect$$$$00000004                 0x000000c4   Section        4  entry5.o(.ARM.Collect$$$$00000004)
    .ARM.Collect$$$$00000008                 0x000000c8   Section        0  entry7b.o(.ARM.Collect$$$$00000008)
    .ARM.Collect$$$$0000000A                 0x000000c8   Section        0  entry8b.o(.ARM.Collect$$$$0000000A)
    .ARM.Collect$$$$0000000B                 0x000000c8   Section        8  entry9a.o(.ARM.Collect$$$$0000000B)
    .ARM.Collect$$$$0000000D                 0x000000d0   Section        0  entry10a.o(.ARM.Collect$$$$0000000D)
    .ARM.Collect$$$$0000000F                 0x000000d0   Section        0  entry11a.o(.ARM.Collect$$$$0000000F)
    .ARM.Collect$$$$00002712                 0x000000d0   Section        4  entry2.o(.ARM.Collect$$$$00002712)
    __lit__00000000                          0x000000d0   Data           4  entry2.o(.ARM.Collect$$$$00002712)
    .emb_text                                0x000000d4   Section       30  nrf_delay.o(.emb_text)
    .emb_text                                0x000000f4   Section       30  app_timer.o(.emb_text)
    .text                                    0x00000114   Section       56  arm_startup_nrf51.o(.text)
    .text                                    0x0000014c   Section        0  uidiv.o(.text)
    .text                                    0x00000178   Section        0  idiv.o(.text)
    .text                                    0x000001a0   Section        0  memcpya.o(.text)
    .text                                    0x000001c4   Section        0  ddiv.o(.text)
    .text                                    0x000002b4   Section        0  dfltui.o(.text)
    .text                                    0x000002d0   Section       40  cdrcmple.o(.text)
    .text                                    0x000002f8   Section        0  iusefp.o(.text)
    .text                                    0x000002f8   Section        0  depilogue.o(.text)
    .text                                    0x000003b8   Section       36  init.o(.text)
    .text                                    0x000003dc   Section        0  llshl.o(.text)
    .text                                    0x000003fc   Section        0  llushr.o(.text)
    i.GPIOTE_IRQHandler                      0x00000420   Section        0  nrf_drv_gpiote.o(i.GPIOTE_IRQHandler)
    i.RTC1_IRQHandler                        0x0000051c   Section        0  app_timer.o(i.RTC1_IRQHandler)
    i.SWI0_IRQHandler                        0x0000053c   Section        0  app_timer.o(i.SWI0_IRQHandler)
    i.SystemInit                             0x00000590   Section        0  system_nrf51.o(i.SystemInit)
    i.TIMER0_IRQHandler                      0x000005e4   Section        0  nrf_drv_timer.o(i.TIMER0_IRQHandler)
    i.TIMER1_IRQHandler                      0x000005f4   Section        0  nrf_drv_timer.o(i.TIMER1_IRQHandler)
    i.TIMER2_IRQHandler                      0x00000604   Section        0  nrf_drv_timer.o(i.TIMER2_IRQHandler)
    i.UART0_IRQHandler                       0x00000614   Section        0  app_uart.o(i.UART0_IRQHandler)
    i.__ARM_clz                              0x0000068c   Section        0  depilogue.o(i.__ARM_clz)
    i.__ARM_common_switch8                   0x000006ba   Section        0  app_uart.o(i.__ARM_common_switch8)
    i.__scatterload_copy                     0x000006d4   Section       14  handlers.o(i.__scatterload_copy)
    i.__scatterload_null                     0x000006e2   Section        2  handlers.o(i.__scatterload_null)
    i.__scatterload_zeroinit                 0x000006e4   Section       14  handlers.o(i.__scatterload_zeroinit)
    i.action_tx_stop                         0x000006f4   Section        0  app_uart.o(i.action_tx_stop)
    i.action_uart_deactivate                 0x00000718   Section        0  app_uart.o(i.action_uart_deactivate)
    action_uart_deactivate                   0x00000719   Thumb Code    20  app_uart.o(i.action_uart_deactivate)
    i.app_error_handler                      0x00000738   Section        0  app_error.o(i.app_error_handler)
    i.app_pwm_channel_duty_get               0x00000754   Section        0  app_pwm.o(i.app_pwm_channel_duty_get)
    i.app_pwm_channel_duty_set               0x00000776   Section        0  app_pwm.o(i.app_pwm_channel_duty_set)
    i.app_pwm_channel_duty_ticks_get         0x00000796   Section        0  app_pwm.o(i.app_pwm_channel_duty_ticks_get)
    i.app_pwm_channel_duty_ticks_set         0x000007a4   Section        0  app_pwm.o(i.app_pwm_channel_duty_ticks_set)
    i.app_pwm_channel_init                   0x00000830   Section        0  app_pwm.o(i.app_pwm_channel_init)
    app_pwm_channel_init                     0x00000831   Thumb Code   200  app_pwm.o(i.app_pwm_channel_init)
    i.app_pwm_cycle_ticks_get                0x000008fc   Section        0  app_pwm.o(i.app_pwm_cycle_ticks_get)
    i.app_pwm_enable                         0x0000090a   Section        0  app_pwm.o(i.app_pwm_enable)
    i.app_pwm_init                           0x0000091c   Section        0  app_pwm.o(i.app_pwm_init)
    i.are_app_channels                       0x00000a9c   Section        0  nrf_drv_ppi.o(i.are_app_channels)
    are_app_channels                         0x00000a9d   Thumb Code    14  nrf_drv_ppi.o(i.are_app_channels)
    i.blink                                  0x00000aaa   Section        0  main.o(i.blink)
    i.channel_free                           0x00000ae4   Section        0  nrf_drv_gpiote.o(i.channel_free)
    channel_free                             0x00000ae5   Thumb Code    22  nrf_drv_gpiote.o(i.channel_free)
    i.channel_port_alloc                     0x00000b00   Section        0  nrf_drv_gpiote.o(i.channel_port_alloc)
    channel_port_alloc                       0x00000b01   Thumb Code    64  nrf_drv_gpiote.o(i.channel_port_alloc)
    i.channel_port_get                       0x00000b44   Section        0  nrf_drv_gpiote.o(i.channel_port_get)
    channel_port_get                         0x00000b45   Thumb Code    10  nrf_drv_gpiote.o(i.channel_port_get)
    i.clock_setup                            0x00000b54   Section        0  main.o(i.clock_setup)
    i.color                                  0x00000b9c   Section        0  main.o(i.color)
    i.compare_reg_update                     0x00000bcc   Section        0  app_timer.o(i.compare_reg_update)
    compare_reg_update                       0x00000bcd   Thumb Code   140  app_timer.o(i.compare_reg_update)
    i.critical_region_enter                  0x00000c70   Section        0  app_util_platform.o(i.critical_region_enter)
    i.critical_region_exit                   0x00000c80   Section        0  app_util_platform.o(i.critical_region_exit)
    i.elapsed_ticks_acquire                  0x00000c94   Section        0  app_timer.o(i.elapsed_ticks_acquire)
    elapsed_ticks_acquire                    0x00000c95   Thumb Code    58  app_timer.o(i.elapsed_ticks_acquire)
    i.expired_timers_handler                 0x00000cd4   Section        0  app_timer.o(i.expired_timers_handler)
    expired_timers_handler                   0x00000cd5   Thumb Code    82  app_timer.o(i.expired_timers_handler)
    i.is_allocated_channel                   0x00000d2c   Section        0  nrf_drv_ppi.o(i.is_allocated_channel)
    is_allocated_channel                     0x00000d2d   Thumb Code    20  nrf_drv_ppi.o(i.is_allocated_channel)
    i.is_allocated_group                     0x00000d44   Section        0  nrf_drv_ppi.o(i.is_allocated_group)
    is_allocated_group                       0x00000d45   Thumb Code    20  nrf_drv_ppi.o(i.is_allocated_group)
    i.is_app_channel                         0x00000d5c   Section        0  nrf_drv_ppi.o(i.is_app_channel)
    is_app_channel                           0x00000d5d   Thumb Code    14  nrf_drv_ppi.o(i.is_app_channel)
    i.is_app_group                           0x00000d6a   Section        0  nrf_drv_ppi.o(i.is_app_group)
    is_app_group                             0x00000d6b   Thumb Code    12  nrf_drv_ppi.o(i.is_app_group)
    i.is_manual_peripheral_setup_needed      0x00000d78   Section        0  system_nrf51.o(i.is_manual_peripheral_setup_needed)
    is_manual_peripheral_setup_needed        0x00000d79   Thumb Code    66  system_nrf51.o(i.is_manual_peripheral_setup_needed)
    i.is_programmable_app_channel            0x00000dc0   Section        0  nrf_drv_ppi.o(i.is_programmable_app_channel)
    is_programmable_app_channel              0x00000dc1   Thumb Code    14  nrf_drv_ppi.o(i.is_programmable_app_channel)
    i.led_init                               0x00000dd0   Section        0  main.o(i.led_init)
    i.list_deletions_handler                 0x00000e58   Section        0  app_timer.o(i.list_deletions_handler)
    list_deletions_handler                   0x00000e59   Thumb Code   144  app_timer.o(i.list_deletions_handler)
    i.list_insertions_handler                0x00000eec   Section        0  app_timer.o(i.list_insertions_handler)
    list_insertions_handler                  0x00000eed   Thumb Code   230  app_timer.o(i.list_insertions_handler)
    i.main                                   0x00000fdc   Section        0  main.o(i.main)
    i.mesh                                   0x0000109c   Section        0  main.o(i.mesh)
    i.nrf_delay_ms                           0x0000111c   Section        0  nrf_delay.o(i.nrf_delay_ms)
    i.nrf_drv_common_irq_enable              0x00001138   Section        0  nrf_drv_common.o(i.nrf_drv_common_irq_enable)
    i.nrf_drv_gpiote_init                    0x00001198   Section        0  nrf_drv_gpiote.o(i.nrf_drv_gpiote_init)
    i.nrf_drv_gpiote_is_init                 0x000011ec   Section        0  nrf_drv_gpiote.o(i.nrf_drv_gpiote_is_init)
    i.nrf_drv_gpiote_out_init                0x000011fc   Section        0  nrf_drv_gpiote.o(i.nrf_drv_gpiote_out_init)
    i.nrf_drv_gpiote_out_task_addr_get       0x00001290   Section        0  nrf_drv_gpiote.o(i.nrf_drv_gpiote_out_task_addr_get)
    i.nrf_drv_gpiote_out_task_enable         0x000012a4   Section        0  nrf_drv_gpiote.o(i.nrf_drv_gpiote_out_task_enable)
    i.nrf_drv_gpiote_out_task_force          0x000012d4   Section        0  nrf_drv_gpiote.o(i.nrf_drv_gpiote_out_task_force)
    i.nrf_drv_gpiote_out_task_trigger        0x00001304   Section        0  nrf_drv_gpiote.o(i.nrf_drv_gpiote_out_task_trigger)
    i.nrf_drv_gpiote_out_uninit              0x0000131c   Section        0  nrf_drv_gpiote.o(i.nrf_drv_gpiote_out_uninit)
    i.nrf_drv_ppi_channel_alloc              0x0000134c   Section        0  nrf_drv_ppi.o(i.nrf_drv_ppi_channel_alloc)
    i.nrf_drv_ppi_channel_assign             0x000013a0   Section        0  nrf_drv_ppi.o(i.nrf_drv_ppi_channel_assign)
    i.nrf_drv_ppi_channel_disable            0x000013e0   Section        0  nrf_drv_ppi.o(i.nrf_drv_ppi_channel_disable)
    i.nrf_drv_ppi_channel_enable             0x00001418   Section        0  nrf_drv_ppi.o(i.nrf_drv_ppi_channel_enable)
    i.nrf_drv_ppi_channel_free               0x00001450   Section        0  nrf_drv_ppi.o(i.nrf_drv_ppi_channel_free)
    i.nrf_drv_ppi_channel_include_in_group   0x00001488   Section        0  app_pwm.o(i.nrf_drv_ppi_channel_include_in_group)
    nrf_drv_ppi_channel_include_in_group     0x00001489   Thumb Code    14  app_pwm.o(i.nrf_drv_ppi_channel_include_in_group)
    i.nrf_drv_ppi_channels_include_in_group  0x00001498   Section        0  nrf_drv_ppi.o(i.nrf_drv_ppi_channels_include_in_group)
    i.nrf_drv_ppi_channels_remove_from_group 0x000014e0   Section        0  nrf_drv_ppi.o(i.nrf_drv_ppi_channels_remove_from_group)
    i.nrf_drv_ppi_group_alloc                0x00001528   Section        0  nrf_drv_ppi.o(i.nrf_drv_ppi_group_alloc)
    i.nrf_drv_ppi_group_disable              0x00001578   Section        0  nrf_drv_ppi.o(i.nrf_drv_ppi_group_disable)
    i.nrf_drv_ppi_group_enable               0x0000159c   Section        0  nrf_drv_ppi.o(i.nrf_drv_ppi_group_enable)
    i.nrf_drv_ppi_group_free                 0x000015cc   Section        0  nrf_drv_ppi.o(i.nrf_drv_ppi_group_free)
    i.nrf_drv_ppi_init                       0x00001614   Section        0  nrf_drv_ppi.o(i.nrf_drv_ppi_init)
    i.nrf_drv_timer_capture_get              0x0000162c   Section        0  nrf_drv_timer.o(i.nrf_drv_timer_capture_get)
    i.nrf_drv_timer_clear                    0x0000163a   Section        0  nrf_drv_timer.o(i.nrf_drv_timer_clear)
    i.nrf_drv_timer_compare                  0x00001642   Section        0  nrf_drv_timer.o(i.nrf_drv_timer_compare)
    i.nrf_drv_timer_compare_event_address_get 0x0000166c   Section        0  nrf_drv_timer.o(i.nrf_drv_timer_compare_event_address_get)
    i.nrf_drv_timer_compare_int_disable      0x0000167a   Section        0  nrf_drv_timer.o(i.nrf_drv_timer_compare_int_disable)
    i.nrf_drv_timer_compare_int_enable       0x0000168c   Section        0  nrf_drv_timer.o(i.nrf_drv_timer_compare_int_enable)
    i.nrf_drv_timer_disable                  0x000016b0   Section        0  nrf_drv_timer.o(i.nrf_drv_timer_disable)
    i.nrf_drv_timer_enable                   0x000016c4   Section        0  nrf_drv_timer.o(i.nrf_drv_timer_enable)
    i.nrf_drv_timer_extended_compare         0x000016d8   Section        0  nrf_drv_timer.o(i.nrf_drv_timer_extended_compare)
    i.nrf_drv_timer_init                     0x00001708   Section        0  nrf_drv_timer.o(i.nrf_drv_timer_init)
    i.nrf_drv_timer_interrupt_handle         0x000017a4   Section        0  nrf_drv_timer.o(i.nrf_drv_timer_interrupt_handle)
    nrf_drv_timer_interrupt_handle           0x000017a5   Thumb Code    66  nrf_drv_timer.o(i.nrf_drv_timer_interrupt_handle)
    i.nrf_drv_timer_uninit                   0x000017ec   Section        0  nrf_drv_timer.o(i.nrf_drv_timer_uninit)
    i.nrf_drv_timer_us_to_ticks              0x00001850   Section        0  nrf_drv_timer.o(i.nrf_drv_timer_us_to_ticks)
    i.nrf_gpio_cfg_sense_set                 0x00001868   Section        0  nrf_drv_gpiote.o(i.nrf_gpio_cfg_sense_set)
    nrf_gpio_cfg_sense_set                   0x00001869   Thumb Code    26  nrf_drv_gpiote.o(i.nrf_gpio_cfg_sense_set)
    i.nrf_gpiote_event_is_set                0x00001888   Section        0  nrf_drv_gpiote.o(i.nrf_gpiote_event_is_set)
    nrf_gpiote_event_is_set                  0x00001889   Thumb Code    14  nrf_drv_gpiote.o(i.nrf_gpiote_event_is_set)
    i.on_uart_event                          0x0000189c   Section        0  app_uart.o(i.on_uart_event)
    on_uart_event                            0x0000189d   Thumb Code   114  app_uart.o(i.on_uart_event)
    i.pan73_workaround                       0x0000191c   Section        0  app_pwm.o(i.pan73_workaround)
    pan73_workaround                         0x0000191d   Thumb Code    32  app_pwm.o(i.pan73_workaround)
    i.pin_in_use_by_te                       0x00001954   Section        0  nrf_drv_gpiote.o(i.pin_in_use_by_te)
    pin_in_use_by_te                         0x00001955   Thumb Code    20  nrf_drv_gpiote.o(i.pin_in_use_by_te)
    i.pwm_channel_ppi_disable                0x0000196c   Section        0  app_pwm.o(i.pwm_channel_ppi_disable)
    pwm_channel_ppi_disable                  0x0000196d   Thumb Code    24  app_pwm.o(i.pwm_channel_ppi_disable)
    i.pwm_dealloc                            0x00001984   Section        0  app_pwm.o(i.pwm_dealloc)
    pwm_dealloc                              0x00001985   Thumb Code   128  app_pwm.o(i.pwm_dealloc)
    i.pwm_ppi_disable                        0x00001a04   Section        0  app_pwm.o(i.pwm_ppi_disable)
    pwm_ppi_disable                          0x00001a05   Thumb Code    20  app_pwm.o(i.pwm_ppi_disable)
    i.pwm_ready_callback                     0x00001a18   Section        0  main.o(i.pwm_ready_callback)
    i.pwm_ready_tick                         0x00001a24   Section        0  app_pwm.o(i.pwm_ready_tick)
    i.pwm_transition_0or100_to_0or100        0x00001a60   Section        0  app_pwm.o(i.pwm_transition_0or100_to_0or100)
    pwm_transition_0or100_to_0or100          0x00001a61   Thumb Code   102  app_pwm.o(i.pwm_transition_0or100_to_0or100)
    i.pwm_transition_0or100_to_n             0x00001ac8   Section        0  app_pwm.o(i.pwm_transition_0or100_to_n)
    pwm_transition_0or100_to_n               0x00001ac9   Thumb Code   134  app_pwm.o(i.pwm_transition_0or100_to_n)
    i.pwm_transition_n_to_0or100             0x00001b58   Section        0  app_pwm.o(i.pwm_transition_n_to_0or100)
    pwm_transition_n_to_0or100               0x00001b59   Thumb Code   114  app_pwm.o(i.pwm_transition_n_to_0or100)
    i.pwm_transition_n_to_m                  0x00001bd4   Section        0  app_pwm.o(i.pwm_transition_n_to_m)
    pwm_transition_n_to_m                    0x00001bd5   Thumb Code   154  app_pwm.o(i.pwm_transition_n_to_m)
    i.radio_receive                          0x00001c74   Section        0  main.o(i.radio_receive)
    i.radio_setup                            0x00001cec   Section        0  main.o(i.radio_setup)
    i.radio_transmit                         0x00001d60   Section        0  main.o(i.radio_transmit)
    i.rtc1_stop                              0x00001dec   Section        0  app_timer.o(i.rtc1_stop)
    rtc1_stop                                0x00001ded   Thumb Code    50  app_timer.o(i.rtc1_stop)
    i.sync                                   0x00001e30   Section        0  main.o(i.sync)
    i.timer_list_handler_sched               0x00001e94   Section        0  app_timer.o(i.timer_list_handler_sched)
    timer_list_handler_sched                 0x00001e95   Thumb Code    10  app_timer.o(i.timer_list_handler_sched)
    i.timer_list_insert                      0x00001ea4   Section        0  app_timer.o(i.timer_list_insert)
    timer_list_insert                        0x00001ea5   Thumb Code    94  app_timer.o(i.timer_list_insert)
    i.timer_list_remove                      0x00001f08   Section        0  app_timer.o(i.timer_list_remove)
    timer_list_remove                        0x00001f09   Thumb Code   104  app_timer.o(i.timer_list_remove)
    i.timer_timeouts_check                   0x00001f78   Section        0  app_timer.o(i.timer_timeouts_check)
    timer_timeouts_check                     0x00001f79   Thumb Code   120  app_timer.o(i.timer_timeouts_check)
    .constdata                               0x00001ff8   Section        8  main.o(.constdata)
    .constdata                               0x00002000   Section       84  main.o(.constdata)
    .constdata                               0x00002054   Section        8  main.o(.constdata)
    .constdata                               0x0000205c   Section        8  main.o(.constdata)
    .constdata                               0x00002064   Section       24  nrf_drv_timer.o(.constdata)
    m_default_config                         0x00002064   Data          24  nrf_drv_timer.o(.constdata)
    .constdata                               0x0000207c   Section       12  app_pwm.o(.constdata)
    .data                                    0x20000000   Section       20  main.o(.data)
    ready_flag                               0x20000000   Data           1  main.o(.data)
    .data                                    0x20000014   Section        4  system_nrf51.o(.data)
    __tagsym$$used                           0x20000014   Number         0  system_nrf51.o(.data)
    .data                                    0x20000018   Section        8  nrf_drv_ppi.o(.data)
    m_drv_state                              0x20000018   Data           1  nrf_drv_ppi.o(.data)
    m_groups_allocated                       0x20000019   Data           1  nrf_drv_ppi.o(.data)
    m_channels_allocated                     0x2000001c   Data           4  nrf_drv_ppi.o(.data)
    .data                                    0x20000020   Section        3  nrf_drv_timer.o(.data)
    m_cb                                     0x20000020   Data           3  nrf_drv_timer.o(.data)
    .data                                    0x20000024   Section       12  app_uart.o(.data)
    m_instance_counter                       0x20000024   Data           1  app_uart.o(.data)
    m_current_state                          0x20000025   Data           1  app_uart.o(.data)
    m_tx_byte                                0x20000026   Data           1  app_uart.o(.data)
    m_rx_byte                                0x20000028   Data           2  app_uart.o(.data)
    m_event_handler                          0x2000002c   Data           4  app_uart.o(.data)
    .data                                    0x20000030   Section        3  app_pwm.o(.data)
    .data                                    0x20000034   Section       36  app_timer.o(.data)
    m_node_array_size                        0x20000034   Data           1  app_timer.o(.data)
    m_user_array_size                        0x20000035   Data           1  app_timer.o(.data)
    m_ticks_elapsed_q_read_ind               0x20000036   Data           1  app_timer.o(.data)
    m_ticks_elapsed_q_write_ind              0x20000037   Data           1  app_timer.o(.data)
    m_rtc1_running                           0x20000038   Data           1  app_timer.o(.data)
    m_rtc1_reset                             0x20000039   Data           1  app_timer.o(.data)
    mp_nodes                                 0x2000003c   Data           4  app_timer.o(.data)
    mp_users                                 0x20000040   Data           4  app_timer.o(.data)
    m_timer_id_head                          0x20000044   Data           4  app_timer.o(.data)
    m_ticks_latest                           0x20000048   Data           4  app_timer.o(.data)
    m_evt_schedule_func                      0x2000004c   Data           4  app_timer.o(.data)
    m_ticks_elapsed                          0x20000050   Data           8  app_timer.o(.data)
    .data                                    0x20000058   Section        4  app_util_platform.o(.data)
    m_in_critical_region                     0x20000058   Data           4  app_util_platform.o(.data)
    .bss                                     0x2000005c   Section       32  main.o(.bss)
    .bss                                     0x2000007c   Section       36  main.o(.bss)
    .bss                                     0x200000a0   Section       36  main.o(.bss)
    .bss                                     0x200000c4   Section       36  main.o(.bss)
    .bss                                     0x200000e8   Section       56  nrf_drv_gpiote.o(.bss)
    m_cb                                     0x200000e8   Data          56  nrf_drv_gpiote.o(.bss)
    .bss                                     0x20000120   Section       24  nrf_drv_timer.o(.bss)
    m_timer_event_handlers                   0x20000120   Data          12  nrf_drv_timer.o(.bss)
    mp_contexts                              0x2000012c   Data          12  nrf_drv_timer.o(.bss)
    .bss                                     0x20000138   Section       12  app_pwm.o(.bss)
    m_instances                              0x20000138   Data          12  app_pwm.o(.bss)
    STACK                                    0x20000148   Section     2048  arm_startup_nrf51.o(STACK)

    Global Symbols

    Symbol Name                              Value     Ov Type        Size  Object(Section)

    BuildAttributes$$THM_ISAv3M$S$PE$A:L22$X:L11$S22$IEEE1$IW$USESV6$~STKCKD$USESV7$~SHL$OSPACE$ROPI$EBA8$MICROLIB$REQ8$PRES8$EABIv2 0x00000000   Number         0  anon$$obj.o ABSOLUTE
    __ARM_use_no_argv                        0x00000000   Number         0  main.o ABSOLUTE
    __Vectors                                0x00000000   Data           4  arm_startup_nrf51.o(RESET)
    __cpp_initialize__aeabi_                  - Undefined Weak Reference
    __cxa_finalize                            - Undefined Weak Reference
    __decompress                              - Undefined Weak Reference
    _clock_init                               - Undefined Weak Reference
    _microlib_exit                            - Undefined Weak Reference
    __Vectors_End                            0x000000c0   Data           0  arm_startup_nrf51.o(RESET)
    __Vectors_Size                           0x000000c0   Number         0  arm_startup_nrf51.o ABSOLUTE
    __main                                   0x000000c1   Thumb Code     0  entry.o(.ARM.Collect$$$$00000000)
    _main_stk                                0x000000c1   Thumb Code     0  entry2.o(.ARM.Collect$$$$00000001)
    _main_scatterload                        0x000000c5   Thumb Code     0  entry5.o(.ARM.Collect$$$$00000004)
    __main_after_scatterload                 0x000000c9   Thumb Code     0  entry5.o(.ARM.Collect$$$$00000004)
    _main_clock                              0x000000c9   Thumb Code     0  entry7b.o(.ARM.Collect$$$$00000008)
    _main_cpp_init                           0x000000c9   Thumb Code     0  entry8b.o(.ARM.Collect$$$$0000000A)
    _main_init                               0x000000c9   Thumb Code     0  entry9a.o(.ARM.Collect$$$$0000000B)
    __rt_final_cpp                           0x000000d1   Thumb Code     0  entry10a.o(.ARM.Collect$$$$0000000D)
    __rt_final_exit                          0x000000d1   Thumb Code     0  entry11a.o(.ARM.Collect$$$$0000000F)
    __asm___11_nrf_delay_c_532987f3__nrf_delay_us 0x000000d5   Thumb Code    30  nrf_delay.o(.emb_text)
    __asm___11_app_timer_c_cd27f9c3__nrf_delay_us 0x000000f5   Thumb Code    30  app_timer.o(.emb_text)
    Reset_Handler                            0x00000115   Thumb Code    26  arm_startup_nrf51.o(.text)
    NMI_Handler                              0x0000012f   Thumb Code     2  arm_startup_nrf51.o(.text)
    HardFault_Handler                        0x00000131   Thumb Code     2  arm_startup_nrf51.o(.text)
    SVC_Handler                              0x00000133   Thumb Code     2  arm_startup_nrf51.o(.text)
    PendSV_Handler                           0x00000135   Thumb Code     2  arm_startup_nrf51.o(.text)
    SysTick_Handler                          0x00000137   Thumb Code     2  arm_startup_nrf51.o(.text)
    ADC_IRQHandler                           0x00000139   Thumb Code     0  arm_startup_nrf51.o(.text)
    CCM_AAR_IRQHandler                       0x00000139   Thumb Code     0  arm_startup_nrf51.o(.text)
    ECB_IRQHandler                           0x00000139   Thumb Code     0  arm_startup_nrf51.o(.text)
    LPCOMP_IRQHandler                        0x00000139   Thumb Code     0  arm_startup_nrf51.o(.text)
    POWER_CLOCK_IRQHandler                   0x00000139   Thumb Code     0  arm_startup_nrf51.o(.text)
    QDEC_IRQHandler                          0x00000139   Thumb Code     0  arm_startup_nrf51.o(.text)
    RADIO_IRQHandler                         0x00000139   Thumb Code     0  arm_startup_nrf51.o(.text)
    RNG_IRQHandler                           0x00000139   Thumb Code     0  arm_startup_nrf51.o(.text)
    RTC0_IRQHandler                          0x00000139   Thumb Code     0  arm_startup_nrf51.o(.text)
    SPI0_TWI0_IRQHandler                     0x00000139   Thumb Code     0  arm_startup_nrf51.o(.text)
    SPI1_TWI1_IRQHandler                     0x00000139   Thumb Code     0  arm_startup_nrf51.o(.text)
    SWI1_IRQHandler                          0x00000139   Thumb Code     0  arm_startup_nrf51.o(.text)
    SWI2_IRQHandler                          0x00000139   Thumb Code     0  arm_startup_nrf51.o(.text)
    SWI3_IRQHandler                          0x00000139   Thumb Code     0  arm_startup_nrf51.o(.text)
    SWI4_IRQHandler                          0x00000139   Thumb Code     0  arm_startup_nrf51.o(.text)
    SWI5_IRQHandler                          0x00000139   Thumb Code     0  arm_startup_nrf51.o(.text)
    TEMP_IRQHandler                          0x00000139   Thumb Code     0  arm_startup_nrf51.o(.text)
    WDT_IRQHandler                           0x00000139   Thumb Code     0  arm_startup_nrf51.o(.text)
    __aeabi_uidiv                            0x0000014d   Thumb Code     0  uidiv.o(.text)
    __aeabi_uidivmod                         0x0000014d   Thumb Code    44  uidiv.o(.text)
    __aeabi_idiv                             0x00000179   Thumb Code     0  idiv.o(.text)
    __aeabi_idivmod                          0x00000179   Thumb Code    40  idiv.o(.text)
    __aeabi_memcpy                           0x000001a1   Thumb Code    36  memcpya.o(.text)
    __aeabi_memcpy4                          0x000001a1   Thumb Code     0  memcpya.o(.text)
    __aeabi_memcpy8                          0x000001a1   Thumb Code     0  memcpya.o(.text)
    __aeabi_ddiv                             0x000001c5   Thumb Code   234  ddiv.o(.text)
    __aeabi_ui2d                             0x000002b5   Thumb Code    24  dfltui.o(.text)
    __aeabi_cdrcmple                         0x000002d1   Thumb Code    38  cdrcmple.o(.text)
    __I$use$fp                               0x000002f9   Thumb Code     0  iusefp.o(.text)
    _double_round                            0x000002f9   Thumb Code    26  depilogue.o(.text)
    _double_epilogue                         0x00000313   Thumb Code   164  depilogue.o(.text)
    __scatterload                            0x000003b9   Thumb Code    28  init.o(.text)
    __scatterload_rt2                        0x000003b9   Thumb Code     0  init.o(.text)
    __aeabi_llsl                             0x000003dd   Thumb Code    32  llshl.o(.text)
    _ll_shift_l                              0x000003dd   Thumb Code     0  llshl.o(.text)
    __aeabi_llsr                             0x000003fd   Thumb Code    34  llushr.o(.text)
    _ll_ushift_r                             0x000003fd   Thumb Code     0  llushr.o(.text)
    GPIOTE_IRQHandler                        0x00000421   Thumb Code   224  nrf_drv_gpiote.o(i.GPIOTE_IRQHandler)
    RTC1_IRQHandler                          0x0000051d   Thumb Code    28  app_timer.o(i.RTC1_IRQHandler)
    SWI0_IRQHandler                          0x0000053d   Thumb Code    78  app_timer.o(i.SWI0_IRQHandler)
    SystemInit                               0x00000591   Thumb Code    64  system_nrf51.o(i.SystemInit)
    TIMER0_IRQHandler                        0x000005e5   Thumb Code    12  nrf_drv_timer.o(i.TIMER0_IRQHandler)
    TIMER1_IRQHandler                        0x000005f5   Thumb Code    12  nrf_drv_timer.o(i.TIMER1_IRQHandler)
    TIMER2_IRQHandler                        0x00000605   Thumb Code    12  nrf_drv_timer.o(i.TIMER2_IRQHandler)
    UART0_IRQHandler                         0x00000615   Thumb Code   104  app_uart.o(i.UART0_IRQHandler)
    __ARM_clz                                0x0000068d   Thumb Code    46  depilogue.o(i.__ARM_clz)
    __ARM_common_switch8                     0x000006bb   Thumb Code    26  app_uart.o(i.__ARM_common_switch8)
    __scatterload_copy                       0x000006d5   Thumb Code    14  handlers.o(i.__scatterload_copy)
    __scatterload_null                       0x000006e3   Thumb Code     2  handlers.o(i.__scatterload_null)
    __scatterload_zeroinit                   0x000006e5   Thumb Code    14  handlers.o(i.__scatterload_zeroinit)
    action_tx_stop                           0x000006f5   Thumb Code    26  app_uart.o(i.action_tx_stop)
    app_error_handler                        0x00000739   Thumb Code    18  app_error.o(i.app_error_handler)
    app_pwm_channel_duty_get                 0x00000755   Thumb Code    34  app_pwm.o(i.app_pwm_channel_duty_get)
    app_pwm_channel_duty_set                 0x00000777   Thumb Code    32  app_pwm.o(i.app_pwm_channel_duty_set)
    app_pwm_channel_duty_ticks_get           0x00000797   Thumb Code    12  app_pwm.o(i.app_pwm_channel_duty_ticks_get)
    app_pwm_channel_duty_ticks_set           0x000007a5   Thumb Code   134  app_pwm.o(i.app_pwm_channel_duty_ticks_set)
    app_pwm_cycle_ticks_get                  0x000008fd   Thumb Code    14  app_pwm.o(i.app_pwm_cycle_ticks_get)
    app_pwm_enable                           0x0000090b   Thumb Code    18  app_pwm.o(i.app_pwm_enable)
    app_pwm_init                             0x0000091d   Thumb Code   362  app_pwm.o(i.app_pwm_init)
    blink                                    0x00000aab   Thumb Code    56  main.o(i.blink)
    clock_setup                              0x00000b55   Thumb Code    62  main.o(i.clock_setup)
    color                                    0x00000b9d   Thumb Code    42  main.o(i.color)
    critical_region_enter                    0x00000c71   Thumb Code    12  app_util_platform.o(i.critical_region_enter)
    critical_region_exit                     0x00000c81   Thumb Code    14  app_util_platform.o(i.critical_region_exit)
    led_init                                 0x00000dd1   Thumb Code   122  main.o(i.led_init)
    main                                     0x00000fdd   Thumb Code   180  main.o(i.main)
    mesh                                     0x0000109d   Thumb Code   124  main.o(i.mesh)
    nrf_delay_ms                             0x0000111d   Thumb Code    24  nrf_delay.o(i.nrf_delay_ms)
    nrf_drv_common_irq_enable                0x00001139   Thumb Code    78  nrf_drv_common.o(i.nrf_drv_common_irq_enable)
    nrf_drv_gpiote_init                      0x00001199   Thumb Code    74  nrf_drv_gpiote.o(i.nrf_drv_gpiote_init)
    nrf_drv_gpiote_is_init                   0x000011ed   Thumb Code    12  nrf_drv_gpiote.o(i.nrf_drv_gpiote_is_init)
    nrf_drv_gpiote_out_init                  0x000011fd   Thumb Code   128  nrf_drv_gpiote.o(i.nrf_drv_gpiote_out_init)
    nrf_drv_gpiote_out_task_addr_get         0x00001291   Thumb Code    16  nrf_drv_gpiote.o(i.nrf_drv_gpiote_out_task_addr_get)
    nrf_drv_gpiote_out_task_enable           0x000012a5   Thumb Code    38  nrf_drv_gpiote.o(i.nrf_drv_gpiote_out_task_enable)
    nrf_drv_gpiote_out_task_force            0x000012d5   Thumb Code    40  nrf_drv_gpiote.o(i.nrf_drv_gpiote_out_task_force)
    nrf_drv_gpiote_out_task_trigger          0x00001305   Thumb Code    20  nrf_drv_gpiote.o(i.nrf_drv_gpiote_out_task_trigger)
    nrf_drv_gpiote_out_uninit                0x0000131d   Thumb Code    40  nrf_drv_gpiote.o(i.nrf_drv_gpiote_out_uninit)
    nrf_drv_ppi_channel_alloc                0x0000134d   Thumb Code    76  nrf_drv_ppi.o(i.nrf_drv_ppi_channel_alloc)
    nrf_drv_ppi_channel_assign               0x000013a1   Thumb Code    58  nrf_drv_ppi.o(i.nrf_drv_ppi_channel_assign)
    nrf_drv_ppi_channel_disable              0x000013e1   Thumb Code    52  nrf_drv_ppi.o(i.nrf_drv_ppi_channel_disable)
    nrf_drv_ppi_channel_enable               0x00001419   Thumb Code    52  nrf_drv_ppi.o(i.nrf_drv_ppi_channel_enable)
    nrf_drv_ppi_channel_free                 0x00001451   Thumb Code    46  nrf_drv_ppi.o(i.nrf_drv_ppi_channel_free)
    nrf_drv_ppi_channels_include_in_group    0x00001499   Thumb Code    68  nrf_drv_ppi.o(i.nrf_drv_ppi_channels_include_in_group)
    nrf_drv_ppi_channels_remove_from_group   0x000014e1   Thumb Code    68  nrf_drv_ppi.o(i.nrf_drv_ppi_channels_remove_from_group)
    nrf_drv_ppi_group_alloc                  0x00001529   Thumb Code    76  nrf_drv_ppi.o(i.nrf_drv_ppi_group_alloc)
    nrf_drv_ppi_group_disable                0x00001579   Thumb Code    30  nrf_drv_ppi.o(i.nrf_drv_ppi_group_disable)
    nrf_drv_ppi_group_enable                 0x0000159d   Thumb Code    44  nrf_drv_ppi.o(i.nrf_drv_ppi_group_enable)
    nrf_drv_ppi_group_free                   0x000015cd   Thumb Code    64  nrf_drv_ppi.o(i.nrf_drv_ppi_group_free)
    nrf_drv_ppi_init                         0x00001615   Thumb Code    20  nrf_drv_ppi.o(i.nrf_drv_ppi_init)
    nrf_drv_timer_capture_get                0x0000162d   Thumb Code    14  nrf_drv_timer.o(i.nrf_drv_timer_capture_get)
    nrf_drv_timer_clear                      0x0000163b   Thumb Code     8  nrf_drv_timer.o(i.nrf_drv_timer_clear)
    nrf_drv_timer_compare                    0x00001643   Thumb Code    42  nrf_drv_timer.o(i.nrf_drv_timer_compare)
    nrf_drv_timer_compare_event_address_get  0x0000166d   Thumb Code    14  nrf_drv_timer.o(i.nrf_drv_timer_compare_event_address_get)
    nrf_drv_timer_compare_int_disable        0x0000167b   Thumb Code    18  nrf_drv_timer.o(i.nrf_drv_timer_compare_int_disable)
    nrf_drv_timer_compare_int_enable         0x0000168d   Thumb Code    34  nrf_drv_timer.o(i.nrf_drv_timer_compare_int_enable)
    nrf_drv_timer_disable                    0x000016b1   Thumb Code    14  nrf_drv_timer.o(i.nrf_drv_timer_disable)
    nrf_drv_timer_enable                     0x000016c5   Thumb Code    16  nrf_drv_timer.o(i.nrf_drv_timer_enable)
    nrf_drv_timer_extended_compare           0x000016d9   Thumb Code    46  nrf_drv_timer.o(i.nrf_drv_timer_extended_compare)
    nrf_drv_timer_init                       0x00001709   Thumb Code   144  nrf_drv_timer.o(i.nrf_drv_timer_init)
    nrf_drv_timer_uninit                     0x000017ed   Thumb Code    84  nrf_drv_timer.o(i.nrf_drv_timer_uninit)
    nrf_drv_timer_us_to_ticks                0x00001851   Thumb Code    22  nrf_drv_timer.o(i.nrf_drv_timer_us_to_ticks)
    pwm_ready_callback                       0x00001a19   Thumb Code     8  main.o(i.pwm_ready_callback)
    pwm_ready_tick                           0x00001a25   Thumb Code    50  app_pwm.o(i.pwm_ready_tick)
    radio_receive                            0x00001c75   Thumb Code    96  main.o(i.radio_receive)
    radio_setup                              0x00001ced   Thumb Code    78  main.o(i.radio_setup)
    radio_transmit                           0x00001d61   Thumb Code   118  main.o(i.radio_transmit)
    sync                                     0x00001e31   Thumb Code    88  main.o(i.sync)
    m_pwm_PWM_B_timer                        0x00001ff8   Data           8  main.o(.constdata)
    PWM_B                                    0x00002000   Data           8  main.o(.constdata)
    PWM_R                                    0x00002008   Data           8  main.o(.constdata)
    PWM_G                                    0x00002010   Data           8  main.o(.constdata)
    m_pwm_PWM_R_timer                        0x00002054   Data           8  main.o(.constdata)
    m_pwm_PWM_G_timer                        0x0000205c   Data           8  main.o(.constdata)
    Region$$Table$$Base                      0x00002088   Number         0  anon$$obj.o(Region$$Table)
    Region$$Table$$Limit                     0x000020a8   Number         0  anon$$obj.o(Region$$Table)
    rssi                                     0x20000001   Data           1  main.o(.data)
    B                                        0x20000004   Data           4  main.o(.data)
    R                                        0x20000008   Data           4  main.o(.data)
    G                                        0x2000000c   Data           4  main.o(.data)
    pos                                      0x20000010   Data           4  main.o(.data)
    SystemCoreClock                          0x20000014   Data           4  system_nrf51.o(.data)
    m_pwm_ready_counter                      0x20000030   Data           3  app_pwm.o(.data)
    packet_data                              0x2000005c   Data          32  main.o(.bss)
    m_pwm_PWM_B_cb                           0x2000007c   Data          36  main.o(.bss)
    m_pwm_PWM_R_cb                           0x200000a0   Data          36  main.o(.bss)
    m_pwm_PWM_G_cb                           0x200000c4   Data          36  main.o(.bss)
    __initial_sp                             0x20000948   Data           0  arm_startup_nrf51.o(STACK)



==============================================================================

Memory Map of the image

  Image Entry point : 0x000000c1

  Load Region LR_IROM1 (Base: 0x00000000, Size: 0x00002104, Max: 0x00040000, ABSOLUTE)

    Execution Region ER_IROM1 (Base: 0x00000000, Size: 0x000020a8, Max: 0x00040000, ABSOLUTE)

    Base Addr    Size         Type   Attr      Idx    E Section Name        Object

    0x00000000   0x000000c0   Data   RO          199    RESET               arm_startup_nrf51.o
    0x000000c0   0x00000000   Code   RO         1335  * .ARM.Collect$$$$00000000  mc_p.l(entry.o)
    0x000000c0   0x00000004   Code   RO         1354    .ARM.Collect$$$$00000001  mc_p.l(entry2.o)
    0x000000c4   0x00000004   Code   RO         1357    .ARM.Collect$$$$00000004  mc_p.l(entry5.o)
    0x000000c8   0x00000000   Code   RO         1359    .ARM.Collect$$$$00000008  mc_p.l(entry7b.o)
    0x000000c8   0x00000000   Code   RO         1361    .ARM.Collect$$$$0000000A  mc_p.l(entry8b.o)
    0x000000c8   0x00000008   Code   RO         1362    .ARM.Collect$$$$0000000B  mc_p.l(entry9a.o)
    0x000000d0   0x00000000   Code   RO         1364    .ARM.Collect$$$$0000000D  mc_p.l(entry10a.o)
    0x000000d0   0x00000000   Code   RO         1366    .ARM.Collect$$$$0000000F  mc_p.l(entry11a.o)
    0x000000d0   0x00000004   Code   RO         1355    .ARM.Collect$$$$00002712  mc_p.l(entry2.o)
    0x000000d4   0x0000001e   Code   RO          455    .emb_text           nrf_delay.o
    0x000000f2   0x00000002   PAD
    0x000000f4   0x0000001e   Code   RO         1149    .emb_text           app_timer.o
    0x00000112   0x00000002   PAD
    0x00000114   0x00000038   Code   RO          200    .text               arm_startup_nrf51.o
    0x0000014c   0x0000002c   Code   RO         1338    .text               mc_p.l(uidiv.o)
    0x00000178   0x00000028   Code   RO         1340    .text               mc_p.l(idiv.o)
    0x000001a0   0x00000024   Code   RO         1344    .text               mc_p.l(memcpya.o)
    0x000001c4   0x000000f0   Code   RO         1348    .text               mf_p.l(ddiv.o)
    0x000002b4   0x0000001c   Code   RO         1350    .text               mf_p.l(dfltui.o)
    0x000002d0   0x00000028   Code   RO         1352    .text               mf_p.l(cdrcmple.o)
    0x000002f8   0x00000000   Code   RO         1368    .text               mc_p.l(iusefp.o)
    0x000002f8   0x000000be   Code   RO         1369    .text               mf_p.l(depilogue.o)
    0x000003b6   0x00000002   PAD
    0x000003b8   0x00000024   Code   RO         1373    .text               mc_p.l(init.o)
    0x000003dc   0x00000020   Code   RO         1375    .text               mc_p.l(llshl.o)
    0x000003fc   0x00000022   Code   RO         1377    .text               mc_p.l(llushr.o)
    0x0000041e   0x00000002   PAD
    0x00000420   0x000000fc   Code   RO          269    i.GPIOTE_IRQHandler  nrf_drv_gpiote.o
    0x0000051c   0x00000020   Code   RO         1151    i.RTC1_IRQHandler   app_timer.o
    0x0000053c   0x00000054   Code   RO         1152    i.SWI0_IRQHandler   app_timer.o
    0x00000590   0x00000054   Code   RO          207    i.SystemInit        system_nrf51.o
    0x000005e4   0x00000010   Code   RO          618    i.TIMER0_IRQHandler  nrf_drv_timer.o
    0x000005f4   0x00000010   Code   RO          619    i.TIMER1_IRQHandler  nrf_drv_timer.o
    0x00000604   0x00000010   Code   RO          620    i.TIMER2_IRQHandler  nrf_drv_timer.o
    0x00000614   0x00000078   Code   RO          881    i.UART0_IRQHandler  app_uart.o
    0x0000068c   0x0000002e   Code   RO         1371    i.__ARM_clz         mf_p.l(depilogue.o)
    0x000006ba   0x0000001a   Code   RO          955    i.__ARM_common_switch8  app_uart.o
    0x000006d4   0x0000000e   Code   RO         1381    i.__scatterload_copy  mc_p.l(handlers.o)
    0x000006e2   0x00000002   Code   RO         1382    i.__scatterload_null  mc_p.l(handlers.o)
    0x000006e4   0x0000000e   Code   RO         1383    i.__scatterload_zeroinit  mc_p.l(handlers.o)
    0x000006f2   0x00000002   PAD
    0x000006f4   0x00000024   Code   RO          882    i.action_tx_stop    app_uart.o
    0x00000718   0x00000020   Code   RO          883    i.action_uart_deactivate  app_uart.o
    0x00000738   0x0000001c   Code   RO          975    i.app_error_handler  app_error.o
    0x00000754   0x00000022   Code   RO         1001    i.app_pwm_channel_duty_get  app_pwm.o
    0x00000776   0x00000020   Code   RO         1002    i.app_pwm_channel_duty_set  app_pwm.o
    0x00000796   0x0000000c   Code   RO         1003    i.app_pwm_channel_duty_ticks_get  app_pwm.o
    0x000007a2   0x00000002   PAD
    0x000007a4   0x0000008c   Code   RO         1004    i.app_pwm_channel_duty_ticks_set  app_pwm.o
    0x00000830   0x000000cc   Code   RO         1005    i.app_pwm_channel_init  app_pwm.o
    0x000008fc   0x0000000e   Code   RO         1006    i.app_pwm_cycle_ticks_get  app_pwm.o
    0x0000090a   0x00000012   Code   RO         1008    i.app_pwm_enable    app_pwm.o
    0x0000091c   0x00000180   Code   RO         1009    i.app_pwm_init      app_pwm.o
    0x00000a9c   0x0000000e   Code   RO          482    i.are_app_channels  nrf_drv_ppi.o
    0x00000aaa   0x00000038   Code   RO            4    i.blink             main.o
    0x00000ae2   0x00000002   PAD
    0x00000ae4   0x0000001c   Code   RO          270    i.channel_free      nrf_drv_gpiote.o
    0x00000b00   0x00000044   Code   RO          271    i.channel_port_alloc  nrf_drv_gpiote.o
    0x00000b44   0x00000010   Code   RO          272    i.channel_port_get  nrf_drv_gpiote.o
    0x00000b54   0x00000048   Code   RO            5    i.clock_setup       main.o
    0x00000b9c   0x00000030   Code   RO            6    i.color             main.o
    0x00000bcc   0x000000a4   Code   RO         1160    i.compare_reg_update  app_timer.o
    0x00000c70   0x00000010   Code   RO         1303    i.critical_region_enter  app_util_platform.o
    0x00000c80   0x00000014   Code   RO         1304    i.critical_region_exit  app_util_platform.o
    0x00000c94   0x00000040   Code   RO         1161    i.elapsed_ticks_acquire  app_timer.o
    0x00000cd4   0x00000058   Code   RO         1162    i.expired_timers_handler  app_timer.o
    0x00000d2c   0x00000018   Code   RO          483    i.is_allocated_channel  nrf_drv_ppi.o
    0x00000d44   0x00000018   Code   RO          484    i.is_allocated_group  nrf_drv_ppi.o
    0x00000d5c   0x0000000e   Code   RO          485    i.is_app_channel    nrf_drv_ppi.o
    0x00000d6a   0x0000000c   Code   RO          486    i.is_app_group      nrf_drv_ppi.o
    0x00000d76   0x00000002   PAD
    0x00000d78   0x00000048   Code   RO          208    i.is_manual_peripheral_setup_needed  system_nrf51.o
    0x00000dc0   0x0000000e   Code   RO          487    i.is_programmable_app_channel  nrf_drv_ppi.o
    0x00000dce   0x00000002   PAD
    0x00000dd0   0x00000088   Code   RO            7    i.led_init          main.o
    0x00000e58   0x00000094   Code   RO         1163    i.list_deletions_handler  app_timer.o
    0x00000eec   0x000000f0   Code   RO         1164    i.list_insertions_handler  app_timer.o
    0x00000fdc   0x000000c0   Code   RO            8    i.main              main.o
    0x0000109c   0x00000080   Code   RO            9    i.mesh              main.o
    0x0000111c   0x0000001c   Code   RO          456    i.nrf_delay_ms      nrf_delay.o
    0x00001138   0x00000060   Code   RO          243    i.nrf_drv_common_irq_enable  nrf_drv_common.o
    0x00001198   0x00000054   Code   RO          279    i.nrf_drv_gpiote_init  nrf_drv_gpiote.o
    0x000011ec   0x00000010   Code   RO          280    i.nrf_drv_gpiote_is_init  nrf_drv_gpiote.o
    0x000011fc   0x00000094   Code   RO          282    i.nrf_drv_gpiote_out_init  nrf_drv_gpiote.o
    0x00001290   0x00000014   Code   RO          284    i.nrf_drv_gpiote_out_task_addr_get  nrf_drv_gpiote.o
    0x000012a4   0x00000030   Code   RO          286    i.nrf_drv_gpiote_out_task_enable  nrf_drv_gpiote.o
    0x000012d4   0x00000030   Code   RO          287    i.nrf_drv_gpiote_out_task_force  nrf_drv_gpiote.o
    0x00001304   0x00000018   Code   RO          288    i.nrf_drv_gpiote_out_task_trigger  nrf_drv_gpiote.o
    0x0000131c   0x00000030   Code   RO          290    i.nrf_drv_gpiote_out_uninit  nrf_drv_gpiote.o
    0x0000134c   0x00000054   Code   RO          488    i.nrf_drv_ppi_channel_alloc  nrf_drv_ppi.o
    0x000013a0   0x00000040   Code   RO          489    i.nrf_drv_ppi_channel_assign  nrf_drv_ppi.o
    0x000013e0   0x00000038   Code   RO          490    i.nrf_drv_ppi_channel_disable  nrf_drv_ppi.o
    0x00001418   0x00000038   Code   RO          491    i.nrf_drv_ppi_channel_enable  nrf_drv_ppi.o
    0x00001450   0x00000038   Code   RO          492    i.nrf_drv_ppi_channel_free  nrf_drv_ppi.o
    0x00001488   0x0000000e   Code   RO         1011    i.nrf_drv_ppi_channel_include_in_group  app_pwm.o
    0x00001496   0x00000002   PAD
    0x00001498   0x00000048   Code   RO          493    i.nrf_drv_ppi_channels_include_in_group  nrf_drv_ppi.o
    0x000014e0   0x00000048   Code   RO          494    i.nrf_drv_ppi_channels_remove_from_group  nrf_drv_ppi.o
    0x00001528   0x00000050   Code   RO          495    i.nrf_drv_ppi_group_alloc  nrf_drv_ppi.o
    0x00001578   0x00000024   Code   RO          496    i.nrf_drv_ppi_group_disable  nrf_drv_ppi.o
    0x0000159c   0x00000030   Code   RO          497    i.nrf_drv_ppi_group_enable  nrf_drv_ppi.o
    0x000015cc   0x00000048   Code   RO          498    i.nrf_drv_ppi_group_free  nrf_drv_ppi.o
    0x00001614   0x00000018   Code   RO          499    i.nrf_drv_ppi_init  nrf_drv_ppi.o
    0x0000162c   0x0000000e   Code   RO          622    i.nrf_drv_timer_capture_get  nrf_drv_timer.o
    0x0000163a   0x00000008   Code   RO          624    i.nrf_drv_timer_clear  nrf_drv_timer.o
    0x00001642   0x0000002a   Code   RO          625    i.nrf_drv_timer_compare  nrf_drv_timer.o
    0x0000166c   0x0000000e   Code   RO          626    i.nrf_drv_timer_compare_event_address_get  nrf_drv_timer.o
    0x0000167a   0x00000012   Code   RO          627    i.nrf_drv_timer_compare_int_disable  nrf_drv_timer.o
    0x0000168c   0x00000022   Code   RO          628    i.nrf_drv_timer_compare_int_enable  nrf_drv_timer.o
    0x000016ae   0x00000002   PAD
    0x000016b0   0x00000014   Code   RO          629    i.nrf_drv_timer_disable  nrf_drv_timer.o
    0x000016c4   0x00000014   Code   RO          630    i.nrf_drv_timer_enable  nrf_drv_timer.o
    0x000016d8   0x0000002e   Code   RO          632    i.nrf_drv_timer_extended_compare  nrf_drv_timer.o
    0x00001706   0x00000002   PAD
    0x00001708   0x0000009c   Code   RO          634    i.nrf_drv_timer_init  nrf_drv_timer.o
    0x000017a4   0x00000048   Code   RO          635    i.nrf_drv_timer_interrupt_handle  nrf_drv_timer.o
    0x000017ec   0x00000064   Code   RO          640    i.nrf_drv_timer_uninit  nrf_drv_timer.o
    0x00001850   0x00000016   Code   RO          641    i.nrf_drv_timer_us_to_ticks  nrf_drv_timer.o
    0x00001866   0x00000002   PAD
    0x00001868   0x00000020   Code   RO          292    i.nrf_gpio_cfg_sense_set  nrf_drv_gpiote.o
    0x00001888   0x00000014   Code   RO          293    i.nrf_gpiote_event_is_set  nrf_drv_gpiote.o
    0x0000189c   0x00000080   Code   RO          891    i.on_uart_event     app_uart.o
    0x0000191c   0x00000038   Code   RO         1012    i.pan73_workaround  app_pwm.o
    0x00001954   0x00000018   Code   RO          295    i.pin_in_use_by_te  nrf_drv_gpiote.o
    0x0000196c   0x00000018   Code   RO         1013    i.pwm_channel_ppi_disable  app_pwm.o
    0x00001984   0x00000080   Code   RO         1014    i.pwm_dealloc       app_pwm.o
    0x00001a04   0x00000014   Code   RO         1015    i.pwm_ppi_disable   app_pwm.o
    0x00001a18   0x0000000c   Code   RO           10    i.pwm_ready_callback  main.o
    0x00001a24   0x0000003c   Code   RO         1016    i.pwm_ready_tick    app_pwm.o
    0x00001a60   0x00000066   Code   RO         1017    i.pwm_transition_0or100_to_0or100  app_pwm.o
    0x00001ac6   0x00000002   PAD
    0x00001ac8   0x00000090   Code   RO         1018    i.pwm_transition_0or100_to_n  app_pwm.o
    0x00001b58   0x0000007c   Code   RO         1019    i.pwm_transition_n_to_0or100  app_pwm.o
    0x00001bd4   0x000000a0   Code   RO         1020    i.pwm_transition_n_to_m  app_pwm.o
    0x00001c74   0x00000078   Code   RO           11    i.radio_receive     main.o
    0x00001cec   0x00000074   Code   RO           12    i.radio_setup       main.o
    0x00001d60   0x0000008c   Code   RO           13    i.radio_transmit    main.o
    0x00001dec   0x00000044   Code   RO         1165    i.rtc1_stop         app_timer.o
    0x00001e30   0x00000064   Code   RO           14    i.sync              main.o
    0x00001e94   0x00000010   Code   RO         1166    i.timer_list_handler_sched  app_timer.o
    0x00001ea4   0x00000064   Code   RO         1167    i.timer_list_insert  app_timer.o
    0x00001f08   0x00000070   Code   RO         1168    i.timer_list_remove  app_timer.o
    0x00001f78   0x00000080   Code   RO         1169    i.timer_timeouts_check  app_timer.o
    0x00001ff8   0x00000008   Data   RO           19    .constdata          main.o
    0x00002000   0x00000054   Data   RO           20    .constdata          main.o
    0x00002054   0x00000008   Data   RO           21    .constdata          main.o
    0x0000205c   0x00000008   Data   RO           22    .constdata          main.o
    0x00002064   0x00000018   Data   RO          643    .constdata          nrf_drv_timer.o
    0x0000207c   0x0000000c   Data   RO         1022    .constdata          app_pwm.o
    0x00002088   0x00000020   Data   RO         1379    Region$$Table       anon$$obj.o


    Execution Region RW_IRAM1 (Base: 0x20000000, Size: 0x00000948, Max: 0x00008000, ABSOLUTE)

    Base Addr    Size         Type   Attr      Idx    E Section Name        Object

    0x20000000   0x00000014   Data   RW           23    .data               main.o
    0x20000014   0x00000004   Data   RW          209    .data               system_nrf51.o
    0x20000018   0x00000008   Data   RW          501    .data               nrf_drv_ppi.o
    0x20000020   0x00000003   Data   RW          644    .data               nrf_drv_timer.o
    0x20000023   0x00000001   PAD
    0x20000024   0x0000000c   Data   RW          893    .data               app_uart.o
    0x20000030   0x00000003   Data   RW         1023    .data               app_pwm.o
    0x20000033   0x00000001   PAD
    0x20000034   0x00000024   Data   RW         1172    .data               app_timer.o
    0x20000058   0x00000004   Data   RW         1305    .data               app_util_platform.o
    0x2000005c   0x00000020   Zero   RW           15    .bss                main.o
    0x2000007c   0x00000024   Zero   RW           16    .bss                main.o
    0x200000a0   0x00000024   Zero   RW           17    .bss                main.o
    0x200000c4   0x00000024   Zero   RW           18    .bss                main.o
    0x200000e8   0x00000038   Zero   RW          296    .bss                nrf_drv_gpiote.o
    0x20000120   0x00000018   Zero   RW          642    .bss                nrf_drv_timer.o
    0x20000138   0x0000000c   Zero   RW         1021    .bss                app_pwm.o
    0x20000144   0x00000004   PAD
    0x20000148   0x00000800   Zero   RW          197    STACK               arm_startup_nrf51.o


==============================================================================

Image component sizes


      Code (inc. data)   RO Data    RW Data    ZI Data      Debug   Object Name

        28         10          0          0          0       7384   app_error.o
      1670         92         12          3         12      27011   app_pwm.o
      1274        106          0         36          0      22152   app_timer.o
       342         60          0         12          0       8688   app_uart.o
        36         10          0          4          0       1295   app_util_platform.o
        56         18        192          0       2048        676   arm_startup_nrf51.o
      1120        146        108         20        140      44816   main.o
        58          4          0          0          0       1603   nrf_delay.o
        96         18          0          0          0       6980   nrf_drv_common.o
       876        128          0          0         56      20551   nrf_drv_gpiote.o
       822         74          0          8          0      19169   nrf_drv_ppi.o
       614         56         24          3         24      25341   nrf_drv_timer.o
       156         26          0          4          0       2023   system_nrf51.o

    ----------------------------------------------------------------------
      7170        748        368         92       2284     187689   Object Totals
         0          0         32          0          0          0   (incl. Generated)
        22          0          0          2          4          0   (incl. Padding)

    ----------------------------------------------------------------------

      Code (inc. data)   RO Data    RW Data    ZI Data      Debug   Library Member Name

         0          0          0          0          0          0   entry.o
         0          0          0          0          0          0   entry10a.o
         0          0          0          0          0          0   entry11a.o
         8          4          0          0          0          0   entry2.o
         4          0          0          0          0          0   entry5.o
         0          0          0          0          0          0   entry7b.o
         0          0          0          0          0          0   entry8b.o
         8          4          0          0          0          0   entry9a.o
        30          0          0          0          0          0   handlers.o
        40          0          0          0          0         72   idiv.o
        36          8          0          0          0         68   init.o
         0          0          0          0          0          0   iusefp.o
        32          0          0          0          0         68   llshl.o
        34          0          0          0          0         68   llushr.o
        36          0          0          0          0         60   memcpya.o
        44          0          0          0          0         72   uidiv.o
        40          2          0          0          0         68   cdrcmple.o
       240          6          0          0          0         84   ddiv.o
       236          0          0          0          0        216   depilogue.o
        28          4          0          0          0         68   dfltui.o

    ----------------------------------------------------------------------
       822         28          0          0          0        844   Library Totals
         6          0          0          0          0          0   (incl. Padding)

    ----------------------------------------------------------------------

      Code (inc. data)   RO Data    RW Data    ZI Data      Debug   Library Name

       272         16          0          0          0        408   mc_p.l
       544         12          0          0          0        436   mf_p.l

    ----------------------------------------------------------------------
       822         28          0          0          0        844   Library Totals

    ----------------------------------------------------------------------

==============================================================================


      Code (inc. data)   RO Data    RW Data    ZI Data      Debug   

      7992        776        368         92       2284     183821   Grand Totals
      7992        776        368         92       2284     183821   ELF Image Totals
      7992        776        368         92          0          0   ROM Totals

==============================================================================

    Total RO  Size (Code + RO Data)                 8360 (   8.16kB)
    Total RW  Size (RW Data + ZI Data)              2376 (   2.32kB)
    Total ROM Size (Code + RO Data + RW Data)       8452 (   8.25kB)

==============================================================================

