Component: ARM Compiler 5.06 (build 20) Tool: armlink [4d35a3]

==============================================================================

Section Cross References

    main.o(i.blink) refers to main.o(i.color) for color
    main.o(i.blink) refers to nrf_delay.o(i.nrf_delay_ms) for nrf_delay_ms
    main.o(i.color) refers to app_pwm.o(i.app_pwm_channel_duty_set) for app_pwm_channel_duty_set
    main.o(i.color) refers to segger_rtt_printf.o(i.SEGGER_RTT_printf) for SEGGER_RTT_printf
    main.o(i.color) refers to main.o(.constdata) for .constdata
    main.o(i.led_init) refers to rt_memcpy.o(.emb_text) for __aeabi_memcpy4
    main.o(i.led_init) refers to app_pwm.o(i.app_pwm_init) for app_pwm_init
    main.o(i.led_init) refers to app_pwm.o(i.app_pwm_enable) for app_pwm_enable
    main.o(i.led_init) refers to main.o(i.color) for color
    main.o(i.led_init) refers to nrf_delay.o(i.nrf_delay_ms) for nrf_delay_ms
    main.o(i.led_init) refers to aeabi_sdiv.o(.text) for __aeabi_uidivmod
    main.o(i.led_init) refers to segger_rtt_printf.o(i.SEGGER_RTT_printf) for SEGGER_RTT_printf
    main.o(i.led_init) refers to main.o(.constdata) for .constdata
    main.o(i.led_init) refers to main.o(i.pwm_ready_callback) for pwm_ready_callback
    main.o(i.led_init) refers to main.o(.data) for .data
    main.o(i.main) refers to segger_rtt_printf.o(i.SEGGER_RTT_printf) for SEGGER_RTT_printf
    main.o(i.main) refers to main.o(i.led_init) for led_init
    main.o(i.main) refers to main.o(i.clock_setup) for clock_setup
    main.o(i.main) refers to main.o(i.radio_setup) for radio_setup
    main.o(i.main) refers to aeabi_sdiv.o(.text) for __aeabi_uidivmod
    main.o(i.main) refers to nrf_delay.o(i.nrf_delay_ms) for nrf_delay_ms
    main.o(i.main) refers to main.o(i.radio_transmit) for radio_transmit
    main.o(i.main) refers to main.o(i.radio_receive) for radio_receive
    main.o(i.main) refers to main.o(i.mesh) for mesh
    main.o(i.main) refers to main.o(i.color) for color
    main.o(i.main) refers to main.o(.data) for .data
    main.o(i.main) refers to main.o(.bss) for .bss
    main.o(i.mesh) refers to app_pwm.o(i.app_pwm_channel_duty_get) for app_pwm_channel_duty_get
    main.o(i.mesh) refers to segger_rtt_printf.o(i.SEGGER_RTT_printf) for SEGGER_RTT_printf
    main.o(i.mesh) refers to main.o(i.color) for color
    main.o(i.mesh) refers to main.o(.data) for .data
    main.o(i.mesh) refers to main.o(.constdata) for .constdata
    main.o(i.mesh) refers to main.o(.conststring) for .conststring
    main.o(i.pwm_ready_callback) refers to main.o(.data) for .data
    main.o(i.radio_receive) refers to main.o(.data) for .data
    main.o(i.radio_setup) refers to segger_rtt_printf.o(i.SEGGER_RTT_printf) for SEGGER_RTT_printf
    main.o(i.radio_transmit) refers to app_pwm.o(i.app_pwm_channel_duty_get) for app_pwm_channel_duty_get
    main.o(i.radio_transmit) refers to main.o(.constdata) for .constdata
    main.o(i.radio_transmit) refers to main.o(.bss) for .bss
    main.o(.constdata) refers to main.o(.bss) for m_pwm_PWM_B_cb
    main.o(.constdata) refers to main.o(.constdata) for m_pwm_PWM_B_timer
    main.o(.constdata) refers to main.o(.bss) for m_pwm_PWM_R_cb
    main.o(.constdata) refers to main.o(.constdata) for m_pwm_PWM_R_timer
    main.o(.constdata) refers to main.o(.bss) for m_pwm_PWM_G_cb
    main.o(.constdata) refers to main.o(.constdata) for m_pwm_PWM_G_timer
    segger_rtt.o(i.SEGGER_RTT_ConfigDownBuffer) refers to segger_rtt.o(.data) for .data
    segger_rtt.o(i.SEGGER_RTT_ConfigUpBuffer) refers to segger_rtt.o(.data) for .data
    segger_rtt.o(i.SEGGER_RTT_GetKey) refers to segger_rtt.o(i.SEGGER_RTT_Read) for SEGGER_RTT_Read
    segger_rtt.o(i.SEGGER_RTT_HasKey) refers to segger_rtt.o(.data) for .data
    segger_rtt.o(i.SEGGER_RTT_Read) refers to rt_memcpy.o(.text) for __aeabi_memcpy
    segger_rtt.o(i.SEGGER_RTT_Read) refers to segger_rtt.o(.data) for .data
    segger_rtt.o(i.SEGGER_RTT_SetTerminal) refers to segger_rtt.o(i.SEGGER_RTT_Write) for SEGGER_RTT_Write
    segger_rtt.o(i.SEGGER_RTT_SetTerminal) refers to segger_rtt.o(.data) for .data
    segger_rtt.o(i.SEGGER_RTT_TerminalOut) refers to segger_rtt.o(i.SEGGER_RTT_Write) for SEGGER_RTT_Write
    segger_rtt.o(i.SEGGER_RTT_TerminalOut) refers to segger_rtt.o(i.SEGGER_RTT_WriteString) for SEGGER_RTT_WriteString
    segger_rtt.o(i.SEGGER_RTT_TerminalOut) refers to segger_rtt.o(.data) for .data
    segger_rtt.o(i.SEGGER_RTT_WaitKey) refers to segger_rtt.o(i.SEGGER_RTT_GetKey) for SEGGER_RTT_GetKey
    segger_rtt.o(i.SEGGER_RTT_Write) refers to rt_memcpy.o(.text) for __aeabi_memcpy
    segger_rtt.o(i.SEGGER_RTT_Write) refers to segger_rtt.o(.data) for .data
    segger_rtt.o(i.SEGGER_RTT_WriteString) refers to segger_rtt.o(i.SEGGER_RTT_Write) for SEGGER_RTT_Write
    segger_rtt.o(.data) refers to segger_rtt.o(.conststring) for .conststring
[...]
    i.nrf_drv_timer_compare_int_disable      0x00001e3e   Section        0  nrf_drv_timer.o(i.nrf_drv_timer_compare_int_disable)
    i.nrf_drv_timer_compare_int_enable       0x00001e50   Section        0  nrf_drv_timer.o(i.nrf_drv_timer_compare_int_enable)
    i.nrf_drv_timer_disable                  0x00001e74   Section        0  nrf_drv_timer.o(i.nrf_drv_timer_disable)
    i.nrf_drv_timer_enable                   0x00001e88   Section        0  nrf_drv_timer.o(i.nrf_drv_timer_enable)
    i.nrf_drv_timer_extended_compare         0x00001e9c   Section        0  nrf_drv_timer.o(i.nrf_drv_timer_extended_compare)
    i.nrf_drv_timer_init                     0x00001ecc   Section        0  nrf_drv_timer.o(i.nrf_drv_timer_init)
    i.nrf_drv_timer_interrupt_handle         0x00001f68   Section        0  nrf_drv_timer.o(i.nrf_drv_timer_interrupt_handle)
    nrf_drv_timer_interrupt_handle           0x00001f69   Thumb Code    66  nrf_drv_timer.o(i.nrf_drv_timer_interrupt_handle)
    i.nrf_drv_timer_uninit                   0x00001fb0   Section        0  nrf_drv_timer.o(i.nrf_drv_timer_uninit)
    i.nrf_drv_timer_us_to_ticks              0x00002014   Section        0  nrf_drv_timer.o(i.nrf_drv_timer_us_to_ticks)
    i.nrf_gpio_cfg_sense_set                 0x0000202c   Section        0  nrf_drv_gpiote.o(i.nrf_gpio_cfg_sense_set)
    nrf_gpio_cfg_sense_set                   0x0000202d   Thumb Code    26  nrf_drv_gpiote.o(i.nrf_gpio_cfg_sense_set)
    i.nrf_gpiote_event_is_set                0x0000204c   Section        0  nrf_drv_gpiote.o(i.nrf_gpiote_event_is_set)
    nrf_gpiote_event_is_set                  0x0000204d   Thumb Code    14  nrf_drv_gpiote.o(i.nrf_gpiote_event_is_set)
    i.on_uart_event                          0x00002060   Section        0  app_uart.o(i.on_uart_event)
    on_uart_event                            0x00002061   Thumb Code   114  app_uart.o(i.on_uart_event)
    i.osKernelInitialize                     0x000020e0   Section        0  rt_cmsis.o(i.osKernelInitialize)
    i.osKernelStart                          0x00002108   Section        0  rt_cmsis.o(i.osKernelStart)
    i.osMessageGet                           0x00002174   Section        0  rt_cmsis.o(i.osMessageGet)
    i.osThreadCreate                         0x00002190   Section        0  rt_cmsis.o(i.osThreadCreate)
    i.osThreadExit                           0x000021c4   Section        0  rt_cmsis.o(i.osThreadExit)
    i.osTimerCall                            0x000021dc   Section        0  rt_cmsis.o(i.osTimerCall)
    i.osTimerThread                          0x000021ec   Section        0  rt_cmsis.o(i.osTimerThread)
    i.os_error                               0x00002218   Section        0  rtx_conf_cm.o(i.os_error)
    i.os_idle_demon                          0x0000221a   Section        0  rtx_conf_cm.o(i.os_idle_demon)
    i.os_tick_init                           0x0000221c   Section        0  rt_system.o(i.os_tick_init)
    i.os_tick_irqack                         0x00002248   Section        0  rt_system.o(i.os_tick_irqack)
    i.pan73_workaround                       0x0000224c   Section        0  app_pwm.o(i.pan73_workaround)
    pan73_workaround                         0x0000224d   Thumb Code    32  app_pwm.o(i.pan73_workaround)
    i.pin_in_use_by_te                       0x00002284   Section        0  nrf_drv_gpiote.o(i.pin_in_use_by_te)
    pin_in_use_by_te                         0x00002285   Thumb Code    20  nrf_drv_gpiote.o(i.pin_in_use_by_te)
    i.pwm_channel_ppi_disable                0x0000229c   Section        0  app_pwm.o(i.pwm_channel_ppi_disable)
    pwm_channel_ppi_disable                  0x0000229d   Thumb Code    24  app_pwm.o(i.pwm_channel_ppi_disable)
    i.pwm_dealloc                            0x000022b4   Section        0  app_pwm.o(i.pwm_dealloc)
    pwm_dealloc                              0x000022b5   Thumb Code   128  app_pwm.o(i.pwm_dealloc)
    i.pwm_ppi_disable                        0x00002334   Section        0  app_pwm.o(i.pwm_ppi_disable)
    pwm_ppi_disable                          0x00002335   Thumb Code    20  app_pwm.o(i.pwm_ppi_disable)
    i.pwm_ready_callback                     0x00002348   Section        0  main.o(i.pwm_ready_callback)
    i.pwm_ready_tick                         0x00002354   Section        0  app_pwm.o(i.pwm_ready_tick)
    i.pwm_transition_0or100_to_0or100        0x00002390   Section        0  app_pwm.o(i.pwm_transition_0or100_to_0or100)
    pwm_transition_0or100_to_0or100          0x00002391   Thumb Code   102  app_pwm.o(i.pwm_transition_0or100_to_0or100)
    i.pwm_transition_0or100_to_n             0x000023f8   Section        0  app_pwm.o(i.pwm_transition_0or100_to_n)
    pwm_transition_0or100_to_n               0x000023f9   Thumb Code   134  app_pwm.o(i.pwm_transition_0or100_to_n)
    i.pwm_transition_n_to_0or100             0x00002488   Section        0  app_pwm.o(i.pwm_transition_n_to_0or100)
    pwm_transition_n_to_0or100               0x00002489   Thumb Code   114  app_pwm.o(i.pwm_transition_n_to_0or100)
    i.pwm_transition_n_to_m                  0x00002504   Section        0  app_pwm.o(i.pwm_transition_n_to_m)
    pwm_transition_n_to_m                    0x00002505   Thumb Code   154  app_pwm.o(i.pwm_transition_n_to_m)
    i.radio_receive                          0x000025a4   Section        0  main.o(i.radio_receive)
    i.radio_setup                            0x0000261c   Section        0  main.o(i.radio_setup)
    i.radio_transmit                         0x00002698   Section        0  main.o(i.radio_transmit)
    i.rt_alloc_box                           0x0000270c   Section        0  rt_membox.o(i.rt_alloc_box)
    i.rt_alloc_mem                           0x0000272a   Section        0  rt_memory.o(i.rt_alloc_mem)
    i.rt_block                               0x0000276c   Section        0  rt_task.o(i.rt_block)
    i.rt_chk_robin                           0x000027a4   Section        0  rt_robin.o(i.rt_chk_robin)
    i.rt_dec_dly                             0x000027e8   Section        0  rt_list.o(i.rt_dec_dly)
    i.rt_dispatch                            0x0000285c   Section        0  rt_task.o(i.rt_dispatch)
    i.rt_evt_psh                             0x0000289c   Section        0  rt_event.o(i.rt_evt_psh)
    i.rt_free_box                            0x000028ec   Section        0  rt_membox.o(i.rt_free_box)
    i.rt_free_mem                            0x00002912   Section        0  rt_memory.o(i.rt_free_mem)
    i.rt_get_first                           0x00002942   Section        0  rt_list.o(i.rt_get_first)
    i.rt_id2obj                              0x0000296c   Section        0  rt_cmsis.o(i.rt_id2obj)
    rt_id2obj                                0x0000296d   Thumb Code     8  rt_cmsis.o(i.rt_id2obj)
    i.rt_init_context                        0x00002974   Section        0  rt_task.o(i.rt_init_context)
    rt_init_context                          0x00002975   Thumb Code    66  rt_task.o(i.rt_init_context)
    i.rt_init_mem                            0x000029bc   Section        0  rt_memory.o(i.rt_init_mem)
    i.rt_init_robin                          0x000029d8   Section        0  rt_robin.o(i.rt_init_robin)
    i.rt_init_stack                          0x000029f0   Section        0  hal_cm.o(i.rt_init_stack)
    i.rt_mbx_check                           0x00002a68   Section        0  rt_mailbox.o(i.rt_mbx_check)
    i.rt_mbx_init                            0x00002a70   Section        0  rt_mailbox.o(i.rt_mbx_init)
    i.rt_mbx_psh                             0x00002a94   Section        0  rt_mailbox.o(i.rt_mbx_psh)
    i.rt_mbx_wait                            0x00002b64   Section        0  rt_mailbox.o(i.rt_mbx_wait)
    i.rt_ms2tick                             0x00002c14   Section        0  rt_cmsis.o(i.rt_ms2tick)
    rt_ms2tick                               0x00002c15   Thumb Code    58  rt_cmsis.o(i.rt_ms2tick)
    i.rt_mut_release                         0x00002c5c   Section        0  rt_mutex.o(i.rt_mut_release)
    i.rt_mut_wait                            0x00002d34   Section        0  rt_mutex.o(i.rt_mut_wait)
    i.rt_pop_req                             0x00002da4   Section        0  rt_system.o(i.rt_pop_req)
    i.rt_psh_req                             0x00002e14   Section        0  rt_system.o(i.rt_psh_req)
    i.rt_psq_enq                             0x00002e34   Section        0  rt_list.o(i.rt_psq_enq)
    i.rt_put_dly                             0x00002e74   Section        0  rt_list.o(i.rt_put_dly)
    i.rt_put_prio                            0x00002ec4   Section        0  rt_list.o(i.rt_put_prio)
    i.rt_put_rdy_first                       0x00002f00   Section        0  rt_list.o(i.rt_put_rdy_first)
    i.rt_resort_prio                         0x00002f14   Section        0  rt_list.o(i.rt_resort_prio)
    i.rt_ret_val                             0x00002f44   Section        0  hal_cm.o(i.rt_ret_val)
    i.rt_ret_val2                            0x00002f4a   Section        0  hal_cm.o(i.rt_ret_val2)
    i.rt_rmv_dly                             0x00002f52   Section        0  rt_list.o(i.rt_rmv_dly)
    i.rt_rmv_list                            0x00002f7c   Section        0  rt_list.o(i.rt_rmv_list)
    i.rt_sem_psh                             0x00002fb0   Section        0  rt_semaphore.o(i.rt_sem_psh)
    i.rt_stk_check                           0x00002fe4   Section        0  rt_system.o(i.rt_stk_check)
    i.rt_switch_req                          0x0000300c   Section        0  rt_task.o(i.rt_switch_req)
    i.rt_sys_init                            0x0000301c   Section        0  rt_task.o(i.rt_sys_init)
    i.rt_sys_start                           0x000030e4   Section        0  rt_task.o(i.rt_sys_start)
    i.rt_systick                             0x00003148   Section        0  rt_system.o(i.rt_systick)
    i.rt_tid2ptcb                            0x00003184   Section        0  rt_cmsis.o(i.rt_tid2ptcb)
    rt_tid2ptcb                              0x00003185   Thumb Code    18  rt_cmsis.o(i.rt_tid2ptcb)
    i.rt_timer_insert                        0x00003198   Section        0  rt_cmsis.o(i.rt_timer_insert)
    rt_timer_insert                          0x00003199   Thumb Code    52  rt_cmsis.o(i.rt_timer_insert)
    i.rt_tsk_create                          0x000031d0   Section        0  rt_task.o(i.rt_tsk_create)
    i.rt_tsk_delete                          0x00003248   Section        0  rt_task.o(i.rt_tsk_delete)
    i.rt_tsk_prio                            0x00003384   Section        0  rt_task.o(i.rt_tsk_prio)
    i.rt_tsk_self                            0x00003404   Section        0  rt_task.o(i.rt_tsk_self)
    i.rtc1_stop                              0x00003414   Section        0  app_timer.o(i.rtc1_stop)
    rtc1_stop                                0x00003415   Thumb Code    50  app_timer.o(i.rtc1_stop)
    i.svcKernelInitialize                    0x00003458   Section        0  rt_cmsis.o(i.svcKernelInitialize)
    i.svcKernelStart                         0x000034d0   Section        0  rt_cmsis.o(i.svcKernelStart)
    i.svcMessageCreate                       0x0000351c   Section        0  rt_cmsis.o(i.svcMessageCreate)
    i.svcMessageGet                          0x00003546   Section        0  rt_cmsis.o(i.svcMessageGet)
    i.svcThreadCreate                        0x00003584   Section        0  rt_cmsis.o(i.svcThreadCreate)
    i.svcThreadGetId                         0x000035fc   Section        0  rt_cmsis.o(i.svcThreadGetId)
    i.svcThreadTerminate                     0x00003618   Section        0  rt_cmsis.o(i.svcThreadTerminate)
    i.svcTimerCall                           0x00003654   Section        0  rt_cmsis.o(i.svcTimerCall)
    i.sysTimerTick                           0x00003670   Section        0  rt_cmsis.o(i.sysTimerTick)
    i.timer_list_handler_sched               0x000036c8   Section        0  app_timer.o(i.timer_list_handler_sched)
    timer_list_handler_sched                 0x000036c9   Thumb Code    10  app_timer.o(i.timer_list_handler_sched)
    i.timer_list_insert                      0x000036d8   Section        0  app_timer.o(i.timer_list_insert)
    timer_list_insert                        0x000036d9   Thumb Code    94  app_timer.o(i.timer_list_insert)
    i.timer_list_remove                      0x0000373c   Section        0  app_timer.o(i.timer_list_remove)
    timer_list_remove                        0x0000373d   Thumb Code   104  app_timer.o(i.timer_list_remove)
    i.timer_timeouts_check                   0x000037ac   Section        0  app_timer.o(i.timer_timeouts_check)
    timer_timeouts_check                     0x000037ad   Thumb Code   120  app_timer.o(i.timer_timeouts_check)
    .constdata                               0x0000382c   Section        8  main.o(.constdata)
    .constdata                               0x00003834   Section      252  main.o(.constdata)
    .constdata                               0x00003930   Section        8  main.o(.constdata)
    .constdata                               0x00003938   Section        8  main.o(.constdata)
    .constdata                               0x00003940   Section       16  segger_rtt_printf.o(.constdata)
    _aV2C                                    0x00003940   Data          16  segger_rtt_printf.o(.constdata)
    .constdata                               0x00003950   Section        2  rtx_conf_cm.o(.constdata)
    .constdata                               0x00003954   Section        4  rtx_conf_cm.o(.constdata)
    .constdata                               0x00003958   Section        4  rtx_conf_cm.o(.constdata)
    .constdata                               0x0000395c   Section        4  rtx_conf_cm.o(.constdata)
    .constdata                               0x00003960   Section        1  rtx_conf_cm.o(.constdata)
    .constdata                               0x00003964   Section       16  rtx_conf_cm.o(.constdata)
    __tagsym$$used                           0x00003964   Number         0  rtx_conf_cm.o(.constdata)
    __tagsym$$used                           0x00003968   Number         0  rtx_conf_cm.o(.constdata)
    __tagsym$$used                           0x0000396c   Number         0  rtx_conf_cm.o(.constdata)
    __tagsym$$used                           0x00003970   Number         0  rtx_conf_cm.o(.constdata)
    .constdata                               0x00003974   Section        2  rtx_conf_cm.o(.constdata)
    .constdata                               0x00003978   Section        4  rtx_conf_cm.o(.constdata)
    .constdata                               0x0000397c   Section        4  rtx_conf_cm.o(.constdata)
    .constdata                               0x00003980   Section        1  rtx_conf_cm.o(.constdata)
    .constdata                               0x00003984   Section       16  rtx_conf_cm.o(.constdata)
    .constdata                               0x00003994   Section        8  rtx_conf_cm.o(.constdata)
    .constdata                               0x0000399c   Section        2  rtx_conf_cm.o(.constdata)
    .constdata                               0x000039a0   Section       24  nrf_drv_timer.o(.constdata)
    m_default_config                         0x000039a0   Data          24  nrf_drv_timer.o(.constdata)
    .constdata                               0x000039b8   Section       12  app_pwm.o(.constdata)
    .conststring                             0x000039c4   Section       86  main.o(.conststring)
    .conststring                             0x00003a1c   Section        9  segger_rtt.o(.conststring)
    .data                                    0x20000000   Section       24  main.o(.data)
    ready_flag                               0x20000000   Data           1  main.o(.data)
    .data                                    0x20000018   Section      124  segger_rtt.o(.data)
    _ActiveTerminal                          0x20000018   Data           1  segger_rtt.o(.data)
    _SEGGER_RTT                              0x2000001c   Data         120  segger_rtt.o(.data)
    .data                                    0x20000094   Section        4  rtx_conf_cm.o(.data)
    .data                                    0x20000098   Section       16  rtx_conf_cm.o(.data)
    .data                                    0x200000a8   Section        4  rtx_conf_cm.o(.data)
    .data                                    0x200000ac   Section        4  rtx_conf_cm.o(.data)
    .data                                    0x200000b0   Section        4  system_nrf51.o(.data)
    __tagsym$$used                           0x200000b0   Number         0  system_nrf51.o(.data)
    .data                                    0x200000b4   Section        8  nrf_drv_ppi.o(.data)
    m_drv_state                              0x200000b4   Data           1  nrf_drv_ppi.o(.data)
    m_groups_allocated                       0x200000b5   Data           1  nrf_drv_ppi.o(.data)
    m_channels_allocated                     0x200000b8   Data           4  nrf_drv_ppi.o(.data)
    .data                                    0x200000bc   Section        3  nrf_drv_timer.o(.data)
    m_cb                                     0x200000bc   Data           3  nrf_drv_timer.o(.data)
    .data                                    0x200000c0   Section       12  app_uart.o(.data)
    m_instance_counter                       0x200000c0   Data           1  app_uart.o(.data)
    m_current_state                          0x200000c1   Data           1  app_uart.o(.data)
    m_tx_byte                                0x200000c2   Data           1  app_uart.o(.data)
    m_rx_byte                                0x200000c4   Data           2  app_uart.o(.data)
    m_event_handler                          0x200000c8   Data           4  app_uart.o(.data)
    .data                                    0x200000cc   Section        3  app_pwm.o(.data)
    .data                                    0x200000d0   Section       36  app_timer.o(.data)
    m_node_array_size                        0x200000d0   Data           1  app_timer.o(.data)
    m_user_array_size                        0x200000d1   Data           1  app_timer.o(.data)
    m_ticks_elapsed_q_read_ind               0x200000d2   Data           1  app_timer.o(.data)
    m_ticks_elapsed_q_write_ind              0x200000d3   Data           1  app_timer.o(.data)
    m_rtc1_running                           0x200000d4   Data           1  app_timer.o(.data)
    m_rtc1_reset                             0x200000d5   Data           1  app_timer.o(.data)
    mp_nodes                                 0x200000d8   Data           4  app_timer.o(.data)
    mp_users                                 0x200000dc   Data           4  app_timer.o(.data)
    m_timer_id_head                          0x200000e0   Data           4  app_timer.o(.data)
    m_ticks_latest                           0x200000e4   Data           4  app_timer.o(.data)
    m_evt_schedule_func                      0x200000e8   Data           4  app_timer.o(.data)
    m_ticks_elapsed                          0x200000ec   Data           8  app_timer.o(.data)
    .data                                    0x200000f4   Section        4  app_util_platform.o(.data)
    m_in_critical_region                     0x200000f4   Data           4  app_util_platform.o(.data)
    .data                                    0x200000f8   Section        8  rt_cmsis.o(.data)
    .data                                    0x20000100   Section        8  rt_task.o(.data)
    .data                                    0x20000108   Section        8  rt_system.o(.data)
    os_lock                                  0x20000108   Data           1  rt_system.o(.data)
    os_psh_flag                              0x20000109   Data           1  rt_system.o(.data)
    pend_flags                               0x2000010a   Data           1  rt_system.o(.data)
    .data                                    0x20000110   Section        4  rt_time.o(.data)
    .data                                    0x20000114   Section        8  rt_robin.o(.data)
    .bss                                     0x2000011c   Section       32  main.o(.bss)
    .bss                                     0x2000013c   Section       36  main.o(.bss)
    .bss                                     0x20000160   Section       36  main.o(.bss)
    .bss                                     0x20000184   Section       36  main.o(.bss)
    .bss                                     0x200001a8   Section     1024  segger_rtt.o(.bss)
    _acUpBuffer                              0x200001a8   Data        1024  segger_rtt.o(.bss)
    .bss                                     0x200005a8   Section       16  segger_rtt.o(.bss)
    _acDownBuffer                            0x200005a8   Data          16  segger_rtt.o(.bss)
    .bss                                     0x200005b8   Section       32  rtx_conf_cm.o(.bss)
    .bss                                     0x200005d8   Section      376  rtx_conf_cm.o(.bss)
    .bss                                     0x20000750   Section     1216  rtx_conf_cm.o(.bss)
    .bss                                     0x20000c10   Section      432  rtx_conf_cm.o(.bss)
    .bss                                     0x20000dc0   Section      132  rtx_conf_cm.o(.bss)
    .bss                                     0x20000e44   Section       28  rtx_conf_cm.o(.bss)
    .bss                                     0x20000e60   Section       56  nrf_drv_gpiote.o(.bss)
    m_cb                                     0x20000e60   Data          56  nrf_drv_gpiote.o(.bss)
    .bss                                     0x20000e98   Section       24  nrf_drv_timer.o(.bss)
    m_timer_event_handlers                   0x20000e98   Data          12  nrf_drv_timer.o(.bss)
    mp_contexts                              0x20000ea4   Data          12  nrf_drv_timer.o(.bss)
    .bss                                     0x20000eb0   Section       12  app_pwm.o(.bss)
    m_instances                              0x20000eb0   Data          12  app_pwm.o(.bss)
    .bss                                     0x20000ebc   Section       52  rt_task.o(.bss)
    .bss                                     0x20000ef0   Section       48  rt_list.o(.bss)
    .bss                                     0x20000f20   Section       96  libspace.o(.bss)
    HEAP                                     0x20000f80   Section     2048  arm_startup_nrf51.o(HEAP)
    Heap_Mem                                 0x20000f80   Data        2048  arm_startup_nrf51.o(HEAP)
    STACK                                    0x20001780   Section     2048  arm_startup_nrf51.o(STACK)
    Stack_Mem                                0x20001780   Data        2048  arm_startup_nrf51.o(STACK)
    __initial_sp                             0x20001f80   Data           0  arm_startup_nrf51.o(STACK)

    Global Symbols

    Symbol Name                              Value     Ov Type        Size  Object(Section)

    BuildAttributes$$THM_ISAv3M$S$PE$A:L22$X:L11$S22$IEEE1$IW$USESV6$~STKCKD$USESV7$~SHL$OTIME$ROPI$EBA8$UX$STANDARDLIB$REQ8$PRES8$EABIv2 0x00000000   Number         0  anon$$obj.o ABSOLUTE
    __ARM_use_no_argv                        0x00000000   Number         0  main.o ABSOLUTE
    __Vectors                                0x00000000   Data           4  arm_startup_nrf51.o(RESET)
    __ARM_exceptions_init                     - Undefined Weak Reference
    __alloca_initialize                       - Undefined Weak Reference
    __arm_preinit_                            - Undefined Weak Reference
    __cpp_initialize__aeabi_                  - Undefined Weak Reference
    __cxa_finalize                            - Undefined Weak Reference
    __rt_locale                               - Undefined Weak Reference
    __sigvec_lookup                           - Undefined Weak Reference
    __user_heap_extent                        - Undefined Weak Reference
    _atexit_init                              - Undefined Weak Reference
    _call_atexit_fns                          - Undefined Weak Reference
    _clock_init                               - Undefined Weak Reference
    _fp_trap_init                             - Undefined Weak Reference
    _fp_trap_shutdown                         - Undefined Weak Reference
    _get_lc_collate                           - Undefined Weak Reference
    _get_lc_ctype                             - Undefined Weak Reference
    _get_lc_monetary                          - Undefined Weak Reference
    _get_lc_numeric                           - Undefined Weak Reference
    _get_lc_time                              - Undefined Weak Reference
    _getenv_init                              - Undefined Weak Reference
    _handle_redirection                       - Undefined Weak Reference
    _mutex_free                               - Undefined Weak Reference
    _rand_init                                - Undefined Weak Reference
    _signal_finish                            - Undefined Weak Reference
    _signal_init                              - Undefined Weak Reference
    __Vectors_End                            0x000000c0   Data           0  arm_startup_nrf51.o(RESET)
    __Vectors_Size                           0x000000c0   Number         0  arm_startup_nrf51.o ABSOLUTE
    __main                                   0x000000c1   Thumb Code     8  __main.o(!!!main)
    __scatterload                            0x000000c9   Thumb Code     0  __scatter.o(!!!scatter)
    __scatterload_rt2                        0x000000c9   Thumb Code    52  __scatter.o(!!!scatter)
    __scatterload_rt2_thumb_only             0x000000c9   Thumb Code     0  __scatter.o(!!!scatter)
    __scatterload_null                       0x000000d9   Thumb Code     0  __scatter.o(!!!scatter)
    __scatterload_copy                       0x00000105   Thumb Code    26  __scatter_copy.o(!!handler_copy)
    __scatterload_zeroinit                   0x00000121   Thumb Code    28  __scatter_zi.o(!!handler_zi)
    __rt_lib_init                            0x0000013d   Thumb Code     0  libinit.o(.ARM.Collect$$libinit$$00000000)
    __rt_lib_init_alloca_1                   0x0000013f   Thumb Code     0  libinit2.o(.ARM.Collect$$libinit$$0000002E)
    __rt_lib_init_argv_1                     0x0000013f   Thumb Code     0  libinit2.o(.ARM.Collect$$libinit$$0000002C)
    __rt_lib_init_atexit_1                   0x0000013f   Thumb Code     0  libinit2.o(.ARM.Collect$$libinit$$0000001B)
    __rt_lib_init_clock_1                    0x0000013f   Thumb Code     0  libinit2.o(.ARM.Collect$$libinit$$00000021)
    __rt_lib_init_cpp_1                      0x0000013f   Thumb Code     0  libinit2.o(.ARM.Collect$$libinit$$00000032)
    __rt_lib_init_exceptions_1               0x0000013f   Thumb Code     0  libinit2.o(.ARM.Collect$$libinit$$00000030)
    __rt_lib_init_fp_1                       0x0000013f   Thumb Code     0  libinit2.o(.ARM.Collect$$libinit$$00000002)
    __rt_lib_init_fp_trap_1                  0x0000013f   Thumb Code     0  libinit2.o(.ARM.Collect$$libinit$$0000001F)
    __rt_lib_init_getenv_1                   0x0000013f   Thumb Code     0  libinit2.o(.ARM.Collect$$libinit$$00000023)
    __rt_lib_init_heap_1                     0x0000013f   Thumb Code     0  libinit2.o(.ARM.Collect$$libinit$$0000000A)
    __rt_lib_init_lc_collate_1               0x0000013f   Thumb Code     0  libinit2.o(.ARM.Collect$$libinit$$00000011)
    __rt_lib_init_lc_ctype_1                 0x0000013f   Thumb Code     0  libinit2.o(.ARM.Collect$$libinit$$00000013)
    __rt_lib_init_lc_monetary_1              0x0000013f   Thumb Code     0  libinit2.o(.ARM.Collect$$libinit$$00000015)
    __rt_lib_init_lc_numeric_1               0x0000013f   Thumb Code     0  libinit2.o(.ARM.Collect$$libinit$$00000017)
    __rt_lib_init_lc_time_1                  0x0000013f   Thumb Code     0  libinit2.o(.ARM.Collect$$libinit$$00000019)
    __rt_lib_init_preinit_1                  0x0000013f   Thumb Code     0  libinit2.o(.ARM.Collect$$libinit$$00000004)
    __rt_lib_init_rand_1                     0x0000013f   Thumb Code     0  libinit2.o(.ARM.Collect$$libinit$$0000000E)
    __rt_lib_init_return                     0x0000013f   Thumb Code     0  libinit2.o(.ARM.Collect$$libinit$$00000033)
    __rt_lib_init_signal_1                   0x0000013f   Thumb Code     0  libinit2.o(.ARM.Collect$$libinit$$0000001D)
    __rt_lib_init_stdio_1                    0x0000013f   Thumb Code     0  libinit2.o(.ARM.Collect$$libinit$$00000025)
    __rt_lib_init_user_alloc_1               0x0000013f   Thumb Code     0  libinit2.o(.ARM.Collect$$libinit$$0000000C)
    __rt_lib_shutdown                        0x00000141   Thumb Code     0  libshutdown.o(.ARM.Collect$$libshutdown$$00000000)
    __rt_lib_shutdown_cpp_1                  0x00000143   Thumb Code     0  libshutdown2.o(.ARM.Collect$$libshutdown$$00000002)
    __rt_lib_shutdown_fp_trap_1              0x00000143   Thumb Code     0  libshutdown2.o(.ARM.Collect$$libshutdown$$00000007)
    __rt_lib_shutdown_heap_1                 0x00000143   Thumb Code     0  libshutdown2.o(.ARM.Collect$$libshutdown$$0000000F)
    __rt_lib_shutdown_return                 0x00000143   Thumb Code     0  libshutdown2.o(.ARM.Collect$$libshutdown$$00000010)
    __rt_lib_shutdown_signal_1               0x00000143   Thumb Code     0  libshutdown2.o(.ARM.Collect$$libshutdown$$0000000A)
    __rt_lib_shutdown_stdio_1                0x00000143   Thumb Code     0  libshutdown2.o(.ARM.Collect$$libshutdown$$00000004)
    __rt_lib_shutdown_user_alloc_1           0x00000143   Thumb Code     0  libshutdown2.o(.ARM.Collect$$libshutdown$$0000000C)
    __rt_entry                               0x00000145   Thumb Code     0  __rtentry.o(.ARM.Collect$$rtentry$$00000000)
    __rt_entry_presh_1                       0x00000145   Thumb Code     0  __rtentry2.o(.ARM.Collect$$rtentry$$00000002)
    __rt_entry_sh                            0x00000145   Thumb Code     0  __rtentry4.o(.ARM.Collect$$rtentry$$00000004)
    __rt_entry_li                            0x0000014b   Thumb Code     0  __rtentry2.o(.ARM.Collect$$rtentry$$0000000A)
    __rt_entry_postsh_1                      0x0000014b   Thumb Code     0  __rtentry2.o(.ARM.Collect$$rtentry$$00000009)
    __rt_entry_postli_1                      0x0000014f   Thumb Code     0  __rtentry2.o(.ARM.Collect$$rtentry$$0000000B)
    __rt_entry_main                          0x00000157   Thumb Code     0  __rtentry2.o(.ARM.Collect$$rtentry$$0000000D)
    __rt_exit                                0x0000015f   Thumb Code     0  rtexit.o(.ARM.Collect$$rtexit$$00000000)
    __rt_exit_ls                             0x00000161   Thumb Code     0  rtexit2.o(.ARM.Collect$$rtexit$$00000003)
    __rt_exit_prels_1                        0x00000161   Thumb Code     0  rtexit2.o(.ARM.Collect$$rtexit$$00000002)
    __rt_exit_exit                           0x00000165   Thumb Code     0  rtexit2.o(.ARM.Collect$$rtexit$$00000004)
    _platform_post_lib_init                  0x0000016d   Thumb Code    24  rtx_conf_cm.o(.emb_text)
    __asm___11_nrf_delay_c_532987f3__nrf_delay_us 0x00000189   Thumb Code    30  nrf_delay.o(.emb_text)
    __asm___11_app_timer_c_cd27f9c3__nrf_delay_us 0x000001a9   Thumb Code    30  app_timer.o(.emb_text)
    rt_set_PSP                               0x000001c9   Thumb Code     6  hal_cm0.o(.emb_text)
    rt_get_PSP                               0x000001cf   Thumb Code     6  hal_cm0.o(.emb_text)
    os_set_env                               0x000001d5   Thumb Code    32  hal_cm0.o(.emb_text)
    _alloc_box                               0x000001f9   Thumb Code    28  hal_cm0.o(.emb_text)
    _free_box                                0x00000219   Thumb Code    28  hal_cm0.o(.emb_text)
    SVC_Handler                              0x00000239   Thumb Code   136  hal_cm0.o(.emb_text)
    PendSV_Handler                           0x000002cd   Thumb Code    72  hal_cm0.o(.emb_text)
    SysTick_Handler                          0x00000319   Thumb Code     8  hal_cm0.o(.emb_text)
    OS_Tick_Handler                          0x00000321   Thumb Code    12  hal_cm0.o(.emb_text)
    __aeabi_memcpy4                          0x0000032d   Thumb Code    56  rt_memcpy.o(.emb_text)
    __aeabi_memcpy8                          0x0000032d   Thumb Code     0  rt_memcpy.o(.emb_text)
    Reset_Handler                            0x00000365   Thumb Code    26  arm_startup_nrf51.o(.text)
    NMI_Handler                              0x0000037f   Thumb Code     2  arm_startup_nrf51.o(.text)
    HardFault_Handler                        0x00000381   Thumb Code     2  arm_startup_nrf51.o(.text)
    ADC_IRQHandler                           0x00000389   Thumb Code     0  arm_startup_nrf51.o(.text)
    CCM_AAR_IRQHandler                       0x00000389   Thumb Code     0  arm_startup_nrf51.o(.text)
    ECB_IRQHandler                           0x00000389   Thumb Code     0  arm_startup_nrf51.o(.text)
    LPCOMP_IRQHandler                        0x00000389   Thumb Code     0  arm_startup_nrf51.o(.text)
    POWER_CLOCK_IRQHandler                   0x00000389   Thumb Code     0  arm_startup_nrf51.o(.text)
    QDEC_IRQHandler                          0x00000389   Thumb Code     0  arm_startup_nrf51.o(.text)
    RADIO_IRQHandler                         0x00000389   Thumb Code     0  arm_startup_nrf51.o(.text)
    RNG_IRQHandler                           0x00000389   Thumb Code     0  arm_startup_nrf51.o(.text)
    RTC0_IRQHandler                          0x00000389   Thumb Code     0  arm_startup_nrf51.o(.text)
    SPI0_TWI0_IRQHandler                     0x00000389   Thumb Code     0  arm_startup_nrf51.o(.text)
    SPI1_TWI1_IRQHandler                     0x00000389   Thumb Code     0  arm_startup_nrf51.o(.text)
    SWI1_IRQHandler                          0x00000389   Thumb Code     0  arm_startup_nrf51.o(.text)
    SWI2_IRQHandler                          0x00000389   Thumb Code     0  arm_startup_nrf51.o(.text)
    SWI3_IRQHandler                          0x00000389   Thumb Code     0  arm_startup_nrf51.o(.text)
    SWI4_IRQHandler                          0x00000389   Thumb Code     0  arm_startup_nrf51.o(.text)
    SWI5_IRQHandler                          0x00000389   Thumb Code     0  arm_startup_nrf51.o(.text)
    TEMP_IRQHandler                          0x00000389   Thumb Code     0  arm_startup_nrf51.o(.text)
    WDT_IRQHandler                           0x00000389   Thumb Code     0  arm_startup_nrf51.o(.text)
    __user_initial_stackheap                 0x0000038d   Thumb Code     0  arm_startup_nrf51.o(.text)
    __user_libspace                          0x000003b9   Thumb Code     8  libspace.o(.text)
    __user_perproc_libspace                  0x000003b9   Thumb Code     0  libspace.o(.text)
    __use_no_semihosting                     0x000003c1   Thumb Code     2  use_no_semi_2.o(.text)
    exit                                     0x000003c3   Thumb Code    16  exit.o(.text)
    __aeabi_memcpy                           0x000003d3   Thumb Code   130  rt_memcpy.o(.text)
    __rt_memcpy                              0x000003d3   Thumb Code     0  rt_memcpy.o(.text)
    __aeabi_uidiv                            0x00000455   Thumb Code     0  aeabi_sdiv.o(.text)
    __aeabi_uidivmod                         0x00000455   Thumb Code    20  aeabi_sdiv.o(.text)
    __aeabi_idiv                             0x00000469   Thumb Code     0  aeabi_sdiv.o(.text)
    __aeabi_idivmod                          0x00000469   Thumb Code   326  aeabi_sdiv.o(.text)
    __RL_RTX_VER                             0x00000479   Number         0  rt_system.o ABSOLUTE
    __use_two_region_memory                  0x000005af   Thumb Code     2  heapauxi.o(.text)
    __rt_heap_escrow                         0x000005b1   Thumb Code     2  heapauxi.o(.text)
    __rt_heap_expand                         0x000005b3   Thumb Code     2  heapauxi.o(.text)
    __semihosting$guard                      0x000005b5   Thumb Code     0  use_no_semi.o(.text)
    __use_no_semihosting_swi                 0x000005b5   Thumb Code     2  use_no_semi.o(.text)
    __user_setup_stackheap                   0x000005b7   Thumb Code    62  sys_stackheap_outer.o(.text)
    SVC_Count                                0x000005f4   Data           4  svc_table.o(SVC_TABLE)
    GPIOTE_IRQHandler                        0x000005f9   Thumb Code   224  nrf_drv_gpiote.o(i.GPIOTE_IRQHandler)
    SVC_Table                                0x000005f8   Data           0  svc_table.o(SVC_TABLE)
    RTC1_IRQHandler                          0x000006f5   Thumb Code    28  app_timer.o(i.RTC1_IRQHandler)
    SEGGER_RTT_Write                         0x00000715   Thumb Code   140  segger_rtt.o(i.SEGGER_RTT_Write)
    SEGGER_RTT_printf                        0x000007a5   Thumb Code    24  segger_rtt_printf.o(i.SEGGER_RTT_printf)
    SEGGER_RTT_vprintf                       0x000007bd   Thumb Code   398  segger_rtt_printf.o(i.SEGGER_RTT_vprintf)
    SWI0_IRQHandler                          0x0000094d   Thumb Code    78  app_timer.o(i.SWI0_IRQHandler)
    SystemInit                               0x000009a1   Thumb Code    64  system_nrf51.o(i.SystemInit)
    TIMER0_IRQHandler                        0x000009f5   Thumb Code    12  nrf_drv_timer.o(i.TIMER0_IRQHandler)
    TIMER1_IRQHandler                        0x00000a05   Thumb Code    12  nrf_drv_timer.o(i.TIMER1_IRQHandler)
    TIMER2_IRQHandler                        0x00000a15   Thumb Code    12  nrf_drv_timer.o(i.TIMER2_IRQHandler)
    UART0_IRQHandler                         0x00000a25   Thumb Code   104  app_uart.o(i.UART0_IRQHandler)
    __ARM_common_switch8                     0x00000c83   Thumb Code    26  app_uart.o(i.__ARM_common_switch8)
    _init_box                                0x00000c9d   Thumb Code    72  rt_membox.o(i._init_box)
    _mutex_acquire                           0x00000ce5   Thumb Code    22  rtx_conf_cm.o(i._mutex_acquire)
    _mutex_release                           0x00000d09   Thumb Code    20  rtx_conf_cm.o(i._mutex_release)
    _sys_exit                                0x00000d25   Thumb Code     2  rtt_syscalls_keil.o(i._sys_exit)
    action_tx_stop                           0x00000d29   Thumb Code    26  app_uart.o(i.action_tx_stop)
    app_error_handler                        0x00000d6d   Thumb Code    18  app_error.o(i.app_error_handler)
    app_pwm_channel_duty_get                 0x00000d89   Thumb Code    34  app_pwm.o(i.app_pwm_channel_duty_get)
    app_pwm_channel_duty_set                 0x00000dab   Thumb Code    32  app_pwm.o(i.app_pwm_channel_duty_set)
    app_pwm_channel_duty_ticks_get           0x00000dcb   Thumb Code    12  app_pwm.o(i.app_pwm_channel_duty_ticks_get)
    app_pwm_channel_duty_ticks_set           0x00000dd9   Thumb Code   134  app_pwm.o(i.app_pwm_channel_duty_ticks_set)
    app_pwm_cycle_ticks_get                  0x00000f31   Thumb Code    14  app_pwm.o(i.app_pwm_cycle_ticks_get)
    app_pwm_enable                           0x00000f3f   Thumb Code    18  app_pwm.o(i.app_pwm_enable)
    app_pwm_init                             0x00000f51   Thumb Code   362  app_pwm.o(i.app_pwm_init)
    clock_setup                              0x00001151   Thumb Code    20  main.o(i.clock_setup)
    color                                    0x00001169   Thumb Code    58  main.o(i.color)
    critical_region_enter                    0x00001279   Thumb Code    12  app_util_platform.o(i.critical_region_enter)
    critical_region_exit                     0x00001289   Thumb Code    14  app_util_platform.o(i.critical_region_exit)
    isrMessageGet                            0x000013d7   Thumb Code    46  rt_cmsis.o(i.isrMessageGet)
    isrMessagePut                            0x00001405   Thumb Code    48  rt_cmsis.o(i.isrMessagePut)
    isr_mbx_receive                          0x00001435   Thumb Code    70  rt_mailbox.o(i.isr_mbx_receive)
    isr_mbx_send                             0x0000147b   Thumb Code    12  rt_mailbox.o(i.isr_mbx_send)
    led_init                                 0x00001489   Thumb Code   252  main.o(i.led_init)
    main                                     0x0000173d   Thumb Code   188  main.o(i.main)
    mesh                                     0x00001851   Thumb Code   120  main.o(i.mesh)
    nrf_delay_ms                             0x000018e1   Thumb Code    24  nrf_delay.o(i.nrf_delay_ms)
    nrf_drv_common_irq_enable                0x000018fd   Thumb Code    78  nrf_drv_common.o(i.nrf_drv_common_irq_enable)
    nrf_drv_gpiote_init                      0x0000195d   Thumb Code    74  nrf_drv_gpiote.o(i.nrf_drv_gpiote_init)
    nrf_drv_gpiote_is_init                   0x000019b1   Thumb Code    12  nrf_drv_gpiote.o(i.nrf_drv_gpiote_is_init)
    nrf_drv_gpiote_out_init                  0x000019c1   Thumb Code   128  nrf_drv_gpiote.o(i.nrf_drv_gpiote_out_init)
    nrf_drv_gpiote_out_task_addr_get         0x00001a55   Thumb Code    16  nrf_drv_gpiote.o(i.nrf_drv_gpiote_out_task_addr_get)
    nrf_drv_gpiote_out_task_enable           0x00001a69   Thumb Code    38  nrf_drv_gpiote.o(i.nrf_drv_gpiote_out_task_enable)
    nrf_drv_gpiote_out_task_force            0x00001a99   Thumb Code    40  nrf_drv_gpiote.o(i.nrf_drv_gpiote_out_task_force)
    nrf_drv_gpiote_out_task_trigger          0x00001ac9   Thumb Code    20  nrf_drv_gpiote.o(i.nrf_drv_gpiote_out_task_trigger)
    nrf_drv_gpiote_out_uninit                0x00001ae1   Thumb Code    40  nrf_drv_gpiote.o(i.nrf_drv_gpiote_out_uninit)
    nrf_drv_ppi_channel_alloc                0x00001b11   Thumb Code    76  nrf_drv_ppi.o(i.nrf_drv_ppi_channel_alloc)
    nrf_drv_ppi_channel_assign               0x00001b65   Thumb Code    58  nrf_drv_ppi.o(i.nrf_drv_ppi_channel_assign)
    nrf_drv_ppi_channel_disable              0x00001ba5   Thumb Code    52  nrf_drv_ppi.o(i.nrf_drv_ppi_channel_disable)
    nrf_drv_ppi_channel_enable               0x00001bdd   Thumb Code    52  nrf_drv_ppi.o(i.nrf_drv_ppi_channel_enable)
    nrf_drv_ppi_channel_free                 0x00001c15   Thumb Code    46  nrf_drv_ppi.o(i.nrf_drv_ppi_channel_free)
    nrf_drv_ppi_channels_include_in_group    0x00001c5d   Thumb Code    68  nrf_drv_ppi.o(i.nrf_drv_ppi_channels_include_in_group)
    nrf_drv_ppi_channels_remove_from_group   0x00001ca5   Thumb Code    68  nrf_drv_ppi.o(i.nrf_drv_ppi_channels_remove_from_group)
    nrf_drv_ppi_group_alloc                  0x00001ced   Thumb Code    76  nrf_drv_ppi.o(i.nrf_drv_ppi_group_alloc)
    nrf_drv_ppi_group_disable                0x00001d3d   Thumb Code    30  nrf_drv_ppi.o(i.nrf_drv_ppi_group_disable)
    nrf_drv_ppi_group_enable                 0x00001d61   Thumb Code    44  nrf_drv_ppi.o(i.nrf_drv_ppi_group_enable)
    nrf_drv_ppi_group_free                   0x00001d91   Thumb Code    64  nrf_drv_ppi.o(i.nrf_drv_ppi_group_free)
    nrf_drv_ppi_init                         0x00001dd9   Thumb Code    20  nrf_drv_ppi.o(i.nrf_drv_ppi_init)
    nrf_drv_timer_capture_get                0x00001df1   Thumb Code    14  nrf_drv_timer.o(i.nrf_drv_timer_capture_get)
    nrf_drv_timer_clear                      0x00001dff   Thumb Code     8  nrf_drv_timer.o(i.nrf_drv_timer_clear)
    nrf_drv_timer_compare                    0x00001e07   Thumb Code    42  nrf_drv_timer.o(i.nrf_drv_timer_compare)
    nrf_drv_timer_compare_event_address_get  0x00001e31   Thumb Code    14  nrf_drv_timer.o(i.nrf_drv_timer_compare_event_address_get)
    nrf_drv_timer_compare_int_disable        0x00001e3f   Thumb Code    18  nrf_drv_timer.o(i.nrf_drv_timer_compare_int_disable)
    nrf_drv_timer_compare_int_enable         0x00001e51   Thumb Code    34  nrf_drv_timer.o(i.nrf_drv_timer_compare_int_enable)
    nrf_drv_timer_disable                    0x00001e75   Thumb Code    14  nrf_drv_timer.o(i.nrf_drv_timer_disable)
    nrf_drv_timer_enable                     0x00001e89   Thumb Code    16  nrf_drv_timer.o(i.nrf_drv_timer_enable)
    nrf_drv_timer_extended_compare           0x00001e9d   Thumb Code    46  nrf_drv_timer.o(i.nrf_drv_timer_extended_compare)
    nrf_drv_timer_init                       0x00001ecd   Thumb Code   144  nrf_drv_timer.o(i.nrf_drv_timer_init)
    nrf_drv_timer_uninit                     0x00001fb1   Thumb Code    84  nrf_drv_timer.o(i.nrf_drv_timer_uninit)
    nrf_drv_timer_us_to_ticks                0x00002015   Thumb Code    22  nrf_drv_timer.o(i.nrf_drv_timer_us_to_ticks)
    osKernelInitialize                       0x000020e1   Thumb Code    36  rt_cmsis.o(i.osKernelInitialize)
    osKernelStart                            0x00002109   Thumb Code   100  rt_cmsis.o(i.osKernelStart)
    osMessageGet                             0x00002175   Thumb Code    24  rt_cmsis.o(i.osMessageGet)
    osThreadCreate                           0x00002191   Thumb Code    44  rt_cmsis.o(i.osThreadCreate)
    osThreadExit                             0x000021c5   Thumb Code    14  rt_cmsis.o(i.osThreadExit)
    osTimerCall                              0x000021dd   Thumb Code    10  rt_cmsis.o(i.osTimerCall)
    osTimerThread                            0x000021ed   Thumb Code    38  rt_cmsis.o(i.osTimerThread)
    os_error                                 0x00002219   Thumb Code     2  rtx_conf_cm.o(i.os_error)
    os_idle_demon                            0x0000221b   Thumb Code     2  rtx_conf_cm.o(i.os_idle_demon)
    os_tick_init                             0x0000221d   Thumb Code    32  rt_system.o(i.os_tick_init)
    os_tick_irqack                           0x00002249   Thumb Code     2  rt_system.o(i.os_tick_irqack)
    pwm_ready_callback                       0x00002349   Thumb Code     8  main.o(i.pwm_ready_callback)
    pwm_ready_tick                           0x00002355   Thumb Code    50  app_pwm.o(i.pwm_ready_tick)
    radio_receive                            0x000025a5   Thumb Code    96  main.o(i.radio_receive)
    radio_setup                              0x0000261d   Thumb Code    74  main.o(i.radio_setup)
    radio_transmit                           0x00002699   Thumb Code    94  main.o(i.radio_transmit)
    rt_alloc_box                             0x0000270d   Thumb Code    30  rt_membox.o(i.rt_alloc_box)
    rt_alloc_mem                             0x0000272b   Thumb Code    66  rt_memory.o(i.rt_alloc_mem)
    rt_block                                 0x0000276d   Thumb Code    42  rt_task.o(i.rt_block)
    rt_chk_robin                             0x000027a5   Thumb Code    56  rt_robin.o(i.rt_chk_robin)
    rt_dec_dly                               0x000027e9   Thumb Code   108  rt_list.o(i.rt_dec_dly)
    rt_dispatch                              0x0000285d   Thumb Code    56  rt_task.o(i.rt_dispatch)
    rt_evt_psh                               0x0000289d   Thumb Code    74  rt_event.o(i.rt_evt_psh)
    rt_free_box                              0x000028ed   Thumb Code    38  rt_membox.o(i.rt_free_box)
    rt_free_mem                              0x00002913   Thumb Code    48  rt_memory.o(i.rt_free_mem)
    rt_get_first                             0x00002943   Thumb Code    42  rt_list.o(i.rt_get_first)
    rt_init_mem                              0x000029bd   Thumb Code    28  rt_memory.o(i.rt_init_mem)
    rt_init_robin                            0x000029d9   Thumb Code    14  rt_robin.o(i.rt_init_robin)
    rt_init_stack                            0x000029f1   Thumb Code   106  hal_cm.o(i.rt_init_stack)
    rt_mbx_check                             0x00002a69   Thumb Code     8  rt_mailbox.o(i.rt_mbx_check)
    rt_mbx_init                              0x00002a71   Thumb Code    30  rt_mailbox.o(i.rt_mbx_init)
    rt_mbx_psh                               0x00002a95   Thumb Code   204  rt_mailbox.o(i.rt_mbx_psh)
    rt_mbx_wait                              0x00002b65   Thumb Code   170  rt_mailbox.o(i.rt_mbx_wait)
    rt_mut_release                           0x00002c5d   Thumb Code   206  rt_mutex.o(i.rt_mut_release)
    rt_mut_wait                              0x00002d35   Thumb Code   106  rt_mutex.o(i.rt_mut_wait)
    rt_pop_req                               0x00002da5   Thumb Code   100  rt_system.o(i.rt_pop_req)
    rt_psh_req                               0x00002e15   Thumb Code    24  rt_system.o(i.rt_psh_req)
    rt_psq_enq                               0x00002e35   Thumb Code    60  rt_list.o(i.rt_psq_enq)
    rt_put_dly                               0x00002e75   Thumb Code    74  rt_list.o(i.rt_put_dly)
    rt_put_prio                              0x00002ec5   Thumb Code    60  rt_list.o(i.rt_put_prio)
    rt_put_rdy_first                         0x00002f01   Thumb Code    14  rt_list.o(i.rt_put_rdy_first)
    rt_resort_prio                           0x00002f15   Thumb Code    44  rt_list.o(i.rt_resort_prio)
    rt_ret_val                               0x00002f45   Thumb Code     6  hal_cm.o(i.rt_ret_val)
    rt_ret_val2                              0x00002f4b   Thumb Code     8  hal_cm.o(i.rt_ret_val2)
    rt_rmv_dly                               0x00002f53   Thumb Code    42  rt_list.o(i.rt_rmv_dly)
    rt_rmv_list                              0x00002f7d   Thumb Code    46  rt_list.o(i.rt_rmv_list)
    rt_sem_psh                               0x00002fb1   Thumb Code    48  rt_semaphore.o(i.rt_sem_psh)
    rt_stk_check                             0x00002fe5   Thumb Code    30  rt_system.o(i.rt_stk_check)
    rt_switch_req                            0x0000300d   Thumb Code    10  rt_task.o(i.rt_switch_req)
    rt_sys_init                              0x0000301d   Thumb Code   134  rt_task.o(i.rt_sys_init)
    rt_sys_start                             0x000030e5   Thumb Code    82  rt_task.o(i.rt_sys_start)
    rt_systick                               0x00003149   Thumb Code    48  rt_system.o(i.rt_systick)
    rt_tsk_create                            0x000031d1   Thumb Code   106  rt_task.o(i.rt_tsk_create)
    rt_tsk_delete                            0x00003249   Thumb Code   290  rt_task.o(i.rt_tsk_delete)
    rt_tsk_prio                              0x00003385   Thumb Code   112  rt_task.o(i.rt_tsk_prio)
    rt_tsk_self                              0x00003405   Thumb Code    12  rt_task.o(i.rt_tsk_self)
    svcKernelInitialize                      0x00003459   Thumb Code    86  rt_cmsis.o(i.svcKernelInitialize)
    svcKernelStart                           0x000034d1   Thumb Code    66  rt_cmsis.o(i.svcKernelStart)
    svcMessageCreate                         0x0000351d   Thumb Code    42  rt_cmsis.o(i.svcMessageCreate)
    svcMessageGet                            0x00003547   Thumb Code    60  rt_cmsis.o(i.svcMessageGet)
    svcThreadCreate                          0x00003585   Thumb Code   106  rt_cmsis.o(i.svcThreadCreate)
    svcThreadGetId                           0x000035fd   Thumb Code    22  rt_cmsis.o(i.svcThreadGetId)
    svcThreadTerminate                       0x00003619   Thumb Code    56  rt_cmsis.o(i.svcThreadTerminate)
    svcTimerCall                             0x00003655   Thumb Code    28  rt_cmsis.o(i.svcTimerCall)
    sysTimerTick                             0x00003671   Thumb Code    78  rt_cmsis.o(i.sysTimerTick)
    m_pwm_PWM_B_timer                        0x0000382c   Data           8  main.o(.constdata)
    PWM_B                                    0x00003834   Data           8  main.o(.constdata)
    PWM_R                                    0x0000383c   Data           8  main.o(.constdata)
    PWM_G                                    0x00003844   Data           8  main.o(.constdata)
    m_pwm_PWM_R_timer                        0x00003930   Data           8  main.o(.constdata)
    m_pwm_PWM_G_timer                        0x00003938   Data           8  main.o(.constdata)
    os_maxtaskrun                            0x00003950   Data           2  rtx_conf_cm.o(.constdata)
    os_stackinfo                             0x00003954   Data           4  rtx_conf_cm.o(.constdata)
    os_rrobin                                0x00003958   Data           4  rtx_conf_cm.o(.constdata)
    os_trv                                   0x0000395c   Data           4  rtx_conf_cm.o(.constdata)
    os_flags                                 0x00003960   Data           1  rtx_conf_cm.o(.constdata)
    CMSIS_RTOS_API_Version                   0x00003964   Data           4  rtx_conf_cm.o(.constdata)
    CMSIS_RTOS_RTX_Version                   0x00003968   Data           4  rtx_conf_cm.o(.constdata)
    os_clockrate                             0x0000396c   Data           4  rtx_conf_cm.o(.constdata)
    os_timernum                              0x00003970   Data           4  rtx_conf_cm.o(.constdata)
    mp_tcb_size                              0x00003974   Data           2  rtx_conf_cm.o(.constdata)
    mp_stk_size                              0x00003978   Data           4  rtx_conf_cm.o(.constdata)
    os_stack_sz                              0x0000397c   Data           4  rtx_conf_cm.o(.constdata)
    os_fifo_size                             0x00003980   Data           1  rtx_conf_cm.o(.constdata)
    os_thread_def_osTimerThread              0x00003984   Data          16  rtx_conf_cm.o(.constdata)
    os_messageQ_def_osTimerMessageQ          0x00003994   Data           8  rtx_conf_cm.o(.constdata)
    mp_tmr_size                              0x0000399c   Data           2  rtx_conf_cm.o(.constdata)
    Region$$Table$$Base                      0x00003a28   Number         0  anon$$obj.o(Region$$Table)
    Region$$Table$$Limit                     0x00003a48   Number         0  anon$$obj.o(Region$$Table)
    B                                        0x20000004   Data           4  main.o(.data)
    R                                        0x20000008   Data           4  main.o(.data)
    G                                        0x2000000c   Data           4  main.o(.data)
    meshy                                    0x20000010   Data           4  main.o(.data)
    rssi                                     0x20000014   Data           4  main.o(.data)
    m_tmr                                    0x20000094   Data           4  rtx_conf_cm.o(.data)
    os_thread_def_main                       0x20000098   Data          16  rtx_conf_cm.o(.data)
    osThreadId_osTimerThread                 0x200000a8   Data           4  rtx_conf_cm.o(.data)
    osMessageQId_osTimerMessageQ             0x200000ac   Data           4  rtx_conf_cm.o(.data)
    SystemCoreClock                          0x200000b0   Data           4  system_nrf51.o(.data)
    m_pwm_ready_counter                      0x200000cc   Data           3  app_pwm.o(.data)
    os_initialized                           0x200000f8   Data           1  rt_cmsis.o(.data)
    os_running                               0x200000f9   Data           1  rt_cmsis.o(.data)
    os_timer_head                            0x200000fc   Data           4  rt_cmsis.o(.data)
    os_tsk                                   0x20000100   Data           8  rt_task.o(.data)
    os_tick_irqn                             0x2000010c   Data           4  rt_system.o(.data)
    os_time                                  0x20000110   Data           4  rt_time.o(.data)
    os_robin                                 0x20000114   Data           8  rt_robin.o(.data)
    packet_data                              0x2000011c   Data          32  main.o(.bss)
    m_pwm_PWM_B_cb                           0x2000013c   Data          36  main.o(.bss)
    m_pwm_PWM_R_cb                           0x20000160   Data          36  main.o(.bss)
    m_pwm_PWM_G_cb                           0x20000184   Data          36  main.o(.bss)
    os_messageQ_q_osTimerMessageQ            0x200005b8   Data          32  rtx_conf_cm.o(.bss)
    mp_tcb                                   0x200005d8   Data         376  rtx_conf_cm.o(.bss)
    mp_stk                                   0x20000750   Data        1216  rtx_conf_cm.o(.bss)
    os_stack_mem                             0x20000c10   Data         432  rtx_conf_cm.o(.bss)
    os_fifo                                  0x20000dc0   Data         132  rtx_conf_cm.o(.bss)
    os_active_TCB                            0x20000e44   Data          28  rtx_conf_cm.o(.bss)
    os_idle_TCB                              0x20000ebc   Data          52  rt_task.o(.bss)
    os_rdy                                   0x20000ef0   Data          24  rt_list.o(.bss)
    os_dly                                   0x20000f08   Data          24  rt_list.o(.bss)
    __libspace_start                         0x20000f20   Data          96  libspace.o(.bss)
    __temporary_stack_top$libspace           0x20000f80   Data           0  libspace.o(.bss)



==============================================================================

Memory Map of the image

  Image Entry point : 0x000000c1

  Load Region LR_IROM1 (Base: 0x00000000, Size: 0x00003b64, Max: 0x00040000, ABSOLUTE)

    Execution Region ER_IROM1 (Base: 0x00000000, Size: 0x00003a48, Max: 0x00040000, ABSOLUTE)

    Base Addr    Size         Type   Attr      Idx    E Section Name        Object

    0x00000000   0x000000c0   Data   RO          506    RESET               arm_startup_nrf51.o
    0x000000c0   0x00000008   Code   RO         2857  * !!!main             c_p.l(__main.o)
    0x000000c8   0x0000003c   Code   RO         3171    !!!scatter          c_p.l(__scatter.o)
    0x00000104   0x0000001a   Code   RO         3173    !!handler_copy      c_p.l(__scatter_copy.o)
    0x0000011e   0x00000002   PAD
    0x00000120   0x0000001c   Code   RO         3175    !!handler_zi        c_p.l(__scatter_zi.o)
    0x0000013c   0x00000002   Code   RO         3117    .ARM.Collect$$libinit$$00000000  c_p.l(libinit.o)
    0x0000013e   0x00000000   Code   RO         2996    .ARM.Collect$$libinit$$00000002  c_p.l(libinit2.o)
    0x0000013e   0x00000000   Code   RO         2998    .ARM.Collect$$libinit$$00000004  c_p.l(libinit2.o)
    0x0000013e   0x00000000   Code   RO         3001    .ARM.Collect$$libinit$$0000000A  c_p.l(libinit2.o)
    0x0000013e   0x00000000   Code   RO         3003    .ARM.Collect$$libinit$$0000000C  c_p.l(libinit2.o)
    0x0000013e   0x00000000   Code   RO         3005    .ARM.Collect$$libinit$$0000000E  c_p.l(libinit2.o)
    0x0000013e   0x00000000   Code   RO         3008    .ARM.Collect$$libinit$$00000011  c_p.l(libinit2.o)
    0x0000013e   0x00000000   Code   RO         3010    .ARM.Collect$$libinit$$00000013  c_p.l(libinit2.o)
    0x0000013e   0x00000000   Code   RO         3012    .ARM.Collect$$libinit$$00000015  c_p.l(libinit2.o)
    0x0000013e   0x00000000   Code   RO         3014    .ARM.Collect$$libinit$$00000017  c_p.l(libinit2.o)
    0x0000013e   0x00000000   Code   RO         3016    .ARM.Collect$$libinit$$00000019  c_p.l(libinit2.o)
    0x0000013e   0x00000000   Code   RO         3018    .ARM.Collect$$libinit$$0000001B  c_p.l(libinit2.o)
    0x0000013e   0x00000000   Code   RO         3020    .ARM.Collect$$libinit$$0000001D  c_p.l(libinit2.o)
    0x0000013e   0x00000000   Code   RO         3022    .ARM.Collect$$libinit$$0000001F  c_p.l(libinit2.o)
    0x0000013e   0x00000000   Code   RO         3024    .ARM.Collect$$libinit$$00000021  c_p.l(libinit2.o)
    0x0000013e   0x00000000   Code   RO         3026    .ARM.Collect$$libinit$$00000023  c_p.l(libinit2.o)
    0x0000013e   0x00000000   Code   RO         3028    .ARM.Collect$$libinit$$00000025  c_p.l(libinit2.o)
    0x0000013e   0x00000000   Code   RO         3032    .ARM.Collect$$libinit$$0000002C  c_p.l(libinit2.o)
    0x0000013e   0x00000000   Code   RO         3034    .ARM.Collect$$libinit$$0000002E  c_p.l(libinit2.o)
    0x0000013e   0x00000000   Code   RO         3036    .ARM.Collect$$libinit$$00000030  c_p.l(libinit2.o)
    0x0000013e   0x00000000   Code   RO         3038    .ARM.Collect$$libinit$$00000032  c_p.l(libinit2.o)
    0x0000013e   0x00000002   Code   RO         3039    .ARM.Collect$$libinit$$00000033  c_p.l(libinit2.o)
    0x00000140   0x00000002   Code   RO         3118    .ARM.Collect$$libshutdown$$00000000  c_p.l(libshutdown.o)
    0x00000142   0x00000000   Code   RO         3041    .ARM.Collect$$libshutdown$$00000002  c_p.l(libshutdown2.o)
    0x00000142   0x00000000   Code   RO         3043    .ARM.Collect$$libshutdown$$00000004  c_p.l(libshutdown2.o)
    0x00000142   0x00000000   Code   RO         3046    .ARM.Collect$$libshutdown$$00000007  c_p.l(libshutdown2.o)
    0x00000142   0x00000000   Code   RO         3049    .ARM.Collect$$libshutdown$$0000000A  c_p.l(libshutdown2.o)
    0x00000142   0x00000000   Code   RO         3051    .ARM.Collect$$libshutdown$$0000000C  c_p.l(libshutdown2.o)
    0x00000142   0x00000000   Code   RO         3054    .ARM.Collect$$libshutdown$$0000000F  c_p.l(libshutdown2.o)
    0x00000142   0x00000002   Code   RO         3055    .ARM.Collect$$libshutdown$$00000010  c_p.l(libshutdown2.o)
    0x00000144   0x00000000   Code   RO         2861    .ARM.Collect$$rtentry$$00000000  c_p.l(__rtentry.o)
    0x00000144   0x00000000   Code   RO         2886    .ARM.Collect$$rtentry$$00000002  c_p.l(__rtentry2.o)
    0x00000144   0x00000006   Code   RO         2898    .ARM.Collect$$rtentry$$00000004  c_p.l(__rtentry4.o)
    0x0000014a   0x00000000   Code   RO         2888    .ARM.Collect$$rtentry$$00000009  c_p.l(__rtentry2.o)
    0x0000014a   0x00000004   Code   RO         2889    .ARM.Collect$$rtentry$$0000000A  c_p.l(__rtentry2.o)
    0x0000014e   0x00000008   Code   RO         2890    .ARM.Collect$$rtentry$$0000000B  c_p.l(__rtentry2.o)
    0x00000156   0x00000008   Code   RO         2892    .ARM.Collect$$rtentry$$0000000D  c_p.l(__rtentry2.o)
    0x0000015e   0x00000002   Code   RO         2862    .ARM.Collect$$rtexit$$00000000  c_p.l(rtexit.o)
    0x00000160   0x00000000   Code   RO         2901    .ARM.Collect$$rtexit$$00000002  c_p.l(rtexit2.o)
    0x00000160   0x00000004   Code   RO         2902    .ARM.Collect$$rtexit$$00000003  c_p.l(rtexit2.o)
    0x00000164   0x00000006   Code   RO         2903    .ARM.Collect$$rtexit$$00000004  c_p.l(rtexit2.o)
    0x0000016a   0x00000002   PAD
    0x0000016c   0x0000001c   Code   RO          417    .emb_text           rtx_conf_cm.o
    0x00000188   0x0000001e   Code   RO          759    .emb_text           nrf_delay.o
    0x000001a6   0x00000002   PAD
    0x000001a8   0x0000001e   Code   RO         1450    .emb_text           app_timer.o
    0x000001c6   0x00000002   PAD
    0x000001c8   0x00000164   Code   RO         2805    .emb_text           RTX_CM0.lib(hal_cm0.o)
    0x0000032c   0x00000038   Code   RO         2845    .emb_text           c_p.l(rt_memcpy.o)
    0x00000364   0x00000054   Code   RO          507    .text               arm_startup_nrf51.o
    0x000003b8   0x00000008   Code   RO         2820    .text               c_p.l(libspace.o)
    0x000003c0   0x00000002   Code   RO         2823    .text               c_p.l(use_no_semi_2.o)
    0x000003c2   0x00000010   Code   RO         2843    .text               c_p.l(exit.o)
    0x000003d2   0x00000082   Code   RO         2846    .text               c_p.l(rt_memcpy.o)
    0x00000454   0x0000015a   Code   RO         2851    .text               c_p.l(aeabi_sdiv.o)
    0x000005ae   0x00000006   Code   RO         2855    .text               c_p.l(heapauxi.o)
    0x000005b4   0x00000002   Code   RO         2859    .text               c_p.l(use_no_semi.o)
    0x000005b6   0x0000003e   Code   RO         3056    .text               c_p.l(sys_stackheap_outer.o)
    0x000005f4   0x00000004   Code   RO         2815    SVC_TABLE           RTX_CM0.lib(svc_table.o)
    0x000005f8   0x000000fc   Code   RO          576    i.GPIOTE_IRQHandler  nrf_drv_gpiote.o
    0x000006f4   0x00000020   Code   RO         1452    i.RTC1_IRQHandler   app_timer.o
    0x00000714   0x00000090   Code   RO          207    i.SEGGER_RTT_Write  segger_rtt.o
    0x000007a4   0x00000018   Code   RO          280    i.SEGGER_RTT_printf  segger_rtt_printf.o
    0x000007bc   0x0000018e   Code   RO          281    i.SEGGER_RTT_vprintf  segger_rtt_printf.o
    0x0000094a   0x00000002   PAD
    0x0000094c   0x00000054   Code   RO         1453    i.SWI0_IRQHandler   app_timer.o
    0x000009a0   0x00000054   Code   RO          514    i.SystemInit        system_nrf51.o
    0x000009f4   0x00000010   Code   RO          919    i.TIMER0_IRQHandler  nrf_drv_timer.o
    0x00000a04   0x00000010   Code   RO          920    i.TIMER1_IRQHandler  nrf_drv_timer.o
    0x00000a14   0x00000010   Code   RO          921    i.TIMER2_IRQHandler  nrf_drv_timer.o
    0x00000a24   0x00000078   Code   RO         1094    i.UART0_IRQHandler  app_uart.o
    0x00000a9c   0x000000c4   Code   RO          282    i._PrintInt         segger_rtt_printf.o
    0x00000b60   0x000000e4   Code   RO          283    i._PrintUnsigned    segger_rtt_printf.o
    0x00000c44   0x0000003e   Code   RO          284    i._StoreChar        segger_rtt_printf.o
    0x00000c82   0x0000001a   Code   RO         1168    i.__ARM_common_switch8  app_uart.o
    0x00000c9c   0x00000048   Code   RO         2728    i._init_box         RTX_CM0.lib(rt_membox.o)
    0x00000ce4   0x00000024   Code   RO          419    i._mutex_acquire    rtx_conf_cm.o
    0x00000d08   0x0000001c   Code   RO          421    i._mutex_release    rtx_conf_cm.o
    0x00000d24   0x00000002   Code   RO          323    i._sys_exit         rtt_syscalls_keil.o
    0x00000d26   0x00000002   PAD
    0x00000d28   0x00000024   Code   RO         1095    i.action_tx_stop    app_uart.o
    0x00000d4c   0x00000020   Code   RO         1096    i.action_uart_deactivate  app_uart.o
    0x00000d6c   0x0000001c   Code   RO         1276    i.app_error_handler  app_error.o
    0x00000d88   0x00000022   Code   RO         1302    i.app_pwm_channel_duty_get  app_pwm.o
    0x00000daa   0x00000020   Code   RO         1303    i.app_pwm_channel_duty_set  app_pwm.o
    0x00000dca   0x0000000c   Code   RO         1304    i.app_pwm_channel_duty_ticks_get  app_pwm.o
    0x00000dd6   0x00000002   PAD
    0x00000dd8   0x0000008c   Code   RO         1305    i.app_pwm_channel_duty_ticks_set  app_pwm.o
    0x00000e64   0x000000cc   Code   RO         1306    i.app_pwm_channel_init  app_pwm.o
    0x00000f30   0x0000000e   Code   RO         1307    i.app_pwm_cycle_ticks_get  app_pwm.o
    0x00000f3e   0x00000012   Code   RO         1309    i.app_pwm_enable    app_pwm.o
    0x00000f50   0x00000180   Code   RO         1310    i.app_pwm_init      app_pwm.o
    0x000010d0   0x0000000e   Code   RO          786    i.are_app_channels  nrf_drv_ppi.o
    0x000010de   0x00000002   PAD
    0x000010e0   0x0000001c   Code   RO          577    i.channel_free      nrf_drv_gpiote.o
    0x000010fc   0x00000044   Code   RO          578    i.channel_port_alloc  nrf_drv_gpiote.o
    0x00001140   0x00000010   Code   RO          579    i.channel_port_get  nrf_drv_gpiote.o
    0x00001150   0x00000018   Code   RO            5    i.clock_setup       main.o
    0x00001168   0x0000006c   Code   RO            6    i.color             main.o
    0x000011d4   0x000000a4   Code   RO         1461    i.compare_reg_update  app_timer.o
    0x00001278   0x00000010   Code   RO         1601    i.critical_region_enter  app_util_platform.o
    0x00001288   0x00000014   Code   RO         1602    i.critical_region_exit  app_util_platform.o
    0x0000129c   0x00000040   Code   RO         1462    i.elapsed_ticks_acquire  app_timer.o
    0x000012dc   0x00000058   Code   RO         1463    i.expired_timers_handler  app_timer.o
    0x00001334   0x00000018   Code   RO          787    i.is_allocated_channel  nrf_drv_ppi.o
    0x0000134c   0x00000018   Code   RO          788    i.is_allocated_group  nrf_drv_ppi.o
    0x00001364   0x0000000e   Code   RO          789    i.is_app_channel    nrf_drv_ppi.o
    0x00001372   0x0000000c   Code   RO          790    i.is_app_group      nrf_drv_ppi.o
    0x0000137e   0x00000002   PAD
    0x00001380   0x00000048   Code   RO          515    i.is_manual_peripheral_setup_needed  system_nrf51.o
    0x000013c8   0x0000000e   Code   RO          791    i.is_programmable_app_channel  nrf_drv_ppi.o
    0x000013d6   0x0000002e   Code   RO         1635    i.isrMessageGet     RTX_CM0.lib(rt_cmsis.o)
    0x00001404   0x00000030   Code   RO         1636    i.isrMessagePut     RTX_CM0.lib(rt_cmsis.o)
    0x00001434   0x00000046   Code   RO         2583    i.isr_mbx_receive   RTX_CM0.lib(rt_mailbox.o)
    0x0000147a   0x0000000c   Code   RO         2584    i.isr_mbx_send      RTX_CM0.lib(rt_mailbox.o)
    0x00001486   0x00000002   PAD
    0x00001488   0x00000130   Code   RO            7    i.led_init          main.o
    0x000015b8   0x00000094   Code   RO         1464    i.list_deletions_handler  app_timer.o
    0x0000164c   0x000000f0   Code   RO         1465    i.list_insertions_handler  app_timer.o
    0x0000173c   0x00000114   Code   RO            8    i.main              main.o
    0x00001850   0x00000090   Code   RO            9    i.mesh              main.o
    0x000018e0   0x0000001c   Code   RO          760    i.nrf_delay_ms      nrf_delay.o
    0x000018fc   0x00000060   Code   RO          550    i.nrf_drv_common_irq_enable  nrf_drv_common.o
    0x0000195c   0x00000054   Code   RO          586    i.nrf_drv_gpiote_init  nrf_drv_gpiote.o
    0x000019b0   0x00000010   Code   RO          587    i.nrf_drv_gpiote_is_init  nrf_drv_gpiote.o
    0x000019c0   0x00000094   Code   RO          589    i.nrf_drv_gpiote_out_init  nrf_drv_gpiote.o
    0x00001a54   0x00000014   Code   RO          591    i.nrf_drv_gpiote_out_task_addr_get  nrf_drv_gpiote.o
    0x00001a68   0x00000030   Code   RO          593    i.nrf_drv_gpiote_out_task_enable  nrf_drv_gpiote.o
    0x00001a98   0x00000030   Code   RO          594    i.nrf_drv_gpiote_out_task_force  nrf_drv_gpiote.o
    0x00001ac8   0x00000018   Code   RO          595    i.nrf_drv_gpiote_out_task_trigger  nrf_drv_gpiote.o
    0x00001ae0   0x00000030   Code   RO          597    i.nrf_drv_gpiote_out_uninit  nrf_drv_gpiote.o
    0x00001b10   0x00000054   Code   RO          792    i.nrf_drv_ppi_channel_alloc  nrf_drv_ppi.o
    0x00001b64   0x00000040   Code   RO          793    i.nrf_drv_ppi_channel_assign  nrf_drv_ppi.o
    0x00001ba4   0x00000038   Code   RO          794    i.nrf_drv_ppi_channel_disable  nrf_drv_ppi.o
    0x00001bdc   0x00000038   Code   RO          795    i.nrf_drv_ppi_channel_enable  nrf_drv_ppi.o
    0x00001c14   0x00000038   Code   RO          796    i.nrf_drv_ppi_channel_free  nrf_drv_ppi.o
    0x00001c4c   0x0000000e   Code   RO         1312    i.nrf_drv_ppi_channel_include_in_group  app_pwm.o
    0x00001c5a   0x00000002   PAD
    0x00001c5c   0x00000048   Code   RO          797    i.nrf_drv_ppi_channels_include_in_group  nrf_drv_ppi.o
    0x00001ca4   0x00000048   Code   RO          798    i.nrf_drv_ppi_channels_remove_from_group  nrf_drv_ppi.o
    0x00001cec   0x00000050   Code   RO          799    i.nrf_drv_ppi_group_alloc  nrf_drv_ppi.o
    0x00001d3c   0x00000024   Code   RO          800    i.nrf_drv_ppi_group_disable  nrf_drv_ppi.o
    0x00001d60   0x00000030   Code   RO          801    i.nrf_drv_ppi_group_enable  nrf_drv_ppi.o
    0x00001d90   0x00000048   Code   RO          802    i.nrf_drv_ppi_group_free  nrf_drv_ppi.o
    0x00001dd8   0x00000018   Code   RO          803    i.nrf_drv_ppi_init  nrf_drv_ppi.o
    0x00001df0   0x0000000e   Code   RO          923    i.nrf_drv_timer_capture_get  nrf_drv_timer.o
    0x00001dfe   0x00000008   Code   RO          925    i.nrf_drv_timer_clear  nrf_drv_timer.o
    0x00001e06   0x0000002a   Code   RO          926    i.nrf_drv_timer_compare  nrf_drv_timer.o
    0x00001e30   0x0000000e   Code   RO          927    i.nrf_drv_timer_compare_event_address_get  nrf_drv_timer.o
    0x00001e3e   0x00000012   Code   RO          928    i.nrf_drv_timer_compare_int_disable  nrf_drv_timer.o
    0x00001e50   0x00000022   Code   RO          929    i.nrf_drv_timer_compare_int_enable  nrf_drv_timer.o
    0x00001e72   0x00000002   PAD
    0x00001e74   0x00000014   Code   RO          930    i.nrf_drv_timer_disable  nrf_drv_timer.o
    0x00001e88   0x00000014   Code   RO          931    i.nrf_drv_timer_enable  nrf_drv_timer.o
    0x00001e9c   0x0000002e   Code   RO          933    i.nrf_drv_timer_extended_compare  nrf_drv_timer.o
    0x00001eca   0x00000002   PAD
    0x00001ecc   0x0000009c   Code   RO          935    i.nrf_drv_timer_init  nrf_drv_timer.o
    0x00001f68   0x00000048   Code   RO          936    i.nrf_drv_timer_interrupt_handle  nrf_drv_timer.o
    0x00001fb0   0x00000064   Code   RO          941    i.nrf_drv_timer_uninit  nrf_drv_timer.o
    0x00002014   0x00000016   Code   RO          942    i.nrf_drv_timer_us_to_ticks  nrf_drv_timer.o
    0x0000202a   0x00000002   PAD
    0x0000202c   0x00000020   Code   RO          599    i.nrf_gpio_cfg_sense_set  nrf_drv_gpiote.o
    0x0000204c   0x00000014   Code   RO          600    i.nrf_gpiote_event_is_set  nrf_drv_gpiote.o
    0x00002060   0x00000080   Code   RO         1104    i.on_uart_event     app_uart.o
    0x000020e0   0x00000028   Code   RO         1640    i.osKernelInitialize  RTX_CM0.lib(rt_cmsis.o)
    0x00002108   0x0000006c   Code   RO         1642    i.osKernelStart     RTX_CM0.lib(rt_cmsis.o)
    0x00002174   0x0000001c   Code   RO         1651    i.osMessageGet      RTX_CM0.lib(rt_cmsis.o)
    0x00002190   0x00000034   Code   RO         1668    i.osThreadCreate    RTX_CM0.lib(rt_cmsis.o)
    0x000021c4   0x00000018   Code   RO         1669    i.osThreadExit      RTX_CM0.lib(rt_cmsis.o)
    0x000021dc   0x00000010   Code   RO         1675    i.osTimerCall       RTX_CM0.lib(rt_cmsis.o)
    0x000021ec   0x0000002c   Code   RO         1680    i.osTimerThread     RTX_CM0.lib(rt_cmsis.o)
    0x00002218   0x00000002   Code   RO          422    i.os_error          rtx_conf_cm.o
    0x0000221a   0x00000002   Code   RO          423    i.os_idle_demon     rtx_conf_cm.o
    0x0000221c   0x0000002c   Code   RO         2375    i.os_tick_init      RTX_CM0.lib(rt_system.o)
    0x00002248   0x00000002   Code   RO         2376    i.os_tick_irqack    RTX_CM0.lib(rt_system.o)
    0x0000224a   0x00000002   PAD
    0x0000224c   0x00000038   Code   RO         1313    i.pan73_workaround  app_pwm.o
    0x00002284   0x00000018   Code   RO          602    i.pin_in_use_by_te  nrf_drv_gpiote.o
    0x0000229c   0x00000018   Code   RO         1314    i.pwm_channel_ppi_disable  app_pwm.o
    0x000022b4   0x00000080   Code   RO         1315    i.pwm_dealloc       app_pwm.o
    0x00002334   0x00000014   Code   RO         1316    i.pwm_ppi_disable   app_pwm.o
    0x00002348   0x0000000c   Code   RO           10    i.pwm_ready_callback  main.o
    0x00002354   0x0000003c   Code   RO         1317    i.pwm_ready_tick    app_pwm.o
    0x00002390   0x00000066   Code   RO         1318    i.pwm_transition_0or100_to_0or100  app_pwm.o
    0x000023f6   0x00000002   PAD
    0x000023f8   0x00000090   Code   RO         1319    i.pwm_transition_0or100_to_n  app_pwm.o
    0x00002488   0x0000007c   Code   RO         1320    i.pwm_transition_n_to_0or100  app_pwm.o
    0x00002504   0x000000a0   Code   RO         1321    i.pwm_transition_n_to_m  app_pwm.o
    0x000025a4   0x00000078   Code   RO           11    i.radio_receive     main.o
    0x0000261c   0x0000007c   Code   RO           12    i.radio_setup       main.o
    0x00002698   0x00000074   Code   RO           13    i.radio_transmit    main.o
    0x0000270c   0x0000001e   Code   RO         2729    i.rt_alloc_box      RTX_CM0.lib(rt_membox.o)
    0x0000272a   0x00000042   Code   RO         2757    i.rt_alloc_mem      RTX_CM0.lib(rt_memory.o)
    0x0000276c   0x00000038   Code   RO         2256    i.rt_block          RTX_CM0.lib(rt_task.o)
    0x000027a4   0x00000044   Code   RO         2706    i.rt_chk_robin      RTX_CM0.lib(rt_robin.o)
    0x000027e8   0x00000074   Code   RO         2507    i.rt_dec_dly        RTX_CM0.lib(rt_list.o)
    0x0000285c   0x00000040   Code   RO         2257    i.rt_dispatch       RTX_CM0.lib(rt_task.o)
    0x0000289c   0x00000050   Code   RO         2468    i.rt_evt_psh        RTX_CM0.lib(rt_event.o)
    0x000028ec   0x00000026   Code   RO         2730    i.rt_free_box       RTX_CM0.lib(rt_membox.o)
    0x00002912   0x00000030   Code   RO         2758    i.rt_free_mem       RTX_CM0.lib(rt_memory.o)
    0x00002942   0x0000002a   Code   RO         2508    i.rt_get_first      RTX_CM0.lib(rt_list.o)
    0x0000296c   0x00000008   Code   RO         1685    i.rt_id2obj         RTX_CM0.lib(rt_cmsis.o)
    0x00002974   0x00000048   Code   RO         2258    i.rt_init_context   RTX_CM0.lib(rt_task.o)
    0x000029bc   0x0000001c   Code   RO         2759    i.rt_init_mem       RTX_CM0.lib(rt_memory.o)
    0x000029d8   0x00000018   Code   RO         2707    i.rt_init_robin     RTX_CM0.lib(rt_robin.o)
    0x000029f0   0x00000078   Code   RO         2781    i.rt_init_stack     RTX_CM0.lib(hal_cm.o)
    0x00002a68   0x00000008   Code   RO         2585    i.rt_mbx_check      RTX_CM0.lib(rt_mailbox.o)
    0x00002a70   0x00000024   Code   RO         2586    i.rt_mbx_init       RTX_CM0.lib(rt_mailbox.o)
    0x00002a94   0x000000d0   Code   RO         2587    i.rt_mbx_psh        RTX_CM0.lib(rt_mailbox.o)
    0x00002b64   0x000000b0   Code   RO         2589    i.rt_mbx_wait       RTX_CM0.lib(rt_mailbox.o)
    0x00002c14   0x00000048   Code   RO         1686    i.rt_ms2tick        RTX_CM0.lib(rt_cmsis.o)
    0x00002c5c   0x000000d8   Code   RO         2342    i.rt_mut_release    RTX_CM0.lib(rt_mutex.o)
    0x00002d34   0x00000070   Code   RO         2343    i.rt_mut_wait       RTX_CM0.lib(rt_mutex.o)
    0x00002da4   0x00000070   Code   RO         2379    i.rt_pop_req        RTX_CM0.lib(rt_system.o)
    0x00002e14   0x00000020   Code   RO         2380    i.rt_psh_req        RTX_CM0.lib(rt_system.o)
    0x00002e34   0x00000040   Code   RO         2510    i.rt_psq_enq        RTX_CM0.lib(rt_list.o)
    0x00002e74   0x00000050   Code   RO         2511    i.rt_put_dly        RTX_CM0.lib(rt_list.o)
    0x00002ec4   0x0000003c   Code   RO         2512    i.rt_put_prio       RTX_CM0.lib(rt_list.o)
    0x00002f00   0x00000014   Code   RO         2513    i.rt_put_rdy_first  RTX_CM0.lib(rt_list.o)
    0x00002f14   0x00000030   Code   RO         2514    i.rt_resort_prio    RTX_CM0.lib(rt_list.o)
    0x00002f44   0x00000006   Code   RO         2782    i.rt_ret_val        RTX_CM0.lib(hal_cm.o)
    0x00002f4a   0x00000008   Code   RO         2783    i.rt_ret_val2       RTX_CM0.lib(hal_cm.o)
    0x00002f52   0x0000002a   Code   RO         2515    i.rt_rmv_dly        RTX_CM0.lib(rt_list.o)
    0x00002f7c   0x00000034   Code   RO         2516    i.rt_rmv_list       RTX_CM0.lib(rt_list.o)
    0x00002fb0   0x00000034   Code   RO         2634    i.rt_sem_psh        RTX_CM0.lib(rt_semaphore.o)
    0x00002fe4   0x00000028   Code   RO         2382    i.rt_stk_check      RTX_CM0.lib(rt_system.o)
    0x0000300c   0x00000010   Code   RO         2259    i.rt_switch_req     RTX_CM0.lib(rt_task.o)
    0x0000301c   0x000000c8   Code   RO         2260    i.rt_sys_init       RTX_CM0.lib(rt_task.o)
    0x000030e4   0x00000064   Code   RO         2261    i.rt_sys_start      RTX_CM0.lib(rt_task.o)
    0x00003148   0x0000003c   Code   RO         2384    i.rt_systick        RTX_CM0.lib(rt_system.o)
    0x00003184   0x00000012   Code   RO         1687    i.rt_tid2ptcb       RTX_CM0.lib(rt_cmsis.o)
    0x00003196   0x00000002   PAD
    0x00003198   0x00000038   Code   RO         1688    i.rt_timer_insert   RTX_CM0.lib(rt_cmsis.o)
    0x000031d0   0x00000078   Code   RO         2262    i.rt_tsk_create     RTX_CM0.lib(rt_task.o)
    0x00003248   0x0000013c   Code   RO         2263    i.rt_tsk_delete     RTX_CM0.lib(rt_task.o)
    0x00003384   0x00000080   Code   RO         2265    i.rt_tsk_prio       RTX_CM0.lib(rt_task.o)
    0x00003404   0x00000010   Code   RO         2266    i.rt_tsk_self       RTX_CM0.lib(rt_task.o)
    0x00003414   0x00000044   Code   RO         1466    i.rtc1_stop         app_timer.o
    0x00003458   0x00000078   Code   RO         1691    i.svcKernelInitialize  RTX_CM0.lib(rt_cmsis.o)
    0x000034d0   0x0000004c   Code   RO         1693    i.svcKernelStart    RTX_CM0.lib(rt_cmsis.o)
    0x0000351c   0x0000002a   Code   RO         1696    i.svcMessageCreate  RTX_CM0.lib(rt_cmsis.o)
    0x00003546   0x0000003c   Code   RO         1697    i.svcMessageGet     RTX_CM0.lib(rt_cmsis.o)
    0x00003582   0x00000002   PAD
    0x00003584   0x00000078   Code   RO         1711    i.svcThreadCreate   RTX_CM0.lib(rt_cmsis.o)
    0x000035fc   0x0000001c   Code   RO         1712    i.svcThreadGetId    RTX_CM0.lib(rt_cmsis.o)
    0x00003618   0x0000003c   Code   RO         1715    i.svcThreadTerminate  RTX_CM0.lib(rt_cmsis.o)
    0x00003654   0x0000001c   Code   RO         1717    i.svcTimerCall      RTX_CM0.lib(rt_cmsis.o)
    0x00003670   0x00000058   Code   RO         1726    i.sysTimerTick      RTX_CM0.lib(rt_cmsis.o)
    0x000036c8   0x00000010   Code   RO         1467    i.timer_list_handler_sched  app_timer.o
    0x000036d8   0x00000064   Code   RO         1468    i.timer_list_insert  app_timer.o
    0x0000373c   0x00000070   Code   RO         1469    i.timer_list_remove  app_timer.o
    0x000037ac   0x00000080   Code   RO         1470    i.timer_timeouts_check  app_timer.o
    0x0000382c   0x00000008   Data   RO           18    .constdata          main.o
    0x00003834   0x000000fc   Data   RO           19    .constdata          main.o
    0x00003930   0x00000008   Data   RO           20    .constdata          main.o
    0x00003938   0x00000008   Data   RO           21    .constdata          main.o
    0x00003940   0x00000010   Data   RO          285    .constdata          segger_rtt_printf.o
    0x00003950   0x00000002   Data   RO          431    .constdata          rtx_conf_cm.o
    0x00003952   0x00000002   PAD
    0x00003954   0x00000004   Data   RO          432    .constdata          rtx_conf_cm.o
    0x00003958   0x00000004   Data   RO          433    .constdata          rtx_conf_cm.o
    0x0000395c   0x00000004   Data   RO          437    .constdata          rtx_conf_cm.o
    0x00003960   0x00000001   Data   RO          438    .constdata          rtx_conf_cm.o
    0x00003961   0x00000003   PAD
    0x00003964   0x00000010   Data   RO          439    .constdata          rtx_conf_cm.o
    0x00003974   0x00000002   Data   RO          440    .constdata          rtx_conf_cm.o
    0x00003976   0x00000002   PAD
    0x00003978   0x00000004   Data   RO          441    .constdata          rtx_conf_cm.o
    0x0000397c   0x00000004   Data   RO          442    .constdata          rtx_conf_cm.o
    0x00003980   0x00000001   Data   RO          443    .constdata          rtx_conf_cm.o
    0x00003981   0x00000003   PAD
    0x00003984   0x00000010   Data   RO          444    .constdata          rtx_conf_cm.o
    0x00003994   0x00000008   Data   RO          445    .constdata          rtx_conf_cm.o
    0x0000399c   0x00000002   Data   RO          446    .constdata          rtx_conf_cm.o
    0x0000399e   0x00000002   PAD
    0x000039a0   0x00000018   Data   RO          944    .constdata          nrf_drv_timer.o
    0x000039b8   0x0000000c   Data   RO         1323    .constdata          app_pwm.o
    0x000039c4   0x00000056   Data   RO           22    .conststring        main.o
    0x00003a1a   0x00000002   PAD
    0x00003a1c   0x00000009   Data   RO          211    .conststring        segger_rtt.o
    0x00003a25   0x00000003   PAD
    0x00003a28   0x00000020   Data   RO         3169    Region$$Table       anon$$obj.o


    Execution Region RW_IRAM1 (Base: 0x20000000, Size: 0x00001f80, Max: 0x00008000, ABSOLUTE)

    Base Addr    Size         Type   Attr      Idx    E Section Name        Object

    0x20000000   0x00000018   Data   RW           23    .data               main.o
    0x20000018   0x0000007c   Data   RW          212    .data               segger_rtt.o
    0x20000094   0x00000004   Data   RW          448    .data               rtx_conf_cm.o
    0x20000098   0x00000010   Data   RW          449    .data               rtx_conf_cm.o
    0x200000a8   0x00000004   Data   RW          450    .data               rtx_conf_cm.o
    0x200000ac   0x00000004   Data   RW          451    .data               rtx_conf_cm.o
    0x200000b0   0x00000004   Data   RW          516    .data               system_nrf51.o
    0x200000b4   0x00000008   Data   RW          805    .data               nrf_drv_ppi.o
    0x200000bc   0x00000003   Data   RW          945    .data               nrf_drv_timer.o
    0x200000bf   0x00000001   PAD
    0x200000c0   0x0000000c   Data   RW         1106    .data               app_uart.o
    0x200000cc   0x00000003   Data   RW         1324    .data               app_pwm.o
    0x200000cf   0x00000001   PAD
    0x200000d0   0x00000024   Data   RW         1473    .data               app_timer.o
    0x200000f4   0x00000004   Data   RW         1603    .data               app_util_platform.o
    0x200000f8   0x00000008   Data   RW         1729    .data               RTX_CM0.lib(rt_cmsis.o)
    0x20000100   0x00000008   Data   RW         2268    .data               RTX_CM0.lib(rt_task.o)
    0x20000108   0x00000008   Data   RW         2387    .data               RTX_CM0.lib(rt_system.o)
    0x20000110   0x00000004   Data   RW         2677    .data               RTX_CM0.lib(rt_time.o)
    0x20000114   0x00000008   Data   RW         2708    .data               RTX_CM0.lib(rt_robin.o)
    0x2000011c   0x00000020   Zero   RW           14    .bss                main.o
    0x2000013c   0x00000024   Zero   RW           15    .bss                main.o
    0x20000160   0x00000024   Zero   RW           16    .bss                main.o
    0x20000184   0x00000024   Zero   RW           17    .bss                main.o
    0x200001a8   0x00000400   Zero   RW          209    .bss                segger_rtt.o
    0x200005a8   0x00000010   Zero   RW          210    .bss                segger_rtt.o
    0x200005b8   0x00000020   Zero   RW          424    .bss                rtx_conf_cm.o
    0x200005d8   0x00000178   Zero   RW          425    .bss                rtx_conf_cm.o
    0x20000750   0x000004c0   Zero   RW          426    .bss                rtx_conf_cm.o
    0x20000c10   0x000001b0   Zero   RW          427    .bss                rtx_conf_cm.o
    0x20000dc0   0x00000084   Zero   RW          428    .bss                rtx_conf_cm.o
    0x20000e44   0x0000001c   Zero   RW          429    .bss                rtx_conf_cm.o
    0x20000e60   0x00000038   Zero   RW          603    .bss                nrf_drv_gpiote.o
    0x20000e98   0x00000018   Zero   RW          943    .bss                nrf_drv_timer.o
    0x20000eb0   0x0000000c   Zero   RW         1322    .bss                app_pwm.o
    0x20000ebc   0x00000034   Zero   RW         2267    .bss                RTX_CM0.lib(rt_task.o)
    0x20000ef0   0x00000030   Zero   RW         2517    .bss                RTX_CM0.lib(rt_list.o)
    0x20000f20   0x00000060   Zero   RW         2821    .bss                c_p.l(libspace.o)
    0x20000f80   0x00000800   Zero   RW          505    HEAP                arm_startup_nrf51.o
    0x20001780   0x00000800   Zero   RW          504    STACK               arm_startup_nrf51.o


==============================================================================

Image component sizes


      Code (inc. data)   RO Data    RW Data    ZI Data      Debug   Object Name

        28         10          0          0          0       7512   app_error.o
      1670         92         12          3         12      26247   app_pwm.o
      1274        106          0         36          0      21556   app_timer.o
       342         60          0         12          0       8288   app_uart.o
        36         10          0          4          0       1131   app_util_platform.o
        84         36        192          0       4096        644   arm_startup_nrf51.o
      1228        318        362         24        140      41995   main.o
        58          4          0          0          0       1535   nrf_delay.o
        96         18          0          0          0       7204   nrf_drv_common.o
       876        128          0          0         56      20367   nrf_drv_gpiote.o
       822         74          0          8          0      18697   nrf_drv_ppi.o
       614         56         24          3         24      25557   nrf_drv_timer.o
         2          0          0          0          0        444   rtt_syscalls_keil.o
        96         28         68         28       2216       8895   rtx_conf_cm.o
       144          4          9        124       1040       2266   segger_rtt.o
       908          4         16          0          0       6517   segger_rtt_printf.o
       156         26          0          4          0       1807   system_nrf51.o

    ----------------------------------------------------------------------
      8458        974        732        248       7584     200662   Object Totals
         0          0         32          0          0          0   (incl. Generated)
        24          0         17          2          0          0   (incl. Padding)

    ----------------------------------------------------------------------

      Code (inc. data)   RO Data    RW Data    ZI Data      Debug   Library Member Name

       134         14          0          0          0       1635   hal_cm.o
       356         40          0          0          0        820   hal_cm0.o
      1182        142          0          8          0      29733   rt_cmsis.o
        80          6          0          0          0        609   rt_event.o
       524         34          0          0         48       7893   rt_list.o
       510         16          0          0          0       3721   rt_mailbox.o
       140          0          0          0          0       1901   rt_membox.o
       142          0          0          0          0       2247   rt_memory.o
       328         16          0          0          0       1555   rt_mutex.o
        92         22          0          8          0       1074   rt_robin.o
        52          4          0          0          0        537   rt_semaphore.o
       290         54          0          8          0       5883   rt_system.o
      1088        178          0          8         52       8997   rt_task.o
         0          0          0          4          0        198   rt_time.o
         4          4          0          0          0        188   svc_table.o
         8          0          0          0          0         68   __main.o
         0          0          0          0          0          0   __rtentry.o
        20          0          0          0          0          0   __rtentry2.o
         6          0          0          0          0          0   __rtentry4.o
        60          8          0          0          0          0   __scatter.o
        26          0          0          0          0          0   __scatter_copy.o
        28          0          0          0          0          0   __scatter_zi.o
       346          0          0          0          0         92   aeabi_sdiv.o
        16          0          0          0          0         68   exit.o
         6          0          0          0          0        136   heapauxi.o
         2          0          0          0          0          0   libinit.o
         2          0          0          0          0          0   libinit2.o
         2          0          0          0          0          0   libshutdown.o
         2          0          0          0          0          0   libshutdown2.o
         8          4          0          0         96         68   libspace.o
       186          0          0          0          0        144   rt_memcpy.o
         2          0          0          0          0          0   rtexit.o
        10          0          0          0          0          0   rtexit2.o
        62          0          0          0          0         80   sys_stackheap_outer.o
         2          0          0          0          0         68   use_no_semi.o
         2          0          0          0          0         68   use_no_semi_2.o

    ----------------------------------------------------------------------
      5730        542          0         36        196      67783   Library Totals
        12          0          0          0          0          0   (incl. Padding)

    ----------------------------------------------------------------------

      Code (inc. data)   RO Data    RW Data    ZI Data      Debug   Library Name

      4922        530          0         36        100      66991   RTX_CM0.lib
       796         12          0          0         96        792   c_p.l

    ----------------------------------------------------------------------
      5730        542          0         36        196      67783   Library Totals

    ----------------------------------------------------------------------

==============================================================================


      Code (inc. data)   RO Data    RW Data    ZI Data      Debug   

     14188       1516        732        284       7780     260289   Grand Totals
     14188       1516        732        284       7780     260289   ELF Image Totals
     14188       1516        732        284          0          0   ROM Totals

==============================================================================

    Total RO  Size (Code + RO Data)                14920 (  14.57kB)
    Total RW  Size (RW Data + ZI Data)              8064 (   7.88kB)
    Total ROM Size (Code + RO Data + RW Data)      15204 (  14.85kB)

==============================================================================

