Component: ARM Compiler 5.06 (build 20) Tool: armlink [4d35a3]

==============================================================================

Section Cross References

    test.o(i.blink) refers to test.o(i.color) for color
    test.o(i.blink) refers to nrf_delay.o(i.nrf_delay_ms) for nrf_delay_ms
    test.o(i.clock_setup) refers to segger_rtt_printf.o(i.SEGGER_RTT_printf) for SEGGER_RTT_printf
    test.o(i.color) refers to app_pwm.o(i.app_pwm_channel_duty_set) for app_pwm_channel_duty_set
    test.o(i.color) refers to app_pwm.o(i.app_pwm_channel_duty_get) for app_pwm_channel_duty_get
    test.o(i.color) refers to segger_rtt_printf.o(i.SEGGER_RTT_printf) for SEGGER_RTT_printf
    test.o(i.color) refers to test.o(.constdata) for .constdata
    test.o(i.led_init) refers to rt_memcpy.o(.emb_text) for __aeabi_memcpy4
    test.o(i.led_init) refers to app_pwm.o(i.app_pwm_init) for app_pwm_init
    test.o(i.led_init) refers to app_pwm.o(i.app_pwm_enable) for app_pwm_enable
    test.o(i.led_init) refers to test.o(i.color) for color
    test.o(i.led_init) refers to nrf_delay.o(i.nrf_delay_ms) for nrf_delay_ms
    test.o(i.led_init) refers to test.o(.constdata) for .constdata
    test.o(i.led_init) refers to test.o(i.pwm_ready_callback) for pwm_ready_callback
    test.o(i.main) refers to segger_rtt_printf.o(i.SEGGER_RTT_printf) for SEGGER_RTT_printf
    test.o(i.main) refers to test.o(i.led_init) for led_init
    test.o(i.main) refers to test.o(i.color) for color
    test.o(i.main) refers to nrf_delay.o(i.nrf_delay_ms) for nrf_delay_ms
    test.o(i.main) refers to test.o(i.clock_setup) for clock_setup
    test.o(i.main) refers to test.o(i.radio_setup) for radio_setup
    test.o(i.pwm_ready_callback) refers to test.o(.data) for .data
    test.o(i.radio_setup) refers to segger_rtt_printf.o(i.SEGGER_RTT_printf) for SEGGER_RTT_printf
    test.o(i.radio_transmit) refers to app_pwm.o(i.app_pwm_channel_duty_get) for app_pwm_channel_duty_get
    test.o(i.radio_transmit) refers to test.o(i.color) for color
    test.o(i.radio_transmit) refers to test.o(.constdata) for .constdata
    test.o(i.radio_transmit) refers to test.o(.data) for .data
    test.o(.constdata) refers to test.o(.bss) for m_pwm_PWM_B_cb
    test.o(.constdata) refers to test.o(.constdata) for m_pwm_PWM_B_timer
    test.o(.constdata) refers to test.o(.bss) for m_pwm_PWM_G_cb
    test.o(.constdata) refers to test.o(.constdata) for m_pwm_PWM_G_timer
    test.o(.constdata) refers to test.o(.bss) for m_pwm_PWM_R_cb
    test.o(.constdata) refers to test.o(.constdata) for m_pwm_PWM_R_timer
    segger_rtt.o(i.SEGGER_RTT_ConfigDownBuffer) refers to segger_rtt.o(.data) for .data
    segger_rtt.o(i.SEGGER_RTT_ConfigUpBuffer) refers to segger_rtt.o(.data) for .data
    segger_rtt.o(i.SEGGER_RTT_GetKey) refers to segger_rtt.o(i.SEGGER_RTT_Read) for SEGGER_RTT_Read
    segger_rtt.o(i.SEGGER_RTT_HasKey) refers to segger_rtt.o(.data) for .data
    segger_rtt.o(i.SEGGER_RTT_Read) refers to rt_memcpy.o(.text) for __aeabi_memcpy
    segger_rtt.o(i.SEGGER_RTT_Read) refers to segger_rtt.o(.data) for .data
    segger_rtt.o(i.SEGGER_RTT_SetTerminal) refers to segger_rtt.o(i.SEGGER_RTT_Write) for SEGGER_RTT_Write
    segger_rtt.o(i.SEGGER_RTT_SetTerminal) refers to segger_rtt.o(.data) for .data
    segger_rtt.o(i.SEGGER_RTT_TerminalOut) refers to segger_rtt.o(i.SEGGER_RTT_Write) for SEGGER_RTT_Write
    segger_rtt.o(i.SEGGER_RTT_TerminalOut) refers to segger_rtt.o(i.SEGGER_RTT_WriteString) for SEGGER_RTT_WriteString
    segger_rtt.o(i.SEGGER_RTT_TerminalOut) refers to segger_rtt.o(.data) for .data
    segger_rtt.o(i.SEGGER_RTT_WaitKey) refers to segger_rtt.o(i.SEGGER_RTT_GetKey) for SEGGER_RTT_GetKey
    segger_rtt.o(i.SEGGER_RTT_Write) refers to rt_memcpy.o(.text) for __aeabi_memcpy
    segger_rtt.o(i.SEGGER_RTT_Write) refers to segger_rtt.o(.data) for .data
    segger_rtt.o(i.SEGGER_RTT_WriteString) refers to segger_rtt.o(i.SEGGER_RTT_Write) for SEGGER_RTT_Write
    segger_rtt.o(.data) refers to segger_rtt.o(.conststring) for .conststring
    segger_rtt.o(.data) refers to segger_rtt.o(.bss) for _acUpBuffer
    segger_rtt.o(.data) refers to segger_rtt.o(.bss) for _acDownBuffer
    segger_rtt_printf.o(i.SEGGER_RTT_printf) refers to segger_rtt_printf.o(i.SEGGER_RTT_vprintf) for SEGGER_RTT_vprintf
    segger_rtt_printf.o(i.SEGGER_RTT_vprintf) refers to segger_rtt_printf.o(i._StoreChar) for _StoreChar
    segger_rtt_printf.o(i.SEGGER_RTT_vprintf) refers to segger_rtt_printf.o(i._PrintInt) for _PrintInt
    segger_rtt_printf.o(i.SEGGER_RTT_vprintf) refers to segger_rtt_printf.o(i._PrintUnsigned) for _PrintUnsigned
    segger_rtt_printf.o(i.SEGGER_RTT_vprintf) refers to segger_rtt.o(i.SEGGER_RTT_Write) for SEGGER_RTT_Write
    segger_rtt_printf.o(i._PrintInt) refers to aeabi_sdiv.o(.text) for __aeabi_uidivmod
    segger_rtt_printf.o(i._PrintInt) refers to segger_rtt_printf.o(i._StoreChar) for _StoreChar
[...]
    Removing nrf_delay.o(.rev16_text), (4 bytes).
    Removing nrf_delay.o(.revsh_text), (4 bytes).
    Removing nrf_drv_ppi.o(.rev16_text), (4 bytes).
    Removing nrf_drv_ppi.o(.revsh_text), (4 bytes).
    Removing nrf_drv_ppi.o(i.nrf_drv_ppi_uninit), (88 bytes).
    Removing nrf_drv_timer.o(.rev16_text), (4 bytes).
    Removing nrf_drv_timer.o(.revsh_text), (4 bytes).
    Removing nrf_drv_timer.o(i.nrf_drv_timer_capture), (28 bytes).
    Removing nrf_drv_timer.o(i.nrf_drv_timer_capture_task_address_get), (12 bytes).
    Removing nrf_drv_timer.o(i.nrf_drv_timer_event_address_get), (6 bytes).
    Removing nrf_drv_timer.o(i.nrf_drv_timer_increment), (8 bytes).
    Removing nrf_drv_timer.o(i.nrf_drv_timer_ms_to_ticks), (22 bytes).
    Removing nrf_drv_timer.o(i.nrf_drv_timer_pause), (8 bytes).
    Removing nrf_drv_timer.o(i.nrf_drv_timer_resume), (8 bytes).
    Removing nrf_drv_timer.o(i.nrf_drv_timer_task_address_get), (6 bytes).
    Removing app_uart.o(.rev16_text), (4 bytes).
    Removing app_uart.o(.revsh_text), (4 bytes).
    Removing app_uart.o(i.app_uart_close), (36 bytes).
    Removing app_uart.o(i.app_uart_flush), (4 bytes).
    Removing app_uart.o(i.app_uart_get), (36 bytes).
    Removing app_uart.o(i.app_uart_get_connection_state), (20 bytes).
    Removing app_uart.o(i.app_uart_init), (372 bytes).
    Removing app_uart.o(i.app_uart_put), (36 bytes).
    Removing app_uart.o(i.gpiote_uart_event_handler), (22 bytes).
    Removing app_uart.o(.constdata), (8 bytes).
    Removing nrf_soc.o(.rev16_text), (4 bytes).
    Removing nrf_soc.o(.revsh_text), (4 bytes).
    Removing nrf_soc.o(i.sd_app_evt_wait), (6 bytes).
    Removing nrf_soc.o(i.sd_nvic_ClearPendingIRQ), (20 bytes).
    Removing nrf_soc.o(i.sd_nvic_DisableIRQ), (20 bytes).
    Removing nrf_soc.o(i.sd_nvic_EnableIRQ), (20 bytes).
    Removing nrf_soc.o(i.sd_nvic_GetPendingIRQ), (40 bytes).
    Removing nrf_soc.o(i.sd_nvic_GetPriority), (64 bytes).
    Removing nrf_soc.o(i.sd_nvic_SetPendingIRQ), (20 bytes).
    Removing nrf_soc.o(i.sd_nvic_SetPriority), (72 bytes).
    Removing nrf_soc.o(i.sd_nvic_SystemReset), (28 bytes).
    Removing nrf_soc.o(i.sd_nvic_critical_region_enter), (32 bytes).
    Removing nrf_soc.o(i.sd_nvic_critical_region_exit), (24 bytes).
    Removing nrf_soc.o(.data), (1 bytes).
    Removing app_error.o(.rev16_text), (4 bytes).
    Removing app_error.o(.revsh_text), (4 bytes).
    Removing app_pwm.o(.rev16_text), (4 bytes).
    Removing app_pwm.o(.revsh_text), (4 bytes).
    Removing app_pwm.o(i.app_pwm_disable), (28 bytes).
    Removing app_pwm.o(i.app_pwm_uninit), (52 bytes).
    Removing app_timer.o(.rev16_text), (4 bytes).
    Removing app_timer.o(.revsh_text), (4 bytes).
    Removing app_timer.o(i.NVIC_SetPriority), (68 bytes).
    Removing app_timer.o(i.app_timer_cnt_diff_compute), (12 bytes).
    Removing app_timer.o(i.app_timer_cnt_get), (16 bytes).
    Removing app_timer.o(i.app_timer_create), (76 bytes).
    Removing app_timer.o(i.app_timer_init), (180 bytes).
    Removing app_timer.o(i.app_timer_start), (132 bytes).
    Removing app_timer.o(i.app_timer_stop), (88 bytes).
    Removing app_timer.o(i.app_timer_stop_all), (68 bytes).
    Removing app_timer.o(i.user_id_get), (84 bytes).
    Removing app_timer.o(i.user_op_alloc), (36 bytes).
    Removing app_util_platform.o(.rev16_text), (4 bytes).
    Removing app_util_platform.o(.revsh_text), (4 bytes).

112 unused section(s) (total 3638 bytes) removed from the image.

==============================================================================

Image Symbol Table

    Local Symbols

    Symbol Name                              Value     Ov Type        Size  Object(Section)

    RESET                                    0x00000000   Section      192  arm_startup_nrf51.o(RESET)
    ../clib/angel/boardlib.s                 0x00000000   Number         0  boardshut.o ABSOLUTE
    ../clib/angel/boardlib.s                 0x00000000   Number         0  boardinit2.o ABSOLUTE
    ../clib/angel/boardlib.s                 0x00000000   Number         0  boardinit1.o ABSOLUTE
    ../clib/angel/boardlib.s                 0x00000000   Number         0  boardinit3.o ABSOLUTE
    ../clib/angel/handlers.s                 0x00000000   Number         0  __scatter_zi.o ABSOLUTE
    ../clib/angel/handlers.s                 0x00000000   Number         0  __scatter_copy.o ABSOLUTE
    ../clib/angel/kernel.s                   0x00000000   Number         0  rtexit2.o ABSOLUTE
    ../clib/angel/kernel.s                   0x00000000   Number         0  __rtentry.o ABSOLUTE
    ../clib/angel/kernel.s                   0x00000000   Number         0  rtexit.o ABSOLUTE
    ../clib/angel/kernel.s                   0x00000000   Number         0  __rtentry4.o ABSOLUTE
    ../clib/angel/kernel.s                   0x00000000   Number         0  __rtentry2.o ABSOLUTE
    ../clib/angel/rt.s                       0x00000000   Number         0  rt_errno_addr.o ABSOLUTE
    ../clib/angel/rt.s                       0x00000000   Number         0  rt_heap_descriptor_intlibspace.o ABSOLUTE
    ../clib/angel/rt.s                       0x00000000   Number         0  rt_heap_descriptor.o ABSOLUTE
    ../clib/angel/rt.s                       0x00000000   Number         0  rt_div0.o ABSOLUTE
    ../clib/angel/rt.s                       0x00000000   Number         0  aeabi_idiv0_sigfpe.o ABSOLUTE
    ../clib/angel/rt.s                       0x00000000   Number         0  aeabi_idiv0.o ABSOLUTE
    ../clib/angel/rt.s                       0x00000000   Number         0  rt_raise.o ABSOLUTE
    ../clib/angel/rt.s                       0x00000000   Number         0  rt_errno_addr_intlibspace.o ABSOLUTE
    ../clib/angel/scatterp.s                 0x00000000   Number         0  __scatter.o ABSOLUTE
    ../clib/angel/startup.s                  0x00000000   Number         0  __main.o ABSOLUTE
    ../clib/angel/sys.s                      0x00000000   Number         0  use_no_semi_2.o ABSOLUTE
    ../clib/angel/sys.s                      0x00000000   Number         0  sys_stackheap_outer.o ABSOLUTE
    ../clib/angel/sys.s                      0x00000000   Number         0  use_no_semi.o ABSOLUTE
    ../clib/angel/sys.s                      0x00000000   Number         0  tempstk.o ABSOLUTE
    ../clib/angel/sys.s                      0x00000000   Number         0  libspace.o ABSOLUTE
    ../clib/angel/sys.s                      0x00000000   Number         0  mutex_dummy.o ABSOLUTE
    ../clib/armsys.c                         0x00000000   Number         0  no_argv.o ABSOLUTE
    ../clib/armsys.c                         0x00000000   Number         0  _get_argv_nomalloc.o ABSOLUTE
    ../clib/armsys.c                         0x00000000   Number         0  argv_veneer.o ABSOLUTE
    ../clib/armsys.c                         0x00000000   Number         0  _get_argv.o ABSOLUTE
    ../clib/assert.c                         0x00000000   Number         0  assert_stdio.o ABSOLUTE
    ../clib/division.s                       0x00000000   Number         0  aeabi_sdiv_div0.o ABSOLUTE
    ../clib/division.s                       0x00000000   Number         0  aeabi_sdiv.o ABSOLUTE
    ../clib/heap1.c                          0x00000000   Number         0  h1_alloc.o ABSOLUTE
    ../clib/heap1.c                          0x00000000   Number         0  h1_extend.o ABSOLUTE
    ../clib/heap1.c                          0x00000000   Number         0  h1_extend_mt.o ABSOLUTE
    ../clib/heap1.c                          0x00000000   Number         0  h1_final.o ABSOLUTE
    ../clib/heap1.c                          0x00000000   Number         0  h1_final_mt.o ABSOLUTE
    ../clib/heap1.c                          0x00000000   Number         0  h1_alloc_mt.o ABSOLUTE
    ../clib/heap1.c                          0x00000000   Number         0  h1_init_mt.o ABSOLUTE
    ../clib/heap1.c                          0x00000000   Number         0  h1_init.o ABSOLUTE
    ../clib/heap1.c                          0x00000000   Number         0  h1_free_mt.o ABSOLUTE
    ../clib/heap1.c                          0x00000000   Number         0  h1_free.o ABSOLUTE
    ../clib/heap2.c                          0x00000000   Number         0  heap2mt.o ABSOLUTE
    ../clib/heap2.c                          0x00000000   Number         0  heap2.o ABSOLUTE
    ../clib/heap2.c                          0x00000000   Number         0  fdtree.o ABSOLUTE
    ../clib/heapalloc.c                      0x00000000   Number         0  malloc.o ABSOLUTE
    ../clib/heapalloc.c                      0x00000000   Number         0  hguard.o ABSOLUTE
    ../clib/heapalloc.c                      0x00000000   Number         0  maybetermalloc2.o ABSOLUTE
    ../clib/heapalloc.c                      0x00000000   Number         0  maybetermalloc2.o ABSOLUTE
    ../clib/heapalloc.c                      0x00000000   Number         0  free.o ABSOLUTE
    ../clib/heapalloc.c                      0x00000000   Number         0  maybetermalloc1.o ABSOLUTE
    ../clib/heapalloc.c                      0x00000000   Number         0  maybetermalloc1.o ABSOLUTE
    ../clib/heapalloc.c                      0x00000000   Number         0  heapstubs.o ABSOLUTE
    ../clib/heapalloc.c                      0x00000000   Number         0  init_alloc.o ABSOLUTE
    ../clib/heapalloc.c                      0x00000000   Number         0  hrguard.o ABSOLUTE
    ../clib/heapalloc.c                      0x00000000   Number         0  term_alloc.o ABSOLUTE
    ../clib/heapaux.c                        0x00000000   Number         0  heapauxi.o ABSOLUTE
    ../clib/heapaux.c                        0x00000000   Number         0  heapauxa.o ABSOLUTE
    ../clib/libinit.s                        0x00000000   Number         0  libinit.o ABSOLUTE
    ../clib/libinit.s                        0x00000000   Number         0  libshutdown2.o ABSOLUTE
    ../clib/libinit.s                        0x00000000   Number         0  libinit2.o ABSOLUTE
    ../clib/libinit.s                        0x00000000   Number         0  libshutdown.o ABSOLUTE
    ../clib/memcpset.c                       0x00000000   Number         0  rt_memclr.o ABSOLUTE
    ../clib/memcpset.c                       0x00000000   Number         0  rt_memcpy.o ABSOLUTE
    ../clib/memcpset.c                       0x00000000   Number         0  rt_memcpy.o ABSOLUTE
    ../clib/signal.c                         0x00000000   Number         0  defsig_rtred_formal.o ABSOLUTE
    ../clib/signal.c                         0x00000000   Number         0  defsig_rtred_outer.o ABSOLUTE
    ../clib/signal.c                         0x00000000   Number         0  defsig_general.o ABSOLUTE
    ../clib/signal.c                         0x00000000   Number         0  defsig_rtred_inner.o ABSOLUTE
    ../clib/signal.c                         0x00000000   Number         0  defsig_fpe_formal.o ABSOLUTE
    ../clib/signal.c                         0x00000000   Number         0  defsig_fpe_outer.o ABSOLUTE
    ../clib/signal.c                         0x00000000   Number         0  defsig_exit.o ABSOLUTE
    ../clib/signal.c                         0x00000000   Number         0  defsig_fpe_inner.o ABSOLUTE
    ../clib/signal.c                         0x00000000   Number         0  defsig_rtmem_outer.o ABSOLUTE
    ../clib/signal.c                         0x00000000   Number         0  defsig_rtmem_formal.o ABSOLUTE
    ../clib/signal.c                         0x00000000   Number         0  defsig_rtmem_inner.o ABSOLUTE
    ../clib/signal.c                         0x00000000   Number         0  defsig_stak_inner.o ABSOLUTE
    ../clib/signal.c                         0x00000000   Number         0  __raise.o ABSOLUTE
    ../clib/signal.c                         0x00000000   Number         0  defsig_pvfn_inner.o ABSOLUTE
    ../clib/signal.c                         0x00000000   Number         0  defsig_cppl_inner.o ABSOLUTE
    ../clib/signal.c                         0x00000000   Number         0  defsig_segv_inner.o ABSOLUTE
    ../clib/signal.c                         0x00000000   Number         0  defsig_other.o ABSOLUTE
    ../clib/signal.c                         0x00000000   Number         0  defsig_abrt_inner.o ABSOLUTE
    ../clib/signal.s                         0x00000000   Number         0  defsig.o ABSOLUTE
    ../clib/stdio.c                          0x00000000   Number         0  fputs.o ABSOLUTE
    ../clib/stdio.c                          0x00000000   Number         0  ftell.o ABSOLUTE
    ../clib/stdio.c                          0x00000000   Number         0  fputs_locked.o ABSOLUTE
    ../clib/stdio.c                          0x00000000   Number         0  stdio_streams.o ABSOLUTE
    ../clib/stdio.c                          0x00000000   Number         0  fputc.o ABSOLUTE
    ../clib/stdio.c                          0x00000000   Number         0  fwritefast_locked.o ABSOLUTE
    ../clib/stdio.c                          0x00000000   Number         0  fopen_locked.o ABSOLUTE
    ../clib/stdio.c                          0x00000000   Number         0  setvbuf_locked.o ABSOLUTE
    ../clib/stdio.c                          0x00000000   Number         0  fseek.o ABSOLUTE
    ../clib/stdio.c                          0x00000000   Number         0  fclose.o ABSOLUTE
    ../clib/stdio.c                          0x00000000   Number         0  initio.o ABSOLUTE
    ../clib/stdio.c                          0x00000000   Number         0  initio_locked.o ABSOLUTE
    ../clib/stdio.c                          0x00000000   Number         0  fflush.o ABSOLUTE
    ../clib/stdio.c                          0x00000000   Number         0  flsbuf.o ABSOLUTE
    ../clib/stdio.c                          0x00000000   Number         0  fopen.o ABSOLUTE
    ../clib/stdio.c                          0x00000000   Number         0  fwritefast.o ABSOLUTE
    ../clib/stdio.c                          0x00000000   Number         0  setvbuf.o ABSOLUTE
    ../clib/stdio.c                          0x00000000   Number         0  streamlock.o ABSOLUTE
    ../clib/stdio.c                          0x00000000   Number         0  stdio.o ABSOLUTE
    ../clib/stdio.c                          0x00000000   Number         0  fflush_locked.o ABSOLUTE
    ../clib/stdio.c                          0x00000000   Number         0  fputc_locked.o ABSOLUTE
    ../clib/stdlib.c                         0x00000000   Number         0  exit.o ABSOLUTE
    ../clib/string.c                         0x00000000   Number         0  strcmp.o ABSOLUTE
    ../clib/wchar.c                          0x00000000   Number         0  flsbuf_fwide.o ABSOLUTE
    ../fplib/cfplib/fpinit.c                 0x00000000   Number         0  fpinit.o ABSOLUTE
    ..\..\Documents\lid-button\Code\arm5\Test.c 0x00000000   Number         0  test.o ABSOLUTE
    ..\\..\\Documents\\lid-button\\Code\\arm5\\Test.c 0x00000000   Number         0  test.o ABSOLUTE
    C:\Keil_v5\ARM\PACK\NordicSemiconductor\nRF_Drivers\3.0.1\common\nrf_drv_common.c 0x00000000   Number         0  nrf_drv_common.o ABSOLUTE
    C:\Keil_v5\ARM\PACK\NordicSemiconductor\nRF_Drivers\3.0.1\gpiote\nrf_drv_gpiote.c 0x00000000   Number         0  nrf_drv_gpiote.o ABSOLUTE
    C:\Keil_v5\ARM\PACK\NordicSemiconductor\nRF_Drivers\3.0.1\hal\nrf_delay.c 0x00000000   Number         0  nrf_delay.o ABSOLUTE
    C:\Keil_v5\ARM\PACK\NordicSemiconductor\nRF_Drivers\3.0.1\ppi\nrf_drv_ppi.c 0x00000000   Number         0  nrf_drv_ppi.o ABSOLUTE
    C:\Keil_v5\ARM\PACK\NordicSemiconductor\nRF_Drivers\3.0.1\timer\nrf_drv_timer.c 0x00000000   Number         0  nrf_drv_timer.o ABSOLUTE
    C:\Keil_v5\ARM\Pack\NordicSemiconductor\RTT\SEGGER_RTT.c 0x00000000   Number         0  segger_rtt.o ABSOLUTE
    C:\Keil_v5\ARM\Pack\NordicSemiconductor\RTT\SEGGER_RTT_printf.c 0x00000000   Number         0  segger_rtt_printf.o ABSOLUTE
    C:\Keil_v5\ARM\Pack\NordicSemiconductor\Syscalls\RTT_Syscalls_KEIL.c 0x00000000   Number         0  rtt_syscalls_keil.o ABSOLUTE
    C:\\Keil_v5\\ARM\\PACK\\NordicSemiconductor\\nRF_Drivers\\3.0.1\\common\\nrf_drv_common.c 0x00000000   Number         0  nrf_drv_common.o ABSOLUTE
    C:\\Keil_v5\\ARM\\PACK\\NordicSemiconductor\\nRF_Drivers\\3.0.1\\gpiote\\nrf_drv_gpiote.c 0x00000000   Number         0  nrf_drv_gpiote.o ABSOLUTE
    C:\\Keil_v5\\ARM\\PACK\\NordicSemiconductor\\nRF_Drivers\\3.0.1\\hal\\nrf_delay.c 0x00000000   Number         0  nrf_delay.o ABSOLUTE
    C:\\Keil_v5\\ARM\\PACK\\NordicSemiconductor\\nRF_Drivers\\3.0.1\\ppi\\nrf_drv_ppi.c 0x00000000   Number         0  nrf_drv_ppi.o ABSOLUTE
    C:\\Keil_v5\\ARM\\PACK\\NordicSemiconductor\\nRF_Drivers\\3.0.1\\timer\\nrf_drv_timer.c 0x00000000   Number         0  nrf_drv_timer.o ABSOLUTE
    RTE\Device\nRF51422_xxAC\arm_startup_nrf51.s 0x00000000   Number         0  arm_startup_nrf51.o ABSOLUTE
    RTE\Device\nRF51422_xxAC\system_nrf51.c  0x00000000   Number         0  system_nrf51.o ABSOLUTE
    RTE\\Device\\nRF51422_xxAC\\system_nrf51.c 0x00000000   Number         0  system_nrf51.o ABSOLUTE
    RTE\\nRF_Drivers\\nRF51422_xxAC\\app_uart.c 0x00000000   Number         0  app_uart.o ABSOLUTE
    RTE\\nRF_Drivers\\nRF51422_xxAC\\nrf_soc.c 0x00000000   Number         0  nrf_soc.o ABSOLUTE
    RTE\\nRF_Libraries\\nRF51422_xxAC\\app_error.c 0x00000000   Number         0  app_error.o ABSOLUTE
    RTE\\nRF_Libraries\\nRF51422_xxAC\\app_pwm.c 0x00000000   Number         0  app_pwm.o ABSOLUTE
    RTE\\nRF_Libraries\\nRF51422_xxAC\\app_timer.c 0x00000000   Number         0  app_timer.o ABSOLUTE
    RTE\\nRF_Libraries\\nRF51422_xxAC\\app_util_platform.c 0x00000000   Number         0  app_util_platform.o ABSOLUTE
    RTE\nRF_Drivers\nRF51422_xxAC\app_uart.c 0x00000000   Number         0  app_uart.o ABSOLUTE
    RTE\nRF_Drivers\nRF51422_xxAC\nrf_soc.c  0x00000000   Number         0  nrf_soc.o ABSOLUTE
    RTE\nRF_Libraries\nRF51422_xxAC\app_error.c 0x00000000   Number         0  app_error.o ABSOLUTE
    RTE\nRF_Libraries\nRF51422_xxAC\app_pwm.c 0x00000000   Number         0  app_pwm.o ABSOLUTE
    RTE\nRF_Libraries\nRF51422_xxAC\app_timer.c 0x00000000   Number         0  app_timer.o ABSOLUTE
    RTE\nRF_Libraries\nRF51422_xxAC\app_util_platform.c 0x00000000   Number         0  app_util_platform.o ABSOLUTE
    RTE\nRF_Libraries\nRF51422_xxAC\nrf_assert.c 0x00000000   Number         0  nrf_assert.o ABSOLUTE
    dc.s                                     0x00000000   Number         0  dc.o ABSOLUTE
    !!!main                                  0x000000c0   Section        8  __main.o(!!!main)
    !!!scatter                               0x000000c8   Section       60  __scatter.o(!!!scatter)
    !!handler_copy                           0x00000104   Section       26  __scatter_copy.o(!!handler_copy)
    !!handler_zi                             0x00000120   Section       28  __scatter_zi.o(!!handler_zi)
    .ARM.Collect$$libinit$$00000000          0x0000013c   Section        2  libinit.o(.ARM.Collect$$libinit$$00000000)
    .ARM.Collect$$libinit$$00000002          0x0000013e   Section        0  libinit2.o(.ARM.Collect$$libinit$$00000002)
    .ARM.Collect$$libinit$$00000004          0x0000013e   Section        0  libinit2.o(.ARM.Collect$$libinit$$00000004)
    .ARM.Collect$$libinit$$0000000A          0x0000013e   Section        0  libinit2.o(.ARM.Collect$$libinit$$0000000A)
    .ARM.Collect$$libinit$$0000000C          0x0000013e   Section        0  libinit2.o(.ARM.Collect$$libinit$$0000000C)
    .ARM.Collect$$libinit$$0000000E          0x0000013e   Section        0  libinit2.o(.ARM.Collect$$libinit$$0000000E)
    .ARM.Collect$$libinit$$00000011          0x0000013e   Section        0  libinit2.o(.ARM.Collect$$libinit$$00000011)
    .ARM.Collect$$libinit$$00000013          0x0000013e   Section        0  libinit2.o(.ARM.Collect$$libinit$$00000013)
    .ARM.Collect$$libinit$$00000015          0x0000013e   Section        0  libinit2.o(.ARM.Collect$$libinit$$00000015)
    .ARM.Collect$$libinit$$00000017          0x0000013e   Section        0  libinit2.o(.ARM.Collect$$libinit$$00000017)
    .ARM.Collect$$libinit$$00000019          0x0000013e   Section        0  libinit2.o(.ARM.Collect$$libinit$$00000019)
    .ARM.Collect$$libinit$$0000001B          0x0000013e   Section        0  libinit2.o(.ARM.Collect$$libinit$$0000001B)
    .ARM.Collect$$libinit$$0000001D          0x0000013e   Section        0  libinit2.o(.ARM.Collect$$libinit$$0000001D)
    .ARM.Collect$$libinit$$0000001F          0x0000013e   Section        0  libinit2.o(.ARM.Collect$$libinit$$0000001F)
    .ARM.Collect$$libinit$$00000021          0x0000013e   Section        0  libinit2.o(.ARM.Collect$$libinit$$00000021)
    .ARM.Collect$$libinit$$00000023          0x0000013e   Section        0  libinit2.o(.ARM.Collect$$libinit$$00000023)
    .ARM.Collect$$libinit$$00000025          0x0000013e   Section        0  libinit2.o(.ARM.Collect$$libinit$$00000025)
    .ARM.Collect$$libinit$$0000002C          0x0000013e   Section        0  libinit2.o(.ARM.Collect$$libinit$$0000002C)
    .ARM.Collect$$libinit$$0000002E          0x0000013e   Section        0  libinit2.o(.ARM.Collect$$libinit$$0000002E)
    .ARM.Collect$$libinit$$00000030          0x0000013e   Section        0  libinit2.o(.ARM.Collect$$libinit$$00000030)
    .ARM.Collect$$libinit$$00000032          0x0000013e   Section        0  libinit2.o(.ARM.Collect$$libinit$$00000032)
    .ARM.Collect$$libinit$$00000033          0x0000013e   Section        2  libinit2.o(.ARM.Collect$$libinit$$00000033)
    .ARM.Collect$$libshutdown$$00000000      0x00000140   Section        2  libshutdown.o(.ARM.Collect$$libshutdown$$00000000)
    .ARM.Collect$$libshutdown$$00000002      0x00000142   Section        0  libshutdown2.o(.ARM.Collect$$libshutdown$$00000002)
    .ARM.Collect$$libshutdown$$00000004      0x00000142   Section        0  libshutdown2.o(.ARM.Collect$$libshutdown$$00000004)
    .ARM.Collect$$libshutdown$$00000007      0x00000142   Section        0  libshutdown2.o(.ARM.Collect$$libshutdown$$00000007)
    .ARM.Collect$$libshutdown$$0000000A      0x00000142   Section        0  libshutdown2.o(.ARM.Collect$$libshutdown$$0000000A)
    .ARM.Collect$$libshutdown$$0000000C      0x00000142   Section        0  libshutdown2.o(.ARM.Collect$$libshutdown$$0000000C)
    .ARM.Collect$$libshutdown$$0000000F      0x00000142   Section        0  libshutdown2.o(.ARM.Collect$$libshutdown$$0000000F)
    .ARM.Collect$$libshutdown$$00000010      0x00000142   Section        2  libshutdown2.o(.ARM.Collect$$libshutdown$$00000010)
    .ARM.Collect$$rtentry$$00000000          0x00000144   Section        0  __rtentry.o(.ARM.Collect$$rtentry$$00000000)
    .ARM.Collect$$rtentry$$00000002          0x00000144   Section        0  __rtentry2.o(.ARM.Collect$$rtentry$$00000002)
    .ARM.Collect$$rtentry$$00000004          0x00000144   Section        6  __rtentry4.o(.ARM.Collect$$rtentry$$00000004)
    .ARM.Collect$$rtentry$$00000009          0x0000014a   Section        0  __rtentry2.o(.ARM.Collect$$rtentry$$00000009)
    .ARM.Collect$$rtentry$$0000000A          0x0000014a   Section        4  __rtentry2.o(.ARM.Collect$$rtentry$$0000000A)
    .ARM.Collect$$rtentry$$0000000C          0x0000014e   Section        0  __rtentry2.o(.ARM.Collect$$rtentry$$0000000C)
    .ARM.Collect$$rtentry$$0000000D          0x0000014e   Section        8  __rtentry2.o(.ARM.Collect$$rtentry$$0000000D)
    .ARM.Collect$$rtexit$$00000000           0x00000156   Section        2  rtexit.o(.ARM.Collect$$rtexit$$00000000)
    .ARM.Collect$$rtexit$$00000002           0x00000158   Section        0  rtexit2.o(.ARM.Collect$$rtexit$$00000002)
    .ARM.Collect$$rtexit$$00000003           0x00000158   Section        4  rtexit2.o(.ARM.Collect$$rtexit$$00000003)
    .ARM.Collect$$rtexit$$00000004           0x0000015c   Section        6  rtexit2.o(.ARM.Collect$$rtexit$$00000004)
    .emb_text                                0x00000164   Section       30  nrf_delay.o(.emb_text)
    .emb_text                                0x00000184   Section       30  app_timer.o(.emb_text)
    .emb_text                                0x000001a4   Section       56  rt_memcpy.o(.emb_text)
    .text                                    0x000001dc   Section       84  arm_startup_nrf51.o(.text)
    .text                                    0x00000230   Section        2  use_no_semi_2.o(.text)
    .text                                    0x00000232   Section        0  rt_memcpy.o(.text)
    .text                                    0x000002b4   Section      346  aeabi_sdiv.o(.text)
    .text                                    0x0000040e   Section        0  heapauxi.o(.text)
    .text                                    0x00000414   Section        2  use_no_semi.o(.text)
    .text                                    0x00000416   Section       62  sys_stackheap_outer.o(.text)
    .text                                    0x00000454   Section        0  exit.o(.text)
    .text                                    0x00000464   Section        8  libspace.o(.text)
    i.GPIOTE_IRQHandler                      0x0000046c   Section        0  nrf_drv_gpiote.o(i.GPIOTE_IRQHandler)
    i.RTC1_IRQHandler                        0x00000568   Section        0  app_timer.o(i.RTC1_IRQHandler)
    i.SEGGER_RTT_Write                       0x00000588   Section        0  segger_rtt.o(i.SEGGER_RTT_Write)
    i.SEGGER_RTT_printf                      0x00000618   Section        0  segger_rtt_printf.o(i.SEGGER_RTT_printf)
    i.SEGGER_RTT_vprintf                     0x00000630   Section        0  segger_rtt_printf.o(i.SEGGER_RTT_vprintf)
    i.SWI0_IRQHandler                        0x000007c0   Section        0  app_timer.o(i.SWI0_IRQHandler)
    i.SystemInit                             0x00000814   Section        0  system_nrf51.o(i.SystemInit)
    i.TIMER0_IRQHandler                      0x00000868   Section        0  nrf_drv_timer.o(i.TIMER0_IRQHandler)
    i.TIMER1_IRQHandler                      0x00000878   Section        0  nrf_drv_timer.o(i.TIMER1_IRQHandler)
    i.TIMER2_IRQHandler                      0x00000888   Section        0  nrf_drv_timer.o(i.TIMER2_IRQHandler)
    i.UART0_IRQHandler                       0x00000898   Section        0  app_uart.o(i.UART0_IRQHandler)
    i._PrintInt                              0x00000910   Section        0  segger_rtt_printf.o(i._PrintInt)
    _PrintInt                                0x00000911   Thumb Code   196  segger_rtt_printf.o(i._PrintInt)
    i._PrintUnsigned                         0x000009d4   Section        0  segger_rtt_printf.o(i._PrintUnsigned)
    _PrintUnsigned                           0x000009d5   Thumb Code   224  segger_rtt_printf.o(i._PrintUnsigned)
    i._StoreChar                             0x00000ab8   Section        0  segger_rtt_printf.o(i._StoreChar)
    _StoreChar                               0x00000ab9   Thumb Code    62  segger_rtt_printf.o(i._StoreChar)
    i.__ARM_common_switch8                   0x00000af6   Section        0  app_uart.o(i.__ARM_common_switch8)
    i._sys_exit                              0x00000b10   Section        0  rtt_syscalls_keil.o(i._sys_exit)
    i.action_tx_stop                         0x00000b14   Section        0  app_uart.o(i.action_tx_stop)
    i.action_uart_deactivate                 0x00000b38   Section        0  app_uart.o(i.action_uart_deactivate)
    action_uart_deactivate                   0x00000b39   Thumb Code    20  app_uart.o(i.action_uart_deactivate)
    i.app_error_handler                      0x00000b58   Section        0  app_error.o(i.app_error_handler)
    i.app_pwm_channel_duty_get               0x00000b74   Section        0  app_pwm.o(i.app_pwm_channel_duty_get)
    i.app_pwm_channel_duty_set               0x00000b96   Section        0  app_pwm.o(i.app_pwm_channel_duty_set)
    i.app_pwm_channel_duty_ticks_get         0x00000bb6   Section        0  app_pwm.o(i.app_pwm_channel_duty_ticks_get)
    i.app_pwm_channel_duty_ticks_set         0x00000bc4   Section        0  app_pwm.o(i.app_pwm_channel_duty_ticks_set)
    i.app_pwm_channel_init                   0x00000c50   Section        0  app_pwm.o(i.app_pwm_channel_init)
    app_pwm_channel_init                     0x00000c51   Thumb Code   200  app_pwm.o(i.app_pwm_channel_init)
    i.app_pwm_cycle_ticks_get                0x00000d1c   Section        0  app_pwm.o(i.app_pwm_cycle_ticks_get)
    i.app_pwm_enable                         0x00000d2a   Section        0  app_pwm.o(i.app_pwm_enable)
    i.app_pwm_init                           0x00000d3c   Section        0  app_pwm.o(i.app_pwm_init)
    i.are_app_channels                       0x00000ebc   Section        0  nrf_drv_ppi.o(i.are_app_channels)
    are_app_channels                         0x00000ebd   Thumb Code    14  nrf_drv_ppi.o(i.are_app_channels)
    i.channel_free                           0x00000ecc   Section        0  nrf_drv_gpiote.o(i.channel_free)
    channel_free                             0x00000ecd   Thumb Code    22  nrf_drv_gpiote.o(i.channel_free)
    i.channel_port_alloc                     0x00000ee8   Section        0  nrf_drv_gpiote.o(i.channel_port_alloc)
    channel_port_alloc                       0x00000ee9   Thumb Code    64  nrf_drv_gpiote.o(i.channel_port_alloc)
    i.channel_port_get                       0x00000f2c   Section        0  nrf_drv_gpiote.o(i.channel_port_get)
    channel_port_get                         0x00000f2d   Thumb Code    10  nrf_drv_gpiote.o(i.channel_port_get)
    i.clock_setup                            0x00000f3c   Section        0  test.o(i.clock_setup)
    i.color                                  0x00000f90   Section        0  test.o(i.color)
    i.compare_reg_update                     0x00001024   Section        0  app_timer.o(i.compare_reg_update)
    compare_reg_update                       0x00001025   Thumb Code   140  app_timer.o(i.compare_reg_update)
    i.critical_region_enter                  0x000010c8   Section        0  app_util_platform.o(i.critical_region_enter)
    i.critical_region_exit                   0x000010d8   Section        0  app_util_platform.o(i.critical_region_exit)
    i.elapsed_ticks_acquire                  0x000010ec   Section        0  app_timer.o(i.elapsed_ticks_acquire)
    elapsed_ticks_acquire                    0x000010ed   Thumb Code    58  app_timer.o(i.elapsed_ticks_acquire)
    i.expired_timers_handler                 0x0000112c   Section        0  app_timer.o(i.expired_timers_handler)
    expired_timers_handler                   0x0000112d   Thumb Code    82  app_timer.o(i.expired_timers_handler)
    i.is_allocated_channel                   0x00001184   Section        0  nrf_drv_ppi.o(i.is_allocated_channel)
    is_allocated_channel                     0x00001185   Thumb Code    20  nrf_drv_ppi.o(i.is_allocated_channel)
    i.is_allocated_group                     0x0000119c   Section        0  nrf_drv_ppi.o(i.is_allocated_group)
    is_allocated_group                       0x0000119d   Thumb Code    20  nrf_drv_ppi.o(i.is_allocated_group)
    i.is_app_channel                         0x000011b4   Section        0  nrf_drv_ppi.o(i.is_app_channel)
    is_app_channel                           0x000011b5   Thumb Code    14  nrf_drv_ppi.o(i.is_app_channel)
    i.is_app_group                           0x000011c2   Section        0  nrf_drv_ppi.o(i.is_app_group)
    is_app_group                             0x000011c3   Thumb Code    12  nrf_drv_ppi.o(i.is_app_group)
    i.is_manual_peripheral_setup_needed      0x000011d0   Section        0  system_nrf51.o(i.is_manual_peripheral_setup_needed)
    is_manual_peripheral_setup_needed        0x000011d1   Thumb Code    66  system_nrf51.o(i.is_manual_peripheral_setup_needed)
    i.is_programmable_app_channel            0x00001218   Section        0  nrf_drv_ppi.o(i.is_programmable_app_channel)
    is_programmable_app_channel              0x00001219   Thumb Code    14  nrf_drv_ppi.o(i.is_programmable_app_channel)
    i.led_init                               0x00001228   Section        0  test.o(i.led_init)
    i.list_deletions_handler                 0x000012c8   Section        0  app_timer.o(i.list_deletions_handler)
    list_deletions_handler                   0x000012c9   Thumb Code   144  app_timer.o(i.list_deletions_handler)
    i.list_insertions_handler                0x0000135c   Section        0  app_timer.o(i.list_insertions_handler)
    list_insertions_handler                  0x0000135d   Thumb Code   230  app_timer.o(i.list_insertions_handler)
    i.main                                   0x0000144c   Section        0  test.o(i.main)
    i.nrf_delay_ms                           0x00001514   Section        0  nrf_delay.o(i.nrf_delay_ms)
    i.nrf_drv_common_irq_enable              0x00001530   Section        0  nrf_drv_common.o(i.nrf_drv_common_irq_enable)
    i.nrf_drv_gpiote_init                    0x00001590   Section        0  nrf_drv_gpiote.o(i.nrf_drv_gpiote_init)
    i.nrf_drv_gpiote_is_init                 0x000015e4   Section        0  nrf_drv_gpiote.o(i.nrf_drv_gpiote_is_init)
    i.nrf_drv_gpiote_out_init                0x000015f4   Section        0  nrf_drv_gpiote.o(i.nrf_drv_gpiote_out_init)
    i.nrf_drv_gpiote_out_task_addr_get       0x00001688   Section        0  nrf_drv_gpiote.o(i.nrf_drv_gpiote_out_task_addr_get)
    i.nrf_drv_gpiote_out_task_enable         0x0000169c   Section        0  nrf_drv_gpiote.o(i.nrf_drv_gpiote_out_task_enable)
    i.nrf_drv_gpiote_out_task_force          0x000016cc   Section        0  nrf_drv_gpiote.o(i.nrf_drv_gpiote_out_task_force)
    i.nrf_drv_gpiote_out_task_trigger        0x000016fc   Section        0  nrf_drv_gpiote.o(i.nrf_drv_gpiote_out_task_trigger)
    i.nrf_drv_gpiote_out_uninit              0x00001714   Section        0  nrf_drv_gpiote.o(i.nrf_drv_gpiote_out_uninit)
    i.nrf_drv_ppi_channel_alloc              0x00001744   Section        0  nrf_drv_ppi.o(i.nrf_drv_ppi_channel_alloc)
    i.nrf_drv_ppi_channel_assign             0x00001798   Section        0  nrf_drv_ppi.o(i.nrf_drv_ppi_channel_assign)
    i.nrf_drv_ppi_channel_disable            0x000017d8   Section        0  nrf_drv_ppi.o(i.nrf_drv_ppi_channel_disable)
    i.nrf_drv_ppi_channel_enable             0x00001810   Section        0  nrf_drv_ppi.o(i.nrf_drv_ppi_channel_enable)
    i.nrf_drv_ppi_channel_free               0x00001848   Section        0  nrf_drv_ppi.o(i.nrf_drv_ppi_channel_free)
    i.nrf_drv_ppi_channel_include_in_group   0x00001880   Section        0  app_pwm.o(i.nrf_drv_ppi_channel_include_in_group)
    nrf_drv_ppi_channel_include_in_group     0x00001881   Thumb Code    14  app_pwm.o(i.nrf_drv_ppi_channel_include_in_group)
    i.nrf_drv_ppi_channels_include_in_group  0x00001890   Section        0  nrf_drv_ppi.o(i.nrf_drv_ppi_channels_include_in_group)
    i.nrf_drv_ppi_channels_remove_from_group 0x000018d8   Section        0  nrf_drv_ppi.o(i.nrf_drv_ppi_channels_remove_from_group)
    i.nrf_drv_ppi_group_alloc                0x00001920   Section        0  nrf_drv_ppi.o(i.nrf_drv_ppi_group_alloc)
    i.nrf_drv_ppi_group_disable              0x00001970   Section        0  nrf_drv_ppi.o(i.nrf_drv_ppi_group_disable)
    i.nrf_drv_ppi_group_enable               0x00001994   Section        0  nrf_drv_ppi.o(i.nrf_drv_ppi_group_enable)
    i.nrf_drv_ppi_group_free                 0x000019c4   Section        0  nrf_drv_ppi.o(i.nrf_drv_ppi_group_free)
    i.nrf_drv_ppi_init                       0x00001a0c   Section        0  nrf_drv_ppi.o(i.nrf_drv_ppi_init)
    i.nrf_drv_timer_capture_get              0x00001a24   Section        0  nrf_drv_timer.o(i.nrf_drv_timer_capture_get)
    i.nrf_drv_timer_clear                    0x00001a32   Section        0  nrf_drv_timer.o(i.nrf_drv_timer_clear)
    i.nrf_drv_timer_compare                  0x00001a3a   Section        0  nrf_drv_timer.o(i.nrf_drv_timer_compare)
    i.nrf_drv_timer_compare_event_address_get 0x00001a64   Section        0  nrf_drv_timer.o(i.nrf_drv_timer_compare_event_address_get)
    i.nrf_drv_timer_compare_int_disable      0x00001a72   Section        0  nrf_drv_timer.o(i.nrf_drv_timer_compare_int_disable)
    i.nrf_drv_timer_compare_int_enable       0x00001a84   Section        0  nrf_drv_timer.o(i.nrf_drv_timer_compare_int_enable)
    i.nrf_drv_timer_disable                  0x00001aa8   Section        0  nrf_drv_timer.o(i.nrf_drv_timer_disable)
    i.nrf_drv_timer_enable                   0x00001abc   Section        0  nrf_drv_timer.o(i.nrf_drv_timer_enable)
    i.nrf_drv_timer_extended_compare         0x00001ad0   Section        0  nrf_drv_timer.o(i.nrf_drv_timer_extended_compare)
    i.nrf_drv_timer_init                     0x00001b00   Section        0  nrf_drv_timer.o(i.nrf_drv_timer_init)
    i.nrf_drv_timer_interrupt_handle         0x00001b9c   Section        0  nrf_drv_timer.o(i.nrf_drv_timer_interrupt_handle)
    nrf_drv_timer_interrupt_handle           0x00001b9d   Thumb Code    66  nrf_drv_timer.o(i.nrf_drv_timer_interrupt_handle)
    i.nrf_drv_timer_uninit                   0x00001be4   Section        0  nrf_drv_timer.o(i.nrf_drv_timer_uninit)
    i.nrf_drv_timer_us_to_ticks              0x00001c48   Section        0  nrf_drv_timer.o(i.nrf_drv_timer_us_to_ticks)
    i.nrf_gpio_cfg_sense_set                 0x00001c60   Section        0  nrf_drv_gpiote.o(i.nrf_gpio_cfg_sense_set)
    nrf_gpio_cfg_sense_set                   0x00001c61   Thumb Code    26  nrf_drv_gpiote.o(i.nrf_gpio_cfg_sense_set)
    i.nrf_gpiote_event_is_set                0x00001c80   Section        0  nrf_drv_gpiote.o(i.nrf_gpiote_event_is_set)
    nrf_gpiote_event_is_set                  0x00001c81   Thumb Code    14  nrf_drv_gpiote.o(i.nrf_gpiote_event_is_set)
    i.on_uart_event                          0x00001c94   Section        0  app_uart.o(i.on_uart_event)
    on_uart_event                            0x00001c95   Thumb Code   114  app_uart.o(i.on_uart_event)
    i.pan73_workaround                       0x00001d14   Section        0  app_pwm.o(i.pan73_workaround)
    pan73_workaround                         0x00001d15   Thumb Code    32  app_pwm.o(i.pan73_workaround)
    i.pin_in_use_by_te                       0x00001d4c   Section        0  nrf_drv_gpiote.o(i.pin_in_use_by_te)
    pin_in_use_by_te                         0x00001d4d   Thumb Code    20  nrf_drv_gpiote.o(i.pin_in_use_by_te)
    i.pwm_channel_ppi_disable                0x00001d64   Section        0  app_pwm.o(i.pwm_channel_ppi_disable)
    pwm_channel_ppi_disable                  0x00001d65   Thumb Code    24  app_pwm.o(i.pwm_channel_ppi_disable)
    i.pwm_dealloc                            0x00001d7c   Section        0  app_pwm.o(i.pwm_dealloc)
    pwm_dealloc                              0x00001d7d   Thumb Code   128  app_pwm.o(i.pwm_dealloc)
    i.pwm_ppi_disable                        0x00001dfc   Section        0  app_pwm.o(i.pwm_ppi_disable)
    pwm_ppi_disable                          0x00001dfd   Thumb Code    20  app_pwm.o(i.pwm_ppi_disable)
    i.pwm_ready_callback                     0x00001e10   Section        0  test.o(i.pwm_ready_callback)
    i.pwm_ready_tick                         0x00001e1c   Section        0  app_pwm.o(i.pwm_ready_tick)
    i.pwm_transition_0or100_to_0or100        0x00001e58   Section        0  app_pwm.o(i.pwm_transition_0or100_to_0or100)
    pwm_transition_0or100_to_0or100          0x00001e59   Thumb Code   102  app_pwm.o(i.pwm_transition_0or100_to_0or100)
    i.pwm_transition_0or100_to_n             0x00001ec0   Section        0  app_pwm.o(i.pwm_transition_0or100_to_n)
    pwm_transition_0or100_to_n               0x00001ec1   Thumb Code   134  app_pwm.o(i.pwm_transition_0or100_to_n)
    i.pwm_transition_n_to_0or100             0x00001f50   Section        0  app_pwm.o(i.pwm_transition_n_to_0or100)
    pwm_transition_n_to_0or100               0x00001f51   Thumb Code   114  app_pwm.o(i.pwm_transition_n_to_0or100)
    i.pwm_transition_n_to_m                  0x00001fcc   Section        0  app_pwm.o(i.pwm_transition_n_to_m)
    pwm_transition_n_to_m                    0x00001fcd   Thumb Code   154  app_pwm.o(i.pwm_transition_n_to_m)
    i.radio_setup                            0x0000206c   Section        0  test.o(i.radio_setup)
    i.rtc1_stop                              0x000020e8   Section        0  app_timer.o(i.rtc1_stop)
    rtc1_stop                                0x000020e9   Thumb Code    50  app_timer.o(i.rtc1_stop)
    i.timer_list_handler_sched               0x0000212c   Section        0  app_timer.o(i.timer_list_handler_sched)
    timer_list_handler_sched                 0x0000212d   Thumb Code    10  app_timer.o(i.timer_list_handler_sched)
    i.timer_list_insert                      0x0000213c   Section        0  app_timer.o(i.timer_list_insert)
    timer_list_insert                        0x0000213d   Thumb Code    94  app_timer.o(i.timer_list_insert)
    i.timer_list_remove                      0x000021a0   Section        0  app_timer.o(i.timer_list_remove)
    timer_list_remove                        0x000021a1   Thumb Code   104  app_timer.o(i.timer_list_remove)
    i.timer_timeouts_check                   0x00002210   Section        0  app_timer.o(i.timer_timeouts_check)
    timer_timeouts_check                     0x00002211   Thumb Code   120  app_timer.o(i.timer_timeouts_check)
    .constdata                               0x00002290   Section        8  test.o(.constdata)
    .constdata                               0x00002298   Section       56  test.o(.constdata)
    .constdata                               0x000022d0   Section        8  test.o(.constdata)
    .constdata                               0x000022d8   Section       16  segger_rtt_printf.o(.constdata)
    _aV2C                                    0x000022d8   Data          16  segger_rtt_printf.o(.constdata)
    .constdata                               0x000022e8   Section       24  nrf_drv_timer.o(.constdata)
    m_default_config                         0x000022e8   Data          24  nrf_drv_timer.o(.constdata)
    .constdata                               0x00002300   Section       12  app_pwm.o(.constdata)
    .conststring                             0x0000230c   Section        9  segger_rtt.o(.conststring)
    .data                                    0x20000000   Section       16  test.o(.data)
    ready_flag                               0x20000000   Data           1  test.o(.data)
    .data                                    0x20000010   Section      124  segger_rtt.o(.data)
    _ActiveTerminal                          0x20000010   Data           1  segger_rtt.o(.data)
    _SEGGER_RTT                              0x20000014   Data         120  segger_rtt.o(.data)
    .data                                    0x2000008c   Section        4  system_nrf51.o(.data)
    __tagsym$$used                           0x2000008c   Number         0  system_nrf51.o(.data)
    .data                                    0x20000090   Section        8  nrf_drv_ppi.o(.data)
    m_drv_state                              0x20000090   Data           1  nrf_drv_ppi.o(.data)
    m_groups_allocated                       0x20000091   Data           1  nrf_drv_ppi.o(.data)
    m_channels_allocated                     0x20000094   Data           4  nrf_drv_ppi.o(.data)
    .data                                    0x20000098   Section        3  nrf_drv_timer.o(.data)
    m_cb                                     0x20000098   Data           3  nrf_drv_timer.o(.data)
    .data                                    0x2000009c   Section       12  app_uart.o(.data)
    m_instance_counter                       0x2000009c   Data           1  app_uart.o(.data)
    m_current_state                          0x2000009d   Data           1  app_uart.o(.data)
    m_tx_byte                                0x2000009e   Data           1  app_uart.o(.data)
    m_rx_byte                                0x200000a0   Data           2  app_uart.o(.data)
    m_event_handler                          0x200000a4   Data           4  app_uart.o(.data)
    .data                                    0x200000a8   Section        3  app_pwm.o(.data)
    .data                                    0x200000ac   Section       36  app_timer.o(.data)
    m_node_array_size                        0x200000ac   Data           1  app_timer.o(.data)
    m_user_array_size                        0x200000ad   Data           1  app_timer.o(.data)
    m_ticks_elapsed_q_read_ind               0x200000ae   Data           1  app_timer.o(.data)
    m_ticks_elapsed_q_write_ind              0x200000af   Data           1  app_timer.o(.data)
    m_rtc1_running                           0x200000b0   Data           1  app_timer.o(.data)
    m_rtc1_reset                             0x200000b1   Data           1  app_timer.o(.data)
    mp_nodes                                 0x200000b4   Data           4  app_timer.o(.data)
    mp_users                                 0x200000b8   Data           4  app_timer.o(.data)
    m_timer_id_head                          0x200000bc   Data           4  app_timer.o(.data)
    m_ticks_latest                           0x200000c0   Data           4  app_timer.o(.data)
    m_evt_schedule_func                      0x200000c4   Data           4  app_timer.o(.data)
    m_ticks_elapsed                          0x200000c8   Data           8  app_timer.o(.data)
    .data                                    0x200000d0   Section        4  app_util_platform.o(.data)
    m_in_critical_region                     0x200000d0   Data           4  app_util_platform.o(.data)
    .bss                                     0x200000d4   Section       36  test.o(.bss)
    .bss                                     0x200000f8   Section       36  test.o(.bss)
    .bss                                     0x2000011c   Section     1024  segger_rtt.o(.bss)
    _acUpBuffer                              0x2000011c   Data        1024  segger_rtt.o(.bss)
    .bss                                     0x2000051c   Section       16  segger_rtt.o(.bss)
    _acDownBuffer                            0x2000051c   Data          16  segger_rtt.o(.bss)
    .bss                                     0x2000052c   Section       56  nrf_drv_gpiote.o(.bss)
    m_cb                                     0x2000052c   Data          56  nrf_drv_gpiote.o(.bss)
    .bss                                     0x20000564   Section       24  nrf_drv_timer.o(.bss)
    m_timer_event_handlers                   0x20000564   Data          12  nrf_drv_timer.o(.bss)
    mp_contexts                              0x20000570   Data          12  nrf_drv_timer.o(.bss)
    .bss                                     0x2000057c   Section       12  app_pwm.o(.bss)
    m_instances                              0x2000057c   Data          12  app_pwm.o(.bss)
    .bss                                     0x20000588   Section       96  libspace.o(.bss)
    HEAP                                     0x200005e8   Section     2048  arm_startup_nrf51.o(HEAP)
    Heap_Mem                                 0x200005e8   Data        2048  arm_startup_nrf51.o(HEAP)
    STACK                                    0x20000de8   Section     2048  arm_startup_nrf51.o(STACK)
    Stack_Mem                                0x20000de8   Data        2048  arm_startup_nrf51.o(STACK)
    __initial_sp                             0x200015e8   Data           0  arm_startup_nrf51.o(STACK)

    Global Symbols

    Symbol Name                              Value     Ov Type        Size  Object(Section)

    BuildAttributes$$THM_ISAv3M$S$PE$A:L22$X:L11$S22$IEEE1$IW$USESV6$~STKCKD$USESV7$~SHL$OTIME$ROPI$EBA8$UX$STANDARDLIB$REQ8$PRES8$EABIv2 0x00000000   Number         0  anon$$obj.o ABSOLUTE
    __ARM_use_no_argv                        0x00000000   Number         0  test.o ABSOLUTE
    __Vectors                                0x00000000   Data           4  arm_startup_nrf51.o(RESET)
    __ARM_exceptions_init                     - Undefined Weak Reference
    __alloca_initialize                       - Undefined Weak Reference
    __arm_preinit_                            - Undefined Weak Reference
    __cpp_initialize__aeabi_                  - Undefined Weak Reference
    __cxa_finalize                            - Undefined Weak Reference
    __rt_locale                               - Undefined Weak Reference
    __sigvec_lookup                           - Undefined Weak Reference
    __user_heap_extent                        - Undefined Weak Reference
    _atexit_init                              - Undefined Weak Reference
    _call_atexit_fns                          - Undefined Weak Reference
    _clock_init                               - Undefined Weak Reference
    _fp_trap_init                             - Undefined Weak Reference
    _fp_trap_shutdown                         - Undefined Weak Reference
    _get_lc_collate                           - Undefined Weak Reference
    _get_lc_ctype                             - Undefined Weak Reference
    _get_lc_monetary                          - Undefined Weak Reference
    _get_lc_numeric                           - Undefined Weak Reference
    _get_lc_time                              - Undefined Weak Reference
    _getenv_init                              - Undefined Weak Reference
    _handle_redirection                       - Undefined Weak Reference
    _mutex_acquire                            - Undefined Weak Reference
    _mutex_free                               - Undefined Weak Reference
    _mutex_release                            - Undefined Weak Reference
    _rand_init                                - Undefined Weak Reference
    _signal_finish                            - Undefined Weak Reference
    _signal_init                              - Undefined Weak Reference
    __Vectors_End                            0x000000c0   Data           0  arm_startup_nrf51.o(RESET)
    __Vectors_Size                           0x000000c0   Number         0  arm_startup_nrf51.o ABSOLUTE
    __main                                   0x000000c1   Thumb Code     8  __main.o(!!!main)
    __scatterload                            0x000000c9   Thumb Code     0  __scatter.o(!!!scatter)
    __scatterload_rt2                        0x000000c9   Thumb Code    52  __scatter.o(!!!scatter)
    __scatterload_rt2_thumb_only             0x000000c9   Thumb Code     0  __scatter.o(!!!scatter)
    __scatterload_null                       0x000000d9   Thumb Code     0  __scatter.o(!!!scatter)
    __scatterload_copy                       0x00000105   Thumb Code    26  __scatter_copy.o(!!handler_copy)
    __scatterload_zeroinit                   0x00000121   Thumb Code    28  __scatter_zi.o(!!handler_zi)
    __rt_lib_init                            0x0000013d   Thumb Code     0  libinit.o(.ARM.Collect$$libinit$$00000000)
    __rt_lib_init_alloca_1                   0x0000013f   Thumb Code     0  libinit2.o(.ARM.Collect$$libinit$$0000002E)
    __rt_lib_init_argv_1                     0x0000013f   Thumb Code     0  libinit2.o(.ARM.Collect$$libinit$$0000002C)
    __rt_lib_init_atexit_1                   0x0000013f   Thumb Code     0  libinit2.o(.ARM.Collect$$libinit$$0000001B)
    __rt_lib_init_clock_1                    0x0000013f   Thumb Code     0  libinit2.o(.ARM.Collect$$libinit$$00000021)
    __rt_lib_init_cpp_1                      0x0000013f   Thumb Code     0  libinit2.o(.ARM.Collect$$libinit$$00000032)
    __rt_lib_init_exceptions_1               0x0000013f   Thumb Code     0  libinit2.o(.ARM.Collect$$libinit$$00000030)
    __rt_lib_init_fp_1                       0x0000013f   Thumb Code     0  libinit2.o(.ARM.Collect$$libinit$$00000002)
    __rt_lib_init_fp_trap_1                  0x0000013f   Thumb Code     0  libinit2.o(.ARM.Collect$$libinit$$0000001F)
    __rt_lib_init_getenv_1                   0x0000013f   Thumb Code     0  libinit2.o(.ARM.Collect$$libinit$$00000023)
    __rt_lib_init_heap_1                     0x0000013f   Thumb Code     0  libinit2.o(.ARM.Collect$$libinit$$0000000A)
    __rt_lib_init_lc_collate_1               0x0000013f   Thumb Code     0  libinit2.o(.ARM.Collect$$libinit$$00000011)
    __rt_lib_init_lc_ctype_1                 0x0000013f   Thumb Code     0  libinit2.o(.ARM.Collect$$libinit$$00000013)
    __rt_lib_init_lc_monetary_1              0x0000013f   Thumb Code     0  libinit2.o(.ARM.Collect$$libinit$$00000015)
    __rt_lib_init_lc_numeric_1               0x0000013f   Thumb Code     0  libinit2.o(.ARM.Collect$$libinit$$00000017)
    __rt_lib_init_lc_time_1                  0x0000013f   Thumb Code     0  libinit2.o(.ARM.Collect$$libinit$$00000019)
    __rt_lib_init_preinit_1                  0x0000013f   Thumb Code     0  libinit2.o(.ARM.Collect$$libinit$$00000004)
    __rt_lib_init_rand_1                     0x0000013f   Thumb Code     0  libinit2.o(.ARM.Collect$$libinit$$0000000E)
    __rt_lib_init_return                     0x0000013f   Thumb Code     0  libinit2.o(.ARM.Collect$$libinit$$00000033)
    __rt_lib_init_signal_1                   0x0000013f   Thumb Code     0  libinit2.o(.ARM.Collect$$libinit$$0000001D)
    __rt_lib_init_stdio_1                    0x0000013f   Thumb Code     0  libinit2.o(.ARM.Collect$$libinit$$00000025)
    __rt_lib_init_user_alloc_1               0x0000013f   Thumb Code     0  libinit2.o(.ARM.Collect$$libinit$$0000000C)
    __rt_lib_shutdown                        0x00000141   Thumb Code     0  libshutdown.o(.ARM.Collect$$libshutdown$$00000000)
    __rt_lib_shutdown_cpp_1                  0x00000143   Thumb Code     0  libshutdown2.o(.ARM.Collect$$libshutdown$$00000002)
    __rt_lib_shutdown_fp_trap_1              0x00000143   Thumb Code     0  libshutdown2.o(.ARM.Collect$$libshutdown$$00000007)
    __rt_lib_shutdown_heap_1                 0x00000143   Thumb Code     0  libshutdown2.o(.ARM.Collect$$libshutdown$$0000000F)
    __rt_lib_shutdown_return                 0x00000143   Thumb Code     0  libshutdown2.o(.ARM.Collect$$libshutdown$$00000010)
    __rt_lib_shutdown_signal_1               0x00000143   Thumb Code     0  libshutdown2.o(.ARM.Collect$$libshutdown$$0000000A)
    __rt_lib_shutdown_stdio_1                0x00000143   Thumb Code     0  libshutdown2.o(.ARM.Collect$$libshutdown$$00000004)
    __rt_lib_shutdown_user_alloc_1           0x00000143   Thumb Code     0  libshutdown2.o(.ARM.Collect$$libshutdown$$0000000C)
    __rt_entry                               0x00000145   Thumb Code     0  __rtentry.o(.ARM.Collect$$rtentry$$00000000)
    __rt_entry_presh_1                       0x00000145   Thumb Code     0  __rtentry2.o(.ARM.Collect$$rtentry$$00000002)
    __rt_entry_sh                            0x00000145   Thumb Code     0  __rtentry4.o(.ARM.Collect$$rtentry$$00000004)
    __rt_entry_li                            0x0000014b   Thumb Code     0  __rtentry2.o(.ARM.Collect$$rtentry$$0000000A)
    __rt_entry_postsh_1                      0x0000014b   Thumb Code     0  __rtentry2.o(.ARM.Collect$$rtentry$$00000009)
    __rt_entry_main                          0x0000014f   Thumb Code     0  __rtentry2.o(.ARM.Collect$$rtentry$$0000000D)
    __rt_entry_postli_1                      0x0000014f   Thumb Code     0  __rtentry2.o(.ARM.Collect$$rtentry$$0000000C)
    __rt_exit                                0x00000157   Thumb Code     0  rtexit.o(.ARM.Collect$$rtexit$$00000000)
    __rt_exit_ls                             0x00000159   Thumb Code     0  rtexit2.o(.ARM.Collect$$rtexit$$00000003)
    __rt_exit_prels_1                        0x00000159   Thumb Code     0  rtexit2.o(.ARM.Collect$$rtexit$$00000002)
    __rt_exit_exit                           0x0000015d   Thumb Code     0  rtexit2.o(.ARM.Collect$$rtexit$$00000004)
    __asm___11_nrf_delay_c_532987f3__nrf_delay_us 0x00000165   Thumb Code    30  nrf_delay.o(.emb_text)
    __asm___11_app_timer_c_cd27f9c3__nrf_delay_us 0x00000185   Thumb Code    30  app_timer.o(.emb_text)
    __aeabi_memcpy4                          0x000001a5   Thumb Code    56  rt_memcpy.o(.emb_text)
    __aeabi_memcpy8                          0x000001a5   Thumb Code     0  rt_memcpy.o(.emb_text)
    Reset_Handler                            0x000001dd   Thumb Code    26  arm_startup_nrf51.o(.text)
    NMI_Handler                              0x000001f7   Thumb Code     2  arm_startup_nrf51.o(.text)
    HardFault_Handler                        0x000001f9   Thumb Code     2  arm_startup_nrf51.o(.text)
    SVC_Handler                              0x000001fb   Thumb Code     2  arm_startup_nrf51.o(.text)
    PendSV_Handler                           0x000001fd   Thumb Code     2  arm_startup_nrf51.o(.text)
    SysTick_Handler                          0x000001ff   Thumb Code     2  arm_startup_nrf51.o(.text)
    ADC_IRQHandler                           0x00000201   Thumb Code     0  arm_startup_nrf51.o(.text)
    CCM_AAR_IRQHandler                       0x00000201   Thumb Code     0  arm_startup_nrf51.o(.text)
    ECB_IRQHandler                           0x00000201   Thumb Code     0  arm_startup_nrf51.o(.text)
    LPCOMP_IRQHandler                        0x00000201   Thumb Code     0  arm_startup_nrf51.o(.text)
    POWER_CLOCK_IRQHandler                   0x00000201   Thumb Code     0  arm_startup_nrf51.o(.text)
    QDEC_IRQHandler                          0x00000201   Thumb Code     0  arm_startup_nrf51.o(.text)
    RADIO_IRQHandler                         0x00000201   Thumb Code     0  arm_startup_nrf51.o(.text)
    RNG_IRQHandler                           0x00000201   Thumb Code     0  arm_startup_nrf51.o(.text)
    RTC0_IRQHandler                          0x00000201   Thumb Code     0  arm_startup_nrf51.o(.text)
    SPI0_TWI0_IRQHandler                     0x00000201   Thumb Code     0  arm_startup_nrf51.o(.text)
    SPI1_TWI1_IRQHandler                     0x00000201   Thumb Code     0  arm_startup_nrf51.o(.text)
    SWI1_IRQHandler                          0x00000201   Thumb Code     0  arm_startup_nrf51.o(.text)
    SWI2_IRQHandler                          0x00000201   Thumb Code     0  arm_startup_nrf51.o(.text)
    SWI3_IRQHandler                          0x00000201   Thumb Code     0  arm_startup_nrf51.o(.text)
    SWI4_IRQHandler                          0x00000201   Thumb Code     0  arm_startup_nrf51.o(.text)
    SWI5_IRQHandler                          0x00000201   Thumb Code     0  arm_startup_nrf51.o(.text)
    TEMP_IRQHandler                          0x00000201   Thumb Code     0  arm_startup_nrf51.o(.text)
    WDT_IRQHandler                           0x00000201   Thumb Code     0  arm_startup_nrf51.o(.text)
    __user_initial_stackheap                 0x00000205   Thumb Code     0  arm_startup_nrf51.o(.text)
    __use_no_semihosting                     0x00000231   Thumb Code     2  use_no_semi_2.o(.text)
    __aeabi_memcpy                           0x00000233   Thumb Code   130  rt_memcpy.o(.text)
    __rt_memcpy                              0x00000233   Thumb Code     0  rt_memcpy.o(.text)
    __aeabi_uidiv                            0x000002b5   Thumb Code     0  aeabi_sdiv.o(.text)
    __aeabi_uidivmod                         0x000002b5   Thumb Code    20  aeabi_sdiv.o(.text)
    __aeabi_idiv                             0x000002c9   Thumb Code     0  aeabi_sdiv.o(.text)
    __aeabi_idivmod                          0x000002c9   Thumb Code   326  aeabi_sdiv.o(.text)
    __use_two_region_memory                  0x0000040f   Thumb Code     2  heapauxi.o(.text)
    __rt_heap_escrow                         0x00000411   Thumb Code     2  heapauxi.o(.text)
    __rt_heap_expand                         0x00000413   Thumb Code     2  heapauxi.o(.text)
    __semihosting$guard                      0x00000415   Thumb Code     0  use_no_semi.o(.text)
    __use_no_semihosting_swi                 0x00000415   Thumb Code     2  use_no_semi.o(.text)
    __user_setup_stackheap                   0x00000417   Thumb Code    62  sys_stackheap_outer.o(.text)
    exit                                     0x00000455   Thumb Code    16  exit.o(.text)
    __user_libspace                          0x00000465   Thumb Code     8  libspace.o(.text)
    __user_perproc_libspace                  0x00000465   Thumb Code     0  libspace.o(.text)
    __user_perthread_libspace                0x00000465   Thumb Code     0  libspace.o(.text)
    GPIOTE_IRQHandler                        0x0000046d   Thumb Code   224  nrf_drv_gpiote.o(i.GPIOTE_IRQHandler)
    RTC1_IRQHandler                          0x00000569   Thumb Code    28  app_timer.o(i.RTC1_IRQHandler)
    SEGGER_RTT_Write                         0x00000589   Thumb Code   140  segger_rtt.o(i.SEGGER_RTT_Write)
    SEGGER_RTT_printf                        0x00000619   Thumb Code    24  segger_rtt_printf.o(i.SEGGER_RTT_printf)
    SEGGER_RTT_vprintf                       0x00000631   Thumb Code   398  segger_rtt_printf.o(i.SEGGER_RTT_vprintf)
    SWI0_IRQHandler                          0x000007c1   Thumb Code    78  app_timer.o(i.SWI0_IRQHandler)
    SystemInit                               0x00000815   Thumb Code    64  system_nrf51.o(i.SystemInit)
    TIMER0_IRQHandler                        0x00000869   Thumb Code    12  nrf_drv_timer.o(i.TIMER0_IRQHandler)
    TIMER1_IRQHandler                        0x00000879   Thumb Code    12  nrf_drv_timer.o(i.TIMER1_IRQHandler)
    TIMER2_IRQHandler                        0x00000889   Thumb Code    12  nrf_drv_timer.o(i.TIMER2_IRQHandler)
    UART0_IRQHandler                         0x00000899   Thumb Code   104  app_uart.o(i.UART0_IRQHandler)
    __ARM_common_switch8                     0x00000af7   Thumb Code    26  app_uart.o(i.__ARM_common_switch8)
    _sys_exit                                0x00000b11   Thumb Code     2  rtt_syscalls_keil.o(i._sys_exit)
    action_tx_stop                           0x00000b15   Thumb Code    26  app_uart.o(i.action_tx_stop)
    app_error_handler                        0x00000b59   Thumb Code    18  app_error.o(i.app_error_handler)
    app_pwm_channel_duty_get                 0x00000b75   Thumb Code    34  app_pwm.o(i.app_pwm_channel_duty_get)
    app_pwm_channel_duty_set                 0x00000b97   Thumb Code    32  app_pwm.o(i.app_pwm_channel_duty_set)
    app_pwm_channel_duty_ticks_get           0x00000bb7   Thumb Code    12  app_pwm.o(i.app_pwm_channel_duty_ticks_get)
    app_pwm_channel_duty_ticks_set           0x00000bc5   Thumb Code   134  app_pwm.o(i.app_pwm_channel_duty_ticks_set)
    app_pwm_cycle_ticks_get                  0x00000d1d   Thumb Code    14  app_pwm.o(i.app_pwm_cycle_ticks_get)
    app_pwm_enable                           0x00000d2b   Thumb Code    18  app_pwm.o(i.app_pwm_enable)
    app_pwm_init                             0x00000d3d   Thumb Code   362  app_pwm.o(i.app_pwm_init)
    clock_setup                              0x00000f3d   Thumb Code    44  test.o(i.clock_setup)
    color                                    0x00000f91   Thumb Code   100  test.o(i.color)
    critical_region_enter                    0x000010c9   Thumb Code    12  app_util_platform.o(i.critical_region_enter)
    critical_region_exit                     0x000010d9   Thumb Code    14  app_util_platform.o(i.critical_region_exit)
    led_init                                 0x00001229   Thumb Code   148  test.o(i.led_init)
    main                                     0x0000144d   Thumb Code   120  test.o(i.main)
    nrf_delay_ms                             0x00001515   Thumb Code    24  nrf_delay.o(i.nrf_delay_ms)
    nrf_drv_common_irq_enable                0x00001531   Thumb Code    78  nrf_drv_common.o(i.nrf_drv_common_irq_enable)
    nrf_drv_gpiote_init                      0x00001591   Thumb Code    74  nrf_drv_gpiote.o(i.nrf_drv_gpiote_init)
    nrf_drv_gpiote_is_init                   0x000015e5   Thumb Code    12  nrf_drv_gpiote.o(i.nrf_drv_gpiote_is_init)
    nrf_drv_gpiote_out_init                  0x000015f5   Thumb Code   128  nrf_drv_gpiote.o(i.nrf_drv_gpiote_out_init)
    nrf_drv_gpiote_out_task_addr_get         0x00001689   Thumb Code    16  nrf_drv_gpiote.o(i.nrf_drv_gpiote_out_task_addr_get)
    nrf_drv_gpiote_out_task_enable           0x0000169d   Thumb Code    38  nrf_drv_gpiote.o(i.nrf_drv_gpiote_out_task_enable)
    nrf_drv_gpiote_out_task_force            0x000016cd   Thumb Code    40  nrf_drv_gpiote.o(i.nrf_drv_gpiote_out_task_force)
    nrf_drv_gpiote_out_task_trigger          0x000016fd   Thumb Code    20  nrf_drv_gpiote.o(i.nrf_drv_gpiote_out_task_trigger)
    nrf_drv_gpiote_out_uninit                0x00001715   Thumb Code    40  nrf_drv_gpiote.o(i.nrf_drv_gpiote_out_uninit)
    nrf_drv_ppi_channel_alloc                0x00001745   Thumb Code    76  nrf_drv_ppi.o(i.nrf_drv_ppi_channel_alloc)
    nrf_drv_ppi_channel_assign               0x00001799   Thumb Code    58  nrf_drv_ppi.o(i.nrf_drv_ppi_channel_assign)
    nrf_drv_ppi_channel_disable              0x000017d9   Thumb Code    52  nrf_drv_ppi.o(i.nrf_drv_ppi_channel_disable)
    nrf_drv_ppi_channel_enable               0x00001811   Thumb Code    52  nrf_drv_ppi.o(i.nrf_drv_ppi_channel_enable)
    nrf_drv_ppi_channel_free                 0x00001849   Thumb Code    46  nrf_drv_ppi.o(i.nrf_drv_ppi_channel_free)
    nrf_drv_ppi_channels_include_in_group    0x00001891   Thumb Code    68  nrf_drv_ppi.o(i.nrf_drv_ppi_channels_include_in_group)
    nrf_drv_ppi_channels_remove_from_group   0x000018d9   Thumb Code    68  nrf_drv_ppi.o(i.nrf_drv_ppi_channels_remove_from_group)
    nrf_drv_ppi_group_alloc                  0x00001921   Thumb Code    76  nrf_drv_ppi.o(i.nrf_drv_ppi_group_alloc)
    nrf_drv_ppi_group_disable                0x00001971   Thumb Code    30  nrf_drv_ppi.o(i.nrf_drv_ppi_group_disable)
    nrf_drv_ppi_group_enable                 0x00001995   Thumb Code    44  nrf_drv_ppi.o(i.nrf_drv_ppi_group_enable)
    nrf_drv_ppi_group_free                   0x000019c5   Thumb Code    64  nrf_drv_ppi.o(i.nrf_drv_ppi_group_free)
    nrf_drv_ppi_init                         0x00001a0d   Thumb Code    20  nrf_drv_ppi.o(i.nrf_drv_ppi_init)
    nrf_drv_timer_capture_get                0x00001a25   Thumb Code    14  nrf_drv_timer.o(i.nrf_drv_timer_capture_get)
    nrf_drv_timer_clear                      0x00001a33   Thumb Code     8  nrf_drv_timer.o(i.nrf_drv_timer_clear)
    nrf_drv_timer_compare                    0x00001a3b   Thumb Code    42  nrf_drv_timer.o(i.nrf_drv_timer_compare)
    nrf_drv_timer_compare_event_address_get  0x00001a65   Thumb Code    14  nrf_drv_timer.o(i.nrf_drv_timer_compare_event_address_get)
    nrf_drv_timer_compare_int_disable        0x00001a73   Thumb Code    18  nrf_drv_timer.o(i.nrf_drv_timer_compare_int_disable)
    nrf_drv_timer_compare_int_enable         0x00001a85   Thumb Code    34  nrf_drv_timer.o(i.nrf_drv_timer_compare_int_enable)
    nrf_drv_timer_disable                    0x00001aa9   Thumb Code    14  nrf_drv_timer.o(i.nrf_drv_timer_disable)
    nrf_drv_timer_enable                     0x00001abd   Thumb Code    16  nrf_drv_timer.o(i.nrf_drv_timer_enable)
    nrf_drv_timer_extended_compare           0x00001ad1   Thumb Code    46  nrf_drv_timer.o(i.nrf_drv_timer_extended_compare)
    nrf_drv_timer_init                       0x00001b01   Thumb Code   144  nrf_drv_timer.o(i.nrf_drv_timer_init)
    nrf_drv_timer_uninit                     0x00001be5   Thumb Code    84  nrf_drv_timer.o(i.nrf_drv_timer_uninit)
    nrf_drv_timer_us_to_ticks                0x00001c49   Thumb Code    22  nrf_drv_timer.o(i.nrf_drv_timer_us_to_ticks)
    pwm_ready_callback                       0x00001e11   Thumb Code     8  test.o(i.pwm_ready_callback)
    pwm_ready_tick                           0x00001e1d   Thumb Code    50  app_pwm.o(i.pwm_ready_tick)
    radio_setup                              0x0000206d   Thumb Code    74  test.o(i.radio_setup)
    m_pwm_PWM_B_timer                        0x00002290   Data           8  test.o(.constdata)
    PWM_B                                    0x00002298   Data           8  test.o(.constdata)
    PWM_G                                    0x000022a0   Data           8  test.o(.constdata)
    m_pwm_PWM_G_timer                        0x000022d0   Data           8  test.o(.constdata)
    Region$$Table$$Base                      0x00002318   Number         0  anon$$obj.o(Region$$Table)
    Region$$Table$$Limit                     0x00002338   Number         0  anon$$obj.o(Region$$Table)
    B                                        0x20000004   Data           4  test.o(.data)
    R                                        0x20000008   Data           4  test.o(.data)
    G                                        0x2000000c   Data           4  test.o(.data)
    SystemCoreClock                          0x2000008c   Data           4  system_nrf51.o(.data)
    m_pwm_ready_counter                      0x200000a8   Data           3  app_pwm.o(.data)
    m_pwm_PWM_B_cb                           0x200000d4   Data          36  test.o(.bss)
    m_pwm_PWM_G_cb                           0x200000f8   Data          36  test.o(.bss)
    __libspace_start                         0x20000588   Data          96  libspace.o(.bss)
    __temporary_stack_top$libspace           0x200005e8   Data           0  libspace.o(.bss)



==============================================================================

Memory Map of the image

  Image Entry point : 0x000000c1

  Load Region LR_IROM1 (Base: 0x00000000, Size: 0x0000240c, Max: 0x00040000, ABSOLUTE)

    Execution Region ER_IROM1 (Base: 0x00000000, Size: 0x00002338, Max: 0x00040000, ABSOLUTE)

    Base Addr    Size         Type   Attr      Idx    E Section Name        Object

    0x00000000   0x000000c0   Data   RO          409    RESET               arm_startup_nrf51.o
    0x000000c0   0x00000008   Code   RO         1571  * !!!main             c_p.l(__main.o)
    0x000000c8   0x0000003c   Code   RO         1885    !!!scatter          c_p.l(__scatter.o)
    0x00000104   0x0000001a   Code   RO         1887    !!handler_copy      c_p.l(__scatter_copy.o)
    0x0000011e   0x00000002   PAD
    0x00000120   0x0000001c   Code   RO         1889    !!handler_zi        c_p.l(__scatter_zi.o)
    0x0000013c   0x00000002   Code   RO         1817    .ARM.Collect$$libinit$$00000000  c_p.l(libinit.o)
    0x0000013e   0x00000000   Code   RO         1699    .ARM.Collect$$libinit$$00000002  c_p.l(libinit2.o)
    0x0000013e   0x00000000   Code   RO         1701    .ARM.Collect$$libinit$$00000004  c_p.l(libinit2.o)
    0x0000013e   0x00000000   Code   RO         1704    .ARM.Collect$$libinit$$0000000A  c_p.l(libinit2.o)
    0x0000013e   0x00000000   Code   RO         1706    .ARM.Collect$$libinit$$0000000C  c_p.l(libinit2.o)
    0x0000013e   0x00000000   Code   RO         1708    .ARM.Collect$$libinit$$0000000E  c_p.l(libinit2.o)
    0x0000013e   0x00000000   Code   RO         1711    .ARM.Collect$$libinit$$00000011  c_p.l(libinit2.o)
    0x0000013e   0x00000000   Code   RO         1713    .ARM.Collect$$libinit$$00000013  c_p.l(libinit2.o)
    0x0000013e   0x00000000   Code   RO         1715    .ARM.Collect$$libinit$$00000015  c_p.l(libinit2.o)
    0x0000013e   0x00000000   Code   RO         1717    .ARM.Collect$$libinit$$00000017  c_p.l(libinit2.o)
    0x0000013e   0x00000000   Code   RO         1719    .ARM.Collect$$libinit$$00000019  c_p.l(libinit2.o)
    0x0000013e   0x00000000   Code   RO         1721    .ARM.Collect$$libinit$$0000001B  c_p.l(libinit2.o)
    0x0000013e   0x00000000   Code   RO         1723    .ARM.Collect$$libinit$$0000001D  c_p.l(libinit2.o)
    0x0000013e   0x00000000   Code   RO         1725    .ARM.Collect$$libinit$$0000001F  c_p.l(libinit2.o)
    0x0000013e   0x00000000   Code   RO         1727    .ARM.Collect$$libinit$$00000021  c_p.l(libinit2.o)
    0x0000013e   0x00000000   Code   RO         1729    .ARM.Collect$$libinit$$00000023  c_p.l(libinit2.o)
    0x0000013e   0x00000000   Code   RO         1731    .ARM.Collect$$libinit$$00000025  c_p.l(libinit2.o)
    0x0000013e   0x00000000   Code   RO         1735    .ARM.Collect$$libinit$$0000002C  c_p.l(libinit2.o)
    0x0000013e   0x00000000   Code   RO         1737    .ARM.Collect$$libinit$$0000002E  c_p.l(libinit2.o)
    0x0000013e   0x00000000   Code   RO         1739    .ARM.Collect$$libinit$$00000030  c_p.l(libinit2.o)
    0x0000013e   0x00000000   Code   RO         1741    .ARM.Collect$$libinit$$00000032  c_p.l(libinit2.o)
    0x0000013e   0x00000002   Code   RO         1742    .ARM.Collect$$libinit$$00000033  c_p.l(libinit2.o)
    0x00000140   0x00000002   Code   RO         1882    .ARM.Collect$$libshutdown$$00000000  c_p.l(libshutdown.o)
    0x00000142   0x00000000   Code   RO         1744    .ARM.Collect$$libshutdown$$00000002  c_p.l(libshutdown2.o)
    0x00000142   0x00000000   Code   RO         1746    .ARM.Collect$$libshutdown$$00000004  c_p.l(libshutdown2.o)
    0x00000142   0x00000000   Code   RO         1749    .ARM.Collect$$libshutdown$$00000007  c_p.l(libshutdown2.o)
    0x00000142   0x00000000   Code   RO         1752    .ARM.Collect$$libshutdown$$0000000A  c_p.l(libshutdown2.o)
    0x00000142   0x00000000   Code   RO         1754    .ARM.Collect$$libshutdown$$0000000C  c_p.l(libshutdown2.o)
    0x00000142   0x00000000   Code   RO         1757    .ARM.Collect$$libshutdown$$0000000F  c_p.l(libshutdown2.o)
    0x00000142   0x00000002   Code   RO         1758    .ARM.Collect$$libshutdown$$00000010  c_p.l(libshutdown2.o)
    0x00000144   0x00000000   Code   RO         1575    .ARM.Collect$$rtentry$$00000000  c_p.l(__rtentry.o)
    0x00000144   0x00000000   Code   RO         1596    .ARM.Collect$$rtentry$$00000002  c_p.l(__rtentry2.o)
    0x00000144   0x00000006   Code   RO         1608    .ARM.Collect$$rtentry$$00000004  c_p.l(__rtentry4.o)
    0x0000014a   0x00000000   Code   RO         1598    .ARM.Collect$$rtentry$$00000009  c_p.l(__rtentry2.o)
    0x0000014a   0x00000004   Code   RO         1599    .ARM.Collect$$rtentry$$0000000A  c_p.l(__rtentry2.o)
    0x0000014e   0x00000000   Code   RO         1601    .ARM.Collect$$rtentry$$0000000C  c_p.l(__rtentry2.o)
    0x0000014e   0x00000008   Code   RO         1602    .ARM.Collect$$rtentry$$0000000D  c_p.l(__rtentry2.o)
    0x00000156   0x00000002   Code   RO         1824    .ARM.Collect$$rtexit$$00000000  c_p.l(rtexit.o)
    0x00000158   0x00000000   Code   RO         1852    .ARM.Collect$$rtexit$$00000002  c_p.l(rtexit2.o)
    0x00000158   0x00000004   Code   RO         1853    .ARM.Collect$$rtexit$$00000003  c_p.l(rtexit2.o)
    0x0000015c   0x00000006   Code   RO         1854    .ARM.Collect$$rtexit$$00000004  c_p.l(rtexit2.o)
    0x00000162   0x00000002   PAD
    0x00000164   0x0000001e   Code   RO          665    .emb_text           nrf_delay.o
    0x00000182   0x00000002   PAD
    0x00000184   0x0000001e   Code   RO         1356    .emb_text           app_timer.o
    0x000001a2   0x00000002   PAD
    0x000001a4   0x00000038   Code   RO         1559    .emb_text           c_p.l(rt_memcpy.o)
    0x000001dc   0x00000054   Code   RO          410    .text               arm_startup_nrf51.o
    0x00000230   0x00000002   Code   RO         1541    .text               c_p.l(use_no_semi_2.o)
    0x00000232   0x00000082   Code   RO         1560    .text               c_p.l(rt_memcpy.o)
    0x000002b4   0x0000015a   Code   RO         1565    .text               c_p.l(aeabi_sdiv.o)
    0x0000040e   0x00000006   Code   RO         1569    .text               c_p.l(heapauxi.o)
    0x00000414   0x00000002   Code   RO         1573    .text               c_p.l(use_no_semi.o)
    0x00000416   0x0000003e   Code   RO         1759    .text               c_p.l(sys_stackheap_outer.o)
    0x00000454   0x00000010   Code   RO         1798    .text               c_p.l(exit.o)
    0x00000464   0x00000008   Code   RO         1820    .text               c_p.l(libspace.o)
    0x0000046c   0x000000fc   Code   RO          479    i.GPIOTE_IRQHandler  nrf_drv_gpiote.o
    0x00000568   0x00000020   Code   RO         1358    i.RTC1_IRQHandler   app_timer.o
    0x00000588   0x00000090   Code   RO          197    i.SEGGER_RTT_Write  segger_rtt.o
    0x00000618   0x00000018   Code   RO          270    i.SEGGER_RTT_printf  segger_rtt_printf.o
    0x00000630   0x0000018e   Code   RO          271    i.SEGGER_RTT_vprintf  segger_rtt_printf.o
    0x000007be   0x00000002   PAD
    0x000007c0   0x00000054   Code   RO         1359    i.SWI0_IRQHandler   app_timer.o
    0x00000814   0x00000054   Code   RO          417    i.SystemInit        system_nrf51.o
    0x00000868   0x00000010   Code   RO          825    i.TIMER0_IRQHandler  nrf_drv_timer.o
    0x00000878   0x00000010   Code   RO          826    i.TIMER1_IRQHandler  nrf_drv_timer.o
    0x00000888   0x00000010   Code   RO          827    i.TIMER2_IRQHandler  nrf_drv_timer.o
    0x00000898   0x00000078   Code   RO         1000    i.UART0_IRQHandler  app_uart.o
    0x00000910   0x000000c4   Code   RO          272    i._PrintInt         segger_rtt_printf.o
    0x000009d4   0x000000e4   Code   RO          273    i._PrintUnsigned    segger_rtt_printf.o
    0x00000ab8   0x0000003e   Code   RO          274    i._StoreChar        segger_rtt_printf.o
    0x00000af6   0x0000001a   Code   RO         1074    i.__ARM_common_switch8  app_uart.o
    0x00000b10   0x00000002   Code   RO          313    i._sys_exit         rtt_syscalls_keil.o
    0x00000b12   0x00000002   PAD
    0x00000b14   0x00000024   Code   RO         1001    i.action_tx_stop    app_uart.o
    0x00000b38   0x00000020   Code   RO         1002    i.action_uart_deactivate  app_uart.o
    0x00000b58   0x0000001c   Code   RO         1182    i.app_error_handler  app_error.o
    0x00000b74   0x00000022   Code   RO         1208    i.app_pwm_channel_duty_get  app_pwm.o
    0x00000b96   0x00000020   Code   RO         1209    i.app_pwm_channel_duty_set  app_pwm.o
    0x00000bb6   0x0000000c   Code   RO         1210    i.app_pwm_channel_duty_ticks_get  app_pwm.o
    0x00000bc2   0x00000002   PAD
    0x00000bc4   0x0000008c   Code   RO         1211    i.app_pwm_channel_duty_ticks_set  app_pwm.o
    0x00000c50   0x000000cc   Code   RO         1212    i.app_pwm_channel_init  app_pwm.o
    0x00000d1c   0x0000000e   Code   RO         1213    i.app_pwm_cycle_ticks_get  app_pwm.o
    0x00000d2a   0x00000012   Code   RO         1215    i.app_pwm_enable    app_pwm.o
    0x00000d3c   0x00000180   Code   RO         1216    i.app_pwm_init      app_pwm.o
    0x00000ebc   0x0000000e   Code   RO          692    i.are_app_channels  nrf_drv_ppi.o
    0x00000eca   0x00000002   PAD
    0x00000ecc   0x0000001c   Code   RO          480    i.channel_free      nrf_drv_gpiote.o
    0x00000ee8   0x00000044   Code   RO          481    i.channel_port_alloc  nrf_drv_gpiote.o
    0x00000f2c   0x00000010   Code   RO          482    i.channel_port_get  nrf_drv_gpiote.o
    0x00000f3c   0x00000054   Code   RO            5    i.clock_setup       test.o
    0x00000f90   0x00000094   Code   RO            6    i.color             test.o
    0x00001024   0x000000a4   Code   RO         1367    i.compare_reg_update  app_timer.o
    0x000010c8   0x00000010   Code   RO         1507    i.critical_region_enter  app_util_platform.o
    0x000010d8   0x00000014   Code   RO         1508    i.critical_region_exit  app_util_platform.o
    0x000010ec   0x00000040   Code   RO         1368    i.elapsed_ticks_acquire  app_timer.o
    0x0000112c   0x00000058   Code   RO         1369    i.expired_timers_handler  app_timer.o
    0x00001184   0x00000018   Code   RO          693    i.is_allocated_channel  nrf_drv_ppi.o
    0x0000119c   0x00000018   Code   RO          694    i.is_allocated_group  nrf_drv_ppi.o
    0x000011b4   0x0000000e   Code   RO          695    i.is_app_channel    nrf_drv_ppi.o
    0x000011c2   0x0000000c   Code   RO          696    i.is_app_group      nrf_drv_ppi.o
    0x000011ce   0x00000002   PAD
    0x000011d0   0x00000048   Code   RO          418    i.is_manual_peripheral_setup_needed  system_nrf51.o
    0x00001218   0x0000000e   Code   RO          697    i.is_programmable_app_channel  nrf_drv_ppi.o
    0x00001226   0x00000002   PAD
    0x00001228   0x000000a0   Code   RO            7    i.led_init          test.o
    0x000012c8   0x00000094   Code   RO         1370    i.list_deletions_handler  app_timer.o
    0x0000135c   0x000000f0   Code   RO         1371    i.list_insertions_handler  app_timer.o
    0x0000144c   0x000000c8   Code   RO            8    i.main              test.o
    0x00001514   0x0000001c   Code   RO          666    i.nrf_delay_ms      nrf_delay.o
    0x00001530   0x00000060   Code   RO          453    i.nrf_drv_common_irq_enable  nrf_drv_common.o
    0x00001590   0x00000054   Code   RO          489    i.nrf_drv_gpiote_init  nrf_drv_gpiote.o
    0x000015e4   0x00000010   Code   RO          490    i.nrf_drv_gpiote_is_init  nrf_drv_gpiote.o
    0x000015f4   0x00000094   Code   RO          492    i.nrf_drv_gpiote_out_init  nrf_drv_gpiote.o
    0x00001688   0x00000014   Code   RO          494    i.nrf_drv_gpiote_out_task_addr_get  nrf_drv_gpiote.o
    0x0000169c   0x00000030   Code   RO          496    i.nrf_drv_gpiote_out_task_enable  nrf_drv_gpiote.o
    0x000016cc   0x00000030   Code   RO          497    i.nrf_drv_gpiote_out_task_force  nrf_drv_gpiote.o
    0x000016fc   0x00000018   Code   RO          498    i.nrf_drv_gpiote_out_task_trigger  nrf_drv_gpiote.o
    0x00001714   0x00000030   Code   RO          500    i.nrf_drv_gpiote_out_uninit  nrf_drv_gpiote.o
    0x00001744   0x00000054   Code   RO          698    i.nrf_drv_ppi_channel_alloc  nrf_drv_ppi.o
    0x00001798   0x00000040   Code   RO          699    i.nrf_drv_ppi_channel_assign  nrf_drv_ppi.o
    0x000017d8   0x00000038   Code   RO          700    i.nrf_drv_ppi_channel_disable  nrf_drv_ppi.o
    0x00001810   0x00000038   Code   RO          701    i.nrf_drv_ppi_channel_enable  nrf_drv_ppi.o
    0x00001848   0x00000038   Code   RO          702    i.nrf_drv_ppi_channel_free  nrf_drv_ppi.o
    0x00001880   0x0000000e   Code   RO         1218    i.nrf_drv_ppi_channel_include_in_group  app_pwm.o
    0x0000188e   0x00000002   PAD
    0x00001890   0x00000048   Code   RO          703    i.nrf_drv_ppi_channels_include_in_group  nrf_drv_ppi.o
    0x000018d8   0x00000048   Code   RO          704    i.nrf_drv_ppi_channels_remove_from_group  nrf_drv_ppi.o
    0x00001920   0x00000050   Code   RO          705    i.nrf_drv_ppi_group_alloc  nrf_drv_ppi.o
    0x00001970   0x00000024   Code   RO          706    i.nrf_drv_ppi_group_disable  nrf_drv_ppi.o
    0x00001994   0x00000030   Code   RO          707    i.nrf_drv_ppi_group_enable  nrf_drv_ppi.o
    0x000019c4   0x00000048   Code   RO          708    i.nrf_drv_ppi_group_free  nrf_drv_ppi.o
    0x00001a0c   0x00000018   Code   RO          709    i.nrf_drv_ppi_init  nrf_drv_ppi.o
    0x00001a24   0x0000000e   Code   RO          829    i.nrf_drv_timer_capture_get  nrf_drv_timer.o
    0x00001a32   0x00000008   Code   RO          831    i.nrf_drv_timer_clear  nrf_drv_timer.o
    0x00001a3a   0x0000002a   Code   RO          832    i.nrf_drv_timer_compare  nrf_drv_timer.o
    0x00001a64   0x0000000e   Code   RO          833    i.nrf_drv_timer_compare_event_address_get  nrf_drv_timer.o
    0x00001a72   0x00000012   Code   RO          834    i.nrf_drv_timer_compare_int_disable  nrf_drv_timer.o
    0x00001a84   0x00000022   Code   RO          835    i.nrf_drv_timer_compare_int_enable  nrf_drv_timer.o
    0x00001aa6   0x00000002   PAD
    0x00001aa8   0x00000014   Code   RO          836    i.nrf_drv_timer_disable  nrf_drv_timer.o
    0x00001abc   0x00000014   Code   RO          837    i.nrf_drv_timer_enable  nrf_drv_timer.o
    0x00001ad0   0x0000002e   Code   RO          839    i.nrf_drv_timer_extended_compare  nrf_drv_timer.o
    0x00001afe   0x00000002   PAD
    0x00001b00   0x0000009c   Code   RO          841    i.nrf_drv_timer_init  nrf_drv_timer.o
    0x00001b9c   0x00000048   Code   RO          842    i.nrf_drv_timer_interrupt_handle  nrf_drv_timer.o
    0x00001be4   0x00000064   Code   RO          847    i.nrf_drv_timer_uninit  nrf_drv_timer.o
    0x00001c48   0x00000016   Code   RO          848    i.nrf_drv_timer_us_to_ticks  nrf_drv_timer.o
    0x00001c5e   0x00000002   PAD
    0x00001c60   0x00000020   Code   RO          502    i.nrf_gpio_cfg_sense_set  nrf_drv_gpiote.o
    0x00001c80   0x00000014   Code   RO          503    i.nrf_gpiote_event_is_set  nrf_drv_gpiote.o
    0x00001c94   0x00000080   Code   RO         1010    i.on_uart_event     app_uart.o
    0x00001d14   0x00000038   Code   RO         1219    i.pan73_workaround  app_pwm.o
    0x00001d4c   0x00000018   Code   RO          505    i.pin_in_use_by_te  nrf_drv_gpiote.o
    0x00001d64   0x00000018   Code   RO         1220    i.pwm_channel_ppi_disable  app_pwm.o
    0x00001d7c   0x00000080   Code   RO         1221    i.pwm_dealloc       app_pwm.o
    0x00001dfc   0x00000014   Code   RO         1222    i.pwm_ppi_disable   app_pwm.o
    0x00001e10   0x0000000c   Code   RO            9    i.pwm_ready_callback  test.o
    0x00001e1c   0x0000003c   Code   RO         1223    i.pwm_ready_tick    app_pwm.o
    0x00001e58   0x00000066   Code   RO         1224    i.pwm_transition_0or100_to_0or100  app_pwm.o
    0x00001ebe   0x00000002   PAD
    0x00001ec0   0x00000090   Code   RO         1225    i.pwm_transition_0or100_to_n  app_pwm.o
    0x00001f50   0x0000007c   Code   RO         1226    i.pwm_transition_n_to_0or100  app_pwm.o
    0x00001fcc   0x000000a0   Code   RO         1227    i.pwm_transition_n_to_m  app_pwm.o
    0x0000206c   0x0000007c   Code   RO           10    i.radio_setup       test.o
    0x000020e8   0x00000044   Code   RO         1372    i.rtc1_stop         app_timer.o
    0x0000212c   0x00000010   Code   RO         1373    i.timer_list_handler_sched  app_timer.o
    0x0000213c   0x00000064   Code   RO         1374    i.timer_list_insert  app_timer.o
    0x000021a0   0x00000070   Code   RO         1375    i.timer_list_remove  app_timer.o
    0x00002210   0x00000080   Code   RO         1376    i.timer_timeouts_check  app_timer.o
    0x00002290   0x00000008   Data   RO           16    .constdata          test.o
    0x00002298   0x00000038   Data   RO           17    .constdata          test.o
    0x000022d0   0x00000008   Data   RO           20    .constdata          test.o
    0x000022d8   0x00000010   Data   RO          275    .constdata          segger_rtt_printf.o
    0x000022e8   0x00000018   Data   RO          850    .constdata          nrf_drv_timer.o
    0x00002300   0x0000000c   Data   RO         1229    .constdata          app_pwm.o
    0x0000230c   0x00000009   Data   RO          201    .conststring        segger_rtt.o
    0x00002315   0x00000003   PAD
    0x00002318   0x00000020   Data   RO         1883    Region$$Table       anon$$obj.o


    Execution Region RW_IRAM1 (Base: 0x20000000, Size: 0x000015e8, Max: 0x00008000, ABSOLUTE)

    Base Addr    Size         Type   Attr      Idx    E Section Name        Object

    0x20000000   0x00000010   Data   RW           21    .data               test.o
    0x20000010   0x0000007c   Data   RW          202    .data               segger_rtt.o
    0x2000008c   0x00000004   Data   RW          419    .data               system_nrf51.o
    0x20000090   0x00000008   Data   RW          711    .data               nrf_drv_ppi.o
    0x20000098   0x00000003   Data   RW          851    .data               nrf_drv_timer.o
    0x2000009b   0x00000001   PAD
    0x2000009c   0x0000000c   Data   RW         1012    .data               app_uart.o
    0x200000a8   0x00000003   Data   RW         1230    .data               app_pwm.o
    0x200000ab   0x00000001   PAD
    0x200000ac   0x00000024   Data   RW         1379    .data               app_timer.o
    0x200000d0   0x00000004   Data   RW         1509    .data               app_util_platform.o
    0x200000d4   0x00000024   Zero   RW           13    .bss                test.o
    0x200000f8   0x00000024   Zero   RW           15    .bss                test.o
    0x2000011c   0x00000400   Zero   RW          199    .bss                segger_rtt.o
    0x2000051c   0x00000010   Zero   RW          200    .bss                segger_rtt.o
    0x2000052c   0x00000038   Zero   RW          506    .bss                nrf_drv_gpiote.o
    0x20000564   0x00000018   Zero   RW          849    .bss                nrf_drv_timer.o
    0x2000057c   0x0000000c   Zero   RW         1228    .bss                app_pwm.o
    0x20000588   0x00000060   Zero   RW         1821    .bss                c_p.l(libspace.o)
    0x200005e8   0x00000800   Zero   RW          408    HEAP                arm_startup_nrf51.o
    0x20000de8   0x00000800   Zero   RW          407    STACK               arm_startup_nrf51.o


==============================================================================

Image component sizes


      Code (inc. data)   RO Data    RW Data    ZI Data      Debug   Object Name

        28         10          0          0          0       7480   app_error.o
      1670         92         12          3         12      25907   app_pwm.o
      1274        106          0         36          0      21352   app_timer.o
       342         60          0         12          0       8176   app_uart.o
        36         10          0          4          0       1091   app_util_platform.o
        84         36        192          0       4096        628   arm_startup_nrf51.o
        58          4          0          0          0       1523   nrf_delay.o
        96         18          0          0          0       7204   nrf_drv_common.o
       876        128          0          0         56      20327   nrf_drv_gpiote.o
       822         74          0          8          0      18509   nrf_drv_ppi.o
       614         56         24          3         24      25533   nrf_drv_timer.o
         2          0          0          0          0        444   rtt_syscalls_keil.o
       144          4          9        124       1040       2266   segger_rtt.o
       908          4         16          0          0       6517   segger_rtt_printf.o
       156         26          0          4          0       1751   system_nrf51.o
       728        234         72         16         72      40457   test.o

    ----------------------------------------------------------------------
      7864        862        360        212       5300     189165   Object Totals
         0          0         32          0          0          0   (incl. Generated)
        26          0          3          2          0          0   (incl. Padding)

    ----------------------------------------------------------------------

      Code (inc. data)   RO Data    RW Data    ZI Data      Debug   Library Member Name

         8          0          0          0          0         68   __main.o
         0          0          0          0          0          0   __rtentry.o
        12          0          0          0          0          0   __rtentry2.o
         6          0          0          0          0          0   __rtentry4.o
        60          8          0          0          0          0   __scatter.o
        26          0          0          0          0          0   __scatter_copy.o
        28          0          0          0          0          0   __scatter_zi.o
       346          0          0          0          0         92   aeabi_sdiv.o
        16          0          0          0          0         68   exit.o
         6          0          0          0          0        136   heapauxi.o
         2          0          0          0          0          0   libinit.o
         2          0          0          0          0          0   libinit2.o
         2          0          0          0          0          0   libshutdown.o
         2          0          0          0          0          0   libshutdown2.o
         8          4          0          0         96         68   libspace.o
       186          0          0          0          0        144   rt_memcpy.o
         2          0          0          0          0          0   rtexit.o
        10          0          0          0          0          0   rtexit2.o
        62          0          0          0          0         80   sys_stackheap_outer.o
         2          0          0          0          0         68   use_no_semi.o
         2          0          0          0          0         68   use_no_semi_2.o

    ----------------------------------------------------------------------
       792         12          0          0         96        792   Library Totals
         4          0          0          0          0          0   (incl. Padding)

    ----------------------------------------------------------------------

      Code (inc. data)   RO Data    RW Data    ZI Data      Debug   Library Name

       788         12          0          0         96        792   c_p.l

    ----------------------------------------------------------------------
       792         12          0          0         96        792   Library Totals

    ----------------------------------------------------------------------

==============================================================================


      Code (inc. data)   RO Data    RW Data    ZI Data      Debug   

      8656        874        360        212       5396     185205   Grand Totals
      8656        874        360        212       5396     185205   ELF Image Totals
      8656        874        360        212          0          0   ROM Totals

==============================================================================

    Total RO  Size (Code + RO Data)                 9016 (   8.80kB)
    Total RW  Size (RW Data + ZI Data)              5608 (   5.48kB)
    Total ROM Size (Code + RO Data + RW Data)       9228 (   9.01kB)

==============================================================================

