<html>
<body>
<pre>
<h1>µVision Build Log</h1>
<h2>Tool Versions:</h2>
IDE-Version: µVision V5.16a
Copyright (C) 2015 ARM Ltd and ARM Germany GmbH. All rights reserved.
License Information: Kris Gibbs, Intel Corporation, LIC=----
 
Tool Versions:
Toolchain:       MDK-Lite  Version: 5.16a
Toolchain Path:  C:\Keil_v5\ARM\ARMCC\Bin
C Compiler:      Armcc.exe V5.06 (build 20)
Assembler:       Armasm.exe V5.06 (build 20)
Linker/Locator:  ArmLink.exe V5.06 (build 20)
Library Manager: ArmAr.exe V5.06 (build 20)
Hex Converter:   FromElf.exe V5.06 (build 20)
CPU DLL:         
Dialog DLL:      
Target DLL:      Segger\JL2CM3.dll V2.99.15.2
Dialog DLL:      TARMCM1.DLL V1.9.0.0
 
<h2>Project:</h2>
\\psf\Home\Downloads\arm5-2\blinky_blank_pca10028.uvprojx
Project File Date:  10/26/2015

<h2>Output:</h2>
*** Using Compiler 'V5.06 (build 20)', folder: 'C:\Keil_v5\ARM\ARMCC\Bin'
Rebuild target 'nrf51422_xxac'
compiling Test.c...
..\..\Documents\lid-button\Code\arm5\Test.c(204): warning:  #1-D: last line of file ends without a newline
  }
..\..\Documents\lid-button\Code\arm5\Test.c: 1 warning, 0 errors
compiling SEGGER_RTT.c...
compiling SEGGER_RTT_printf.c...
C:\Keil_v5\ARM\Pack\NordicSemiconductor\RTT\SEGGER_RTT_printf.c(300): warning:  #111-D: statement is unreachable
          default:  goto FilterFieldWidth;                   break;
C:\Keil_v5\ARM\Pack\NordicSemiconductor\RTT\SEGGER_RTT_printf.c: 1 warning, 0 errors
compiling RTT_Syscalls_KEIL.c...
assembling arm_startup_nrf51.s...
compiling system_nrf51.c...
compiling nrf_drv_common.c...
compiling nrf_drv_gpiote.c...
compiling nrf_delay.c...
compiling nrf_drv_ppi.c...
compiling nrf_drv_timer.c...
compiling app_uart.c...
compiling nrf_soc.c...
compiling app_error.c...
compiling app_pwm.c...
compiling app_timer.c...
compiling app_util_platform.c...
compiling nrf_assert.c...
linking...
Program Size: Code=8656 RO-data=360 RW-data=212 ZI-data=5396  
FromELF: creating hex file...
".\_build\nrf51422_xxac.axf" - 0 Error(s), 2 Warning(s).

<h2>Software Packages used:</h2>

Package Vendor: ARM
                http://www.keil.com/pack/ARM.CMSIS.4.4.0.pack
                ARM::CMSIS:CORE:4.2.0
                CMSIS (Cortex Microcontroller Software Interface Standard)
   * Component: CORE Version: 4.2.0

Package Vendor: NordicSemiconductor
                http://developer.nordicsemi.com/nRF51_SDK/pieces/nRF_DeviceFamilyPack/NordicSemiconductor.nRF_DeviceFamilyPack.8.0.3.pack
                NordicSemiconductor::Device:Startup:8.0.3
                Nordic Semiconductor nRF ARM devices Device Family Pack.
   * Component: Startup Version: 8.0.3

Package Vendor: NordicSemiconductor
                http://developer.nordicsemi.com/nRF51_SDK/pieces/nRF_Drivers/NordicSemiconductor.nRF_Drivers.3.0.1.pack
                NordicSemiconductor::nRF_Drivers:nrf_delay:3.0.1
                Drivers for Nordic Semiconductor nRF family.
   * Component: nrf_delay Version: 3.0.1
   * Component: nrf_gpio Version: 3.0.1
   * Component: nrf_ppi Version: 3.0.1
   * Component: nrf_gpiote Version: 3.0.1
   * Component: nrf_error Variant: No_softdevice Version: 3.0.1
   * Component: nrf_timer Version: 3.0.1
   * Component: nrf_drv_timer Version: 3.0.1
   * Component: nrf_soc Variant: No_softdevice Version: 3.0.1
   * Component: nrf_drv_gpiote Version: 3.0.1
   * Component: nrf_drv_common Version: 3.0.1
   * Component: nrf_drv_ppi Version: 3.0.1
   * Component: app_uart Variant: default Version: 3.0.1

Package Vendor: NordicSemiconductor
                http://developer.nordicsemi.com/nRF51_SDK/pieces/nRF_Examples/NordicSemiconductor.nRF_Examples.9.0.0.pack
                NordicSemiconductor::Board Support:bsp:Defines:9.0.0
                Examples and BSP for Nordic Semiconductor nRF family.
   * Component: bsp Variant: Defines Version: 9.0.0

Package Vendor: NordicSemiconductor
                http://developer.nordicsemi.com/nRF51_SDK/pieces/nRF_Libraries/NordicSemiconductor.nRF_Libraries.3.0.1.pack
                NordicSemiconductor::nRF_Libraries:app_error:3.0.1
                Software modules for Nordic Semiconductor nRF family.
   * Component: app_error Version: 3.0.1
   * Component: app_pwm Version: 3.0.1
   * Component: nrf_assert Version: 3.0.1
   * Component: nordic_common Version: 3.0.1
   * Component: app_timer Variant: default Version: 3.0.1
   * Component: app_util Variant: No_softdevice Version: 3.0.1

<h2>Collection of Component include folders:</h2>
  \\psf\Home\Downloads\arm5-2\RTE
  \\psf\Home\Downloads\arm5-2\RTE\nRF_Drivers\nRF51422_xxAC
  \\psf\Home\Downloads\arm5-2\RTE\nRF_Libraries\nRF51422_xxAC
  C:\Keil_v5\ARM\PACK\ARM\CMSIS\4.4.0\CMSIS\Include
  C:\Keil_v5\ARM\PACK\NordicSemiconductor\nRF_DeviceFamilyPack\8.0.3\Device\Include
  C:\Keil_v5\ARM\PACK\NordicSemiconductor\nRF_Drivers\3.0.1\common
  C:\Keil_v5\ARM\PACK\NordicSemiconductor\nRF_Drivers\3.0.1\config
  C:\Keil_v5\ARM\PACK\NordicSemiconductor\nRF_Drivers\3.0.1\gpiote
  C:\Keil_v5\ARM\PACK\NordicSemiconductor\nRF_Drivers\3.0.1\hal
  C:\Keil_v5\ARM\PACK\NordicSemiconductor\nRF_Drivers\3.0.1\nrf_soc_nosd
  C:\Keil_v5\ARM\PACK\NordicSemiconductor\nRF_Drivers\3.0.1\ppi
  C:\Keil_v5\ARM\PACK\NordicSemiconductor\nRF_Drivers\3.0.1\timer
  C:\Keil_v5\ARM\PACK\NordicSemiconductor\nRF_Drivers\3.0.1\uart
  C:\Keil_v5\ARM\PACK\NordicSemiconductor\nRF_Examples\9.0.0\bsp
  C:\Keil_v5\ARM\PACK\NordicSemiconductor\nRF_Libraries\3.0.1\pwm
  C:\Keil_v5\ARM\PACK\NordicSemiconductor\nRF_Libraries\3.0.1\timer
  C:\Keil_v5\ARM\PACK\NordicSemiconductor\nRF_Libraries\3.0.1\util

<h2>Collection of Component Files used:</h2>

   * Component: ARM::CMSIS:CORE:4.2.0

   * Component: NordicSemiconductor::Device:Startup:8.0.3
      Source file:   Device\Source\arm\arm_startup_nrf51.s
      Source file:   Device\Source\system_nrf51.c
      Include file:  Device\Include\system_nrf51.h

   * Component: NordicSemiconductor::nRF_Drivers:nrf_delay:3.0.1
      Source file:   hal\nrf_delay.c
      Include file:  hal\nrf_delay.h

   * Component: NordicSemiconductor::nRF_Drivers:nrf_gpio:3.0.1
      Include file:  hal\nrf_gpio.h

   * Component: NordicSemiconductor::nRF_Drivers:nrf_ppi:3.0.1
      Include file:  hal\nrf_ppi.h

   * Component: NordicSemiconductor::nRF_Drivers:nrf_gpiote:3.0.1
      Include file:  hal\nrf_gpiote.h

   * Component: NordicSemiconductor::nRF_Drivers:nrf_error:No_softdevice:3.0.1

   * Component: NordicSemiconductor::nRF_Drivers:nrf_timer:3.0.1
      Include file:  hal\nrf_timer.h

   * Component: NordicSemiconductor::nRF_Drivers:nrf_drv_timer:3.0.1
      Source file:   timer\nrf_drv_timer.c
      Include file:  timer\nrf_drv_timer.h
      Include file:  config\nrf_drv_config.h

   * Component: NordicSemiconductor::nRF_Drivers:nrf_soc:No_softdevice:3.0.1
      Source file:   nrf_soc_nosd\nrf_soc.c

   * Component: NordicSemiconductor::nRF_Drivers:nrf_drv_gpiote:3.0.1
      Source file:   gpiote\nrf_drv_gpiote.c
      Include file:  gpiote\nrf_drv_gpiote.h
      Include file:  config\nrf_drv_config.h

   * Component: NordicSemiconductor::nRF_Drivers:nrf_drv_common:3.0.1
      Source file:   common\nrf_drv_common.c
      Include file:  common\nrf_drv_common.h

   * Component: NordicSemiconductor::nRF_Drivers:nrf_drv_ppi:3.0.1
      Source file:   ppi\nrf_drv_ppi.c
      Include file:  ppi\nrf_drv_ppi.h

   * Component: NordicSemiconductor::nRF_Drivers:app_uart:default:3.0.1
      Source file:   uart\app_uart.c
      Include file:  uart\app_uart.h

   * Component: NordicSemiconductor::Board Support:bsp:Defines:9.0.0

   * Component: NordicSemiconductor::nRF_Libraries:app_error:3.0.1
      Source file:   util\app_error.c
      Include file:  util\app_error.h

   * Component: NordicSemiconductor::nRF_Libraries:app_pwm:3.0.1
      Source file:   pwm\app_pwm.c
      Include file:  pwm\app_pwm.h

   * Component: NordicSemiconductor::nRF_Libraries:nrf_assert:3.0.1
      Source file:   util\nrf_assert.c
      Include file:  util\nrf_assert.h

   * Component: NordicSemiconductor::nRF_Libraries:nordic_common:3.0.1

   * Component: NordicSemiconductor::nRF_Libraries:app_timer:default:3.0.1
      Source file:   timer\app_timer.c
      Include file:  timer\app_timer.h

   * Component: NordicSemiconductor::nRF_Libraries:app_util:No_softdevice:3.0.1
      Source file:   util\app_util_platform.c
Build Time Elapsed:  00:00:08
</pre>
</body>
</html>
